Archive member included to satisfy reference by file (symbol)

/home/lmi/workspace/se12/bbb/source/libbbb.a(crt0.o)
                              (_start)
/home/lmi/workspace/se12/bbb/source/libbbb.a(bbb_syscall.o)
                              /home/lmi/workspace/se12/bbb/source/libbbb.a(crt0.o) (_init)
/home/lmi/workspace/se12/bbb/source/libbbb.a(am335x_clock.o)
                              /home/lmi/workspace/se12/bbb/source/libbbb.a(bbb_syscall.o) (am335x_clock_enable_l3_l4wkup)
/home/lmi/workspace/se12/bbb/source/libbbb.a(am335x_uart.o)
                              /home/lmi/workspace/se12/bbb/source/libbbb.a(bbb_syscall.o) (am335x_uart_init)
/home/lmi/workspace/se12/bbb/source/libbbb.a(am335x_mux.o)
                              /home/lmi/workspace/se12/bbb/source/libbbb.a(am335x_uart.o) (am335x_mux_setup_uart_pins)
/usr/lib/gcc/arm-none-eabi/5.2.0/libgcc.a(_udivsi3.o)
                              /home/lmi/workspace/se12/bbb/source/libbbb.a(am335x_uart.o) (__aeabi_uidiv)
/usr/lib/gcc/arm-none-eabi/5.2.0/libgcc.a(_dvmd_tls.o)
                              /usr/lib/gcc/arm-none-eabi/5.2.0/libgcc.a(_udivsi3.o) (__aeabi_idiv0)

Memory Configuration

Name             Origin             Length             Attributes
SRAM             0x00000000402f0400 0x000000000000fc00
L3OCMC0          0x0000000040300000 0x0000000000010000
M3SHUMEM         0x0000000044d00000 0x0000000000004000
M3SHDMEM         0x0000000044d80000 0x0000000000002000
DDR0             0x0000000080000000 0x0000000020000000
*default*        0x0000000000000000 0xffffffffffffffff

Linker script and memory map

LOAD .obj/bbb/main.o
START GROUP
LOAD /home/lmi/workspace/se12/bbb/source/libbbb.a
LOAD /usr/arm-none-eabi/lib//libc.a
LOAD /usr/lib/gcc/arm-none-eabi/5.2.0/libgcc.a
LOAD /usr/arm-none-eabi/lib//libm.a
END GROUP

.text           0x0000000080000000     0x2888
                0x0000000080001000                . = (. + 0x1000)
 *fill*         0x0000000080000000     0x1000 
 *(.text_startup)
 .text_startup  0x0000000080001000      0x120 /home/lmi/workspace/se12/bbb/source/libbbb.a(crt0.o)
                0x0000000080001000                _start
 *(.text*)
 .text          0x0000000080001120       0x40 .obj/bbb/main.o
                0x0000000080001120                main
 .text          0x0000000080001160        0x0 /home/lmi/workspace/se12/bbb/source/libbbb.a(crt0.o)
 .text          0x0000000080001160      0x300 /home/lmi/workspace/se12/bbb/source/libbbb.a(bbb_syscall.o)
                0x00000000800011f4                _read
                0x0000000080001230                _write
                0x0000000080001298                _lseek
                0x00000000800012c4                _isatty
                0x00000000800012e8                _fstat
                0x000000008000131c                _close
                0x0000000080001340                _sbrk
                0x00000000800013e8                _exit
                0x00000000800013fc                _init
                0x0000000080001414                _fini
                0x000000008000142c                _getpid
                0x0000000080001448                _kill
 .text          0x0000000080001460      0xac0 /home/lmi/workspace/se12/bbb/source/libbbb.a(am335x_clock.o)
                0x00000000800015bc                am335x_clock_enable_l3_l4wkup
                0x0000000080001728                am335x_clock_enable_uart_module
                0x00000000800017e8                am335x_clock_enable_gpio_module
                0x0000000080001920                am335x_clock_enable_i2c_module
                0x00000000800019cc                am335x_clock_enable_spi_module
                0x0000000080001a3c                am335x_clock_enable_timer_module
                0x0000000080001ba4                am335x_clock_enable_mmc_module
                0x0000000080001c8c                am335x_clock_enable_edma_module
                0x0000000080001ea4                am335x_clock_enable_cpsw_module
 .text          0x0000000080001f20      0x390 /home/lmi/workspace/se12/bbb/source/libbbb.a(am335x_uart.o)
                0x0000000080001f20                am335x_uart_init
                0x00000000800020e4                am335x_uart_set_baudrate
                0x00000000800021a4                am335x_uart_tstc
                0x00000000800021f8                am335x_uart_read
                0x0000000080002250                am335x_uart_write
 .text          0x00000000800022b0      0x4c0 /home/lmi/workspace/se12/bbb/source/libbbb.a(am335x_mux.o)
                0x0000000080002324                am335x_mux_setup_uart_pins
                0x0000000080002388                am335x_mux_setup_i2c_pins
                0x00000000800023ec                am335x_mux_setup_spi_pins
                0x0000000080002480                am335x_mux_setup_gpio_pin
                0x0000000080002550                am335x_mux_setup_mmc_pins
                0x0000000080002630                am335x_mux_setup_cpsw_pins
 .text          0x0000000080002770      0x114 /usr/lib/gcc/arm-none-eabi/5.2.0/libgcc.a(_udivsi3.o)
                0x0000000080002770                __udivsi3
                0x0000000080002770                __aeabi_uidiv
                0x0000000080002864                __aeabi_uidivmod
 .text          0x0000000080002884        0x4 /usr/lib/gcc/arm-none-eabi/5.2.0/libgcc.a(_dvmd_tls.o)
                0x0000000080002884                __aeabi_ldiv0
                0x0000000080002884                __aeabi_idiv0

.glue_7         0x0000000080002888        0x0
 .glue_7        0x0000000080002888        0x0 linker stubs

.glue_7t        0x0000000080002888        0x0
 .glue_7t       0x0000000080002888        0x0 linker stubs

.vfp11_veneer   0x0000000080002888        0x0
 .vfp11_veneer  0x0000000080002888        0x0 linker stubs

.v4_bx          0x0000000080002888        0x0
 .v4_bx         0x0000000080002888        0x0 linker stubs

.iplt           0x0000000080002888        0x0
 .iplt          0x0000000080002888        0x0 .obj/bbb/main.o

.rodata         0x0000000080002888     0x1328
                0x0000000080002900                . = ALIGN (0x100)
 *fill*         0x0000000080002888       0x78 
 *(.rodata*)
 .rodata        0x0000000080002900       0xdb .obj/bbb/main.o
 *fill*         0x00000000800029db        0x1 
 .rodata        0x00000000800029dc       0x10 /home/lmi/workspace/se12/bbb/source/libbbb.a(am335x_uart.o)
 .rodata        0x00000000800029ec     0x11c4 /home/lmi/workspace/se12/bbb/source/libbbb.a(am335x_mux.o)

.rel.dyn        0x0000000080003bb0        0x0
 .rel.iplt      0x0000000080003bb0        0x0 .obj/bbb/main.o

.data           0x0000000080003c00      0x124
                0x0000000080003c00                . = ALIGN (0x100)
 *(.data*)
 .data          0x0000000080003c00      0x100 .obj/bbb/main.o
                0x0000000080003c00                res
                0x0000000080003c04                incr
 .data          0x0000000080003d00        0x0 /home/lmi/workspace/se12/bbb/source/libbbb.a(crt0.o)
 .data          0x0000000080003d00        0x0 /home/lmi/workspace/se12/bbb/source/libbbb.a(bbb_syscall.o)
 .data          0x0000000080003d00        0xc /home/lmi/workspace/se12/bbb/source/libbbb.a(am335x_clock.o)
 .data          0x0000000080003d0c       0x18 /home/lmi/workspace/se12/bbb/source/libbbb.a(am335x_uart.o)
 .data          0x0000000080003d24        0x0 /home/lmi/workspace/se12/bbb/source/libbbb.a(am335x_mux.o)
 .data          0x0000000080003d24        0x0 /usr/lib/gcc/arm-none-eabi/5.2.0/libgcc.a(_udivsi3.o)
 .data          0x0000000080003d24        0x0 /usr/lib/gcc/arm-none-eabi/5.2.0/libgcc.a(_dvmd_tls.o)

.igot.plt       0x0000000080003d24        0x0
 .igot.plt      0x0000000080003d24        0x0 .obj/bbb/main.o
                0x0000000080003e00                . = ALIGN (0x100)
                0x0000000080003e00                __exidx_start = .

.ARM.exidx
 *(.ARM.exidx* .gnu.linkonce.armexidx.*)
                0x0000000080003e00                __exidx_end = .

.bss            0x0000000080003e00     0x1100
                0x0000000080003e00                . = ALIGN (0x100)
                0x0000000080003e00                __bss_start__ = .
 *(.bss*)
 .bss           0x0000000080003e00        0x0 .obj/bbb/main.o
 .bss           0x0000000080003e00     0x1000 /home/lmi/workspace/se12/bbb/source/libbbb.a(crt0.o)
 .bss           0x0000000080004e00        0x4 /home/lmi/workspace/se12/bbb/source/libbbb.a(bbb_syscall.o)
 .bss           0x0000000080004e04        0x0 /home/lmi/workspace/se12/bbb/source/libbbb.a(am335x_clock.o)
 .bss           0x0000000080004e04        0x0 /home/lmi/workspace/se12/bbb/source/libbbb.a(am335x_uart.o)
 .bss           0x0000000080004e04        0x0 /home/lmi/workspace/se12/bbb/source/libbbb.a(am335x_mux.o)
 .bss           0x0000000080004e04        0x0 /usr/lib/gcc/arm-none-eabi/5.2.0/libgcc.a(_udivsi3.o)
 .bss           0x0000000080004e04        0x0 /usr/lib/gcc/arm-none-eabi/5.2.0/libgcc.a(_dvmd_tls.o)
 *(COMMON)
                0x0000000080004f00                . = ALIGN (0x100)
 *fill*         0x0000000080004e04       0xfc 
                0x0000000080004f00                __bss_end__ = .
                0x0000000080004f00                _end = ALIGN (0x100)
                0x000000009ff80000                _stack_bottom = ((ORIGIN (DDR0) + 0x20000000) - 0x80000)
                0x00000000a0000000                __c_stack_top__ = (ORIGIN (DDR0) + 0x20000000)
OUTPUT(app_a elf32-littlearm)

.ARM.attributes
                0x0000000000000000       0x35
 .ARM.attributes
                0x0000000000000000       0x25 .obj/bbb/main.o
 .ARM.attributes
                0x0000000000000025       0x27 /home/lmi/workspace/se12/bbb/source/libbbb.a(crt0.o)
 .ARM.attributes
                0x000000000000004c       0x37 /home/lmi/workspace/se12/bbb/source/libbbb.a(bbb_syscall.o)
 .ARM.attributes
                0x0000000000000083       0x37 /home/lmi/workspace/se12/bbb/source/libbbb.a(am335x_clock.o)
 .ARM.attributes
                0x00000000000000ba       0x37 /home/lmi/workspace/se12/bbb/source/libbbb.a(am335x_uart.o)
 .ARM.attributes
                0x00000000000000f1       0x37 /home/lmi/workspace/se12/bbb/source/libbbb.a(am335x_mux.o)
 .ARM.attributes
                0x0000000000000128       0x18 /usr/lib/gcc/arm-none-eabi/5.2.0/libgcc.a(_udivsi3.o)
 .ARM.attributes
                0x0000000000000140       0x18 /usr/lib/gcc/arm-none-eabi/5.2.0/libgcc.a(_dvmd_tls.o)

.comment        0x0000000000000000       0x21
 .comment       0x0000000000000000       0x21 /home/lmi/workspace/se12/bbb/source/libbbb.a(bbb_syscall.o)
                                         0x22 (size before relaxing)
 .comment       0x0000000000000021       0x22 /home/lmi/workspace/se12/bbb/source/libbbb.a(am335x_clock.o)
 .comment       0x0000000000000021       0x22 /home/lmi/workspace/se12/bbb/source/libbbb.a(am335x_uart.o)
 .comment       0x0000000000000021       0x22 /home/lmi/workspace/se12/bbb/source/libbbb.a(am335x_mux.o)

.debug_line     0x0000000000000000      0x6a6
 .debug_line    0x0000000000000000       0x48 .obj/bbb/main.o
 .debug_line    0x0000000000000048       0x88 /home/lmi/workspace/se12/bbb/source/libbbb.a(crt0.o)
 .debug_line    0x00000000000000d0      0x101 /home/lmi/workspace/se12/bbb/source/libbbb.a(bbb_syscall.o)
 .debug_line    0x00000000000001d1      0x1bd /home/lmi/workspace/se12/bbb/source/libbbb.a(am335x_clock.o)
 .debug_line    0x000000000000038e      0x124 /home/lmi/workspace/se12/bbb/source/libbbb.a(am335x_uart.o)
 .debug_line    0x00000000000004b2      0x115 /home/lmi/workspace/se12/bbb/source/libbbb.a(am335x_mux.o)
 .debug_line    0x00000000000005c7       0x7e /usr/lib/gcc/arm-none-eabi/5.2.0/libgcc.a(_udivsi3.o)
 .debug_line    0x0000000000000645       0x61 /usr/lib/gcc/arm-none-eabi/5.2.0/libgcc.a(_dvmd_tls.o)

.debug_info     0x0000000000000000     0x1d9f
 .debug_info    0x0000000000000000       0x50 .obj/bbb/main.o
 .debug_info    0x0000000000000050       0x51 /home/lmi/workspace/se12/bbb/source/libbbb.a(crt0.o)
 .debug_info    0x00000000000000a1      0x4da /home/lmi/workspace/se12/bbb/source/libbbb.a(bbb_syscall.o)
 .debug_info    0x000000000000057b      0xb68 /home/lmi/workspace/se12/bbb/source/libbbb.a(am335x_clock.o)
 .debug_info    0x00000000000010e3      0x4a1 /home/lmi/workspace/se12/bbb/source/libbbb.a(am335x_uart.o)
 .debug_info    0x0000000000001584      0x6bd /home/lmi/workspace/se12/bbb/source/libbbb.a(am335x_mux.o)
 .debug_info    0x0000000000001c41       0xaf /usr/lib/gcc/arm-none-eabi/5.2.0/libgcc.a(_udivsi3.o)
 .debug_info    0x0000000000001cf0       0xaf /usr/lib/gcc/arm-none-eabi/5.2.0/libgcc.a(_dvmd_tls.o)

.debug_abbrev   0x0000000000000000      0x645
 .debug_abbrev  0x0000000000000000       0x14 .obj/bbb/main.o
 .debug_abbrev  0x0000000000000014       0x14 /home/lmi/workspace/se12/bbb/source/libbbb.a(crt0.o)
 .debug_abbrev  0x0000000000000028      0x1ab /home/lmi/workspace/se12/bbb/source/libbbb.a(bbb_syscall.o)
 .debug_abbrev  0x00000000000001d3      0x16b /home/lmi/workspace/se12/bbb/source/libbbb.a(am335x_clock.o)
 .debug_abbrev  0x000000000000033e      0x16b /home/lmi/workspace/se12/bbb/source/libbbb.a(am335x_uart.o)
 .debug_abbrev  0x00000000000004a9      0x174 /home/lmi/workspace/se12/bbb/source/libbbb.a(am335x_mux.o)
 .debug_abbrev  0x000000000000061d       0x14 /usr/lib/gcc/arm-none-eabi/5.2.0/libgcc.a(_udivsi3.o)
 .debug_abbrev  0x0000000000000631       0x14 /usr/lib/gcc/arm-none-eabi/5.2.0/libgcc.a(_dvmd_tls.o)

.debug_aranges  0x0000000000000000      0x100
 .debug_aranges
                0x0000000000000000       0x20 .obj/bbb/main.o
 .debug_aranges
                0x0000000000000020       0x20 /home/lmi/workspace/se12/bbb/source/libbbb.a(crt0.o)
 .debug_aranges
                0x0000000000000040       0x20 /home/lmi/workspace/se12/bbb/source/libbbb.a(bbb_syscall.o)
 .debug_aranges
                0x0000000000000060       0x20 /home/lmi/workspace/se12/bbb/source/libbbb.a(am335x_clock.o)
 .debug_aranges
                0x0000000000000080       0x20 /home/lmi/workspace/se12/bbb/source/libbbb.a(am335x_uart.o)
 .debug_aranges
                0x00000000000000a0       0x20 /home/lmi/workspace/se12/bbb/source/libbbb.a(am335x_mux.o)
 .debug_aranges
                0x00000000000000c0       0x20 /usr/lib/gcc/arm-none-eabi/5.2.0/libgcc.a(_udivsi3.o)
 .debug_aranges
                0x00000000000000e0       0x20 /usr/lib/gcc/arm-none-eabi/5.2.0/libgcc.a(_dvmd_tls.o)

.debug_str      0x0000000000000000     0x156a
 .debug_str     0x0000000000000000      0x2ab /home/lmi/workspace/se12/bbb/source/libbbb.a(bbb_syscall.o)
                                        0x322 (size before relaxing)
 .debug_str     0x00000000000002ab      0xd40 /home/lmi/workspace/se12/bbb/source/libbbb.a(am335x_clock.o)
                                        0xe63 (size before relaxing)
 .debug_str     0x0000000000000feb      0x1d4 /home/lmi/workspace/se12/bbb/source/libbbb.a(am335x_uart.o)
                                        0x3dd (size before relaxing)
 .debug_str     0x00000000000011bf      0x3ab /home/lmi/workspace/se12/bbb/source/libbbb.a(am335x_mux.o)
                                        0x54e (size before relaxing)

.debug_frame    0x0000000000000000      0x560
 .debug_frame   0x0000000000000000      0x1d4 /home/lmi/workspace/se12/bbb/source/libbbb.a(bbb_syscall.o)
 .debug_frame   0x00000000000001d4      0x1cc /home/lmi/workspace/se12/bbb/source/libbbb.a(am335x_clock.o)
 .debug_frame   0x00000000000003a0       0xb0 /home/lmi/workspace/se12/bbb/source/libbbb.a(am335x_uart.o)
 .debug_frame   0x0000000000000450       0xf0 /home/lmi/workspace/se12/bbb/source/libbbb.a(am335x_mux.o)
 .debug_frame   0x0000000000000540       0x20 /usr/lib/gcc/arm-none-eabi/5.2.0/libgcc.a(_udivsi3.o)
