Archive member included to satisfy reference by file (symbol)

/usr/lib/gcc/arm-none-eabi/5.2.0/../../../../arm-none-eabi/lib/armv7-m/libg.a(lib_a-atexit.o)
                              /usr/lib/gcc/arm-none-eabi/5.2.0/../../../../arm-none-eabi/lib/armv7-m/crt0.o (atexit)
/usr/lib/gcc/arm-none-eabi/5.2.0/../../../../arm-none-eabi/lib/armv7-m/libg.a(lib_a-exit.o)
                              /usr/lib/gcc/arm-none-eabi/5.2.0/../../../../arm-none-eabi/lib/armv7-m/crt0.o (exit)
/usr/lib/gcc/arm-none-eabi/5.2.0/../../../../arm-none-eabi/lib/armv7-m/libg.a(lib_a-fini.o)
                              /usr/lib/gcc/arm-none-eabi/5.2.0/../../../../arm-none-eabi/lib/armv7-m/crt0.o (__libc_fini_array)
/usr/lib/gcc/arm-none-eabi/5.2.0/../../../../arm-none-eabi/lib/armv7-m/libg.a(lib_a-impure.o)
                              /usr/lib/gcc/arm-none-eabi/5.2.0/../../../../arm-none-eabi/lib/armv7-m/libg.a(lib_a-exit.o) (_global_impure_ptr)
/usr/lib/gcc/arm-none-eabi/5.2.0/../../../../arm-none-eabi/lib/armv7-m/libg.a(lib_a-init.o)
                              /usr/lib/gcc/arm-none-eabi/5.2.0/../../../../arm-none-eabi/lib/armv7-m/crt0.o (__libc_init_array)
/usr/lib/gcc/arm-none-eabi/5.2.0/../../../../arm-none-eabi/lib/armv7-m/libg.a(lib_a-memset.o)
                              /usr/lib/gcc/arm-none-eabi/5.2.0/../../../../arm-none-eabi/lib/armv7-m/crt0.o (memset)
/usr/lib/gcc/arm-none-eabi/5.2.0/../../../../arm-none-eabi/lib/armv7-m/libg.a(lib_a-printf.o)
                              ./main.o (printf)
/usr/lib/gcc/arm-none-eabi/5.2.0/../../../../arm-none-eabi/lib/armv7-m/libg.a(lib_a-puts.o)
                              ./main.o (puts)
/usr/lib/gcc/arm-none-eabi/5.2.0/../../../../arm-none-eabi/lib/armv7-m/libg.a(lib_a-strlen.o)
                              /usr/lib/gcc/arm-none-eabi/5.2.0/../../../../arm-none-eabi/lib/armv7-m/libg.a(lib_a-puts.o) (strlen)
/usr/lib/gcc/arm-none-eabi/5.2.0/../../../../arm-none-eabi/lib/armv7-m/libg.a(lib_a-vfprintf.o)
                              /usr/lib/gcc/arm-none-eabi/5.2.0/../../../../arm-none-eabi/lib/armv7-m/libg.a(lib_a-printf.o) (_vfprintf_r)
/usr/lib/gcc/arm-none-eabi/5.2.0/../../../../arm-none-eabi/lib/armv7-m/libg.a(lib_a-wsetup.o)
                              /usr/lib/gcc/arm-none-eabi/5.2.0/../../../../arm-none-eabi/lib/armv7-m/libg.a(lib_a-vfprintf.o) (__swsetup_r)
/usr/lib/gcc/arm-none-eabi/5.2.0/../../../../arm-none-eabi/lib/armv7-m/libg.a(lib_a-__atexit.o)
                              /usr/lib/gcc/arm-none-eabi/5.2.0/../../../../arm-none-eabi/lib/armv7-m/libg.a(lib_a-atexit.o) (__register_exitproc)
/usr/lib/gcc/arm-none-eabi/5.2.0/../../../../arm-none-eabi/lib/armv7-m/libg.a(lib_a-__call_atexit.o)
                              /usr/lib/gcc/arm-none-eabi/5.2.0/../../../../arm-none-eabi/lib/armv7-m/libg.a(lib_a-exit.o) (__call_exitprocs)
/usr/lib/gcc/arm-none-eabi/5.2.0/../../../../arm-none-eabi/lib/armv7-m/libg.a(lib_a-dtoa.o)
                              /usr/lib/gcc/arm-none-eabi/5.2.0/../../../../arm-none-eabi/lib/armv7-m/libg.a(lib_a-vfprintf.o) (_dtoa_r)
/usr/lib/gcc/arm-none-eabi/5.2.0/../../../../arm-none-eabi/lib/armv7-m/libg.a(lib_a-fflush.o)
                              /usr/lib/gcc/arm-none-eabi/5.2.0/../../../../arm-none-eabi/lib/armv7-m/libg.a(lib_a-vfprintf.o) (_fflush_r)
/usr/lib/gcc/arm-none-eabi/5.2.0/../../../../arm-none-eabi/lib/armv7-m/libg.a(lib_a-findfp.o)
                              /usr/lib/gcc/arm-none-eabi/5.2.0/../../../../arm-none-eabi/lib/armv7-m/libg.a(lib_a-vfprintf.o) (__sinit)
/usr/lib/gcc/arm-none-eabi/5.2.0/../../../../arm-none-eabi/lib/armv7-m/libg.a(lib_a-freer.o)
                              /usr/lib/gcc/arm-none-eabi/5.2.0/../../../../arm-none-eabi/lib/armv7-m/libg.a(lib_a-wsetup.o) (_free_r)
/usr/lib/gcc/arm-none-eabi/5.2.0/../../../../arm-none-eabi/lib/armv7-m/libg.a(lib_a-fvwrite.o)
                              /usr/lib/gcc/arm-none-eabi/5.2.0/../../../../arm-none-eabi/lib/armv7-m/libg.a(lib_a-puts.o) (__sfvwrite_r)
/usr/lib/gcc/arm-none-eabi/5.2.0/../../../../arm-none-eabi/lib/armv7-m/libg.a(lib_a-fwalk.o)
                              /usr/lib/gcc/arm-none-eabi/5.2.0/../../../../arm-none-eabi/lib/armv7-m/libg.a(lib_a-findfp.o) (_fwalk)
/usr/lib/gcc/arm-none-eabi/5.2.0/../../../../arm-none-eabi/lib/armv7-m/libg.a(lib_a-locale.o)
                              /usr/lib/gcc/arm-none-eabi/5.2.0/../../../../arm-none-eabi/lib/armv7-m/libg.a(lib_a-vfprintf.o) (_localeconv_r)
/usr/lib/gcc/arm-none-eabi/5.2.0/../../../../arm-none-eabi/lib/armv7-m/libg.a(lib_a-makebuf.o)
                              /usr/lib/gcc/arm-none-eabi/5.2.0/../../../../arm-none-eabi/lib/armv7-m/libg.a(lib_a-wsetup.o) (__smakebuf_r)
/usr/lib/gcc/arm-none-eabi/5.2.0/../../../../arm-none-eabi/lib/armv7-m/libg.a(lib_a-mallocr.o)
                              /usr/lib/gcc/arm-none-eabi/5.2.0/../../../../arm-none-eabi/lib/armv7-m/libg.a(lib_a-findfp.o) (_malloc_r)
/usr/lib/gcc/arm-none-eabi/5.2.0/../../../../arm-none-eabi/lib/armv7-m/libg.a(lib_a-memchr.o)
[...]
Memory Configuration

Name             Origin             Length             Attributes
*default*        0x0000000000000000 0xffffffffffffffff

Linker script and memory map

LOAD /usr/lib/gcc/arm-none-eabi/5.2.0/armv7-m/crti.o
LOAD /usr/lib/gcc/arm-none-eabi/5.2.0/armv7-m/crtbegin.o
LOAD /usr/lib/gcc/arm-none-eabi/5.2.0/../../../../arm-none-eabi/lib/armv7-m/crt0.o
LOAD ./main.o
LOAD ./seg7.o
LOAD ./wheel.o
START GROUP
LOAD /usr/lib/gcc/arm-none-eabi/5.2.0/armv7-m/libgcc.a
LOAD /usr/lib/gcc/arm-none-eabi/5.2.0/../../../../arm-none-eabi/lib/armv7-m/libg.a
LOAD /usr/lib/gcc/arm-none-eabi/5.2.0/../../../../arm-none-eabi/lib/armv7-m/libc.a
END GROUP
LOAD /usr/lib/gcc/arm-none-eabi/5.2.0/armv7-m/crtend.o
LOAD /usr/lib/gcc/arm-none-eabi/5.2.0/armv7-m/crtn.o
                0x0000000000008000                PROVIDE (__executable_start, 0x8000)
                0x0000000000008000                . = 0x8000

.interp
 *(.interp)

.note.gnu.build-id
 *(.note.gnu.build-id)

.hash
 *(.hash)

.gnu.hash
 *(.gnu.hash)

.dynsym
 *(.dynsym)

.dynstr
 *(.dynstr)

.gnu.version
 *(.gnu.version)

.gnu.version_d
 *(.gnu.version_d)

.gnu.version_r
 *(.gnu.version_r)

.rel.dyn        0x0000000000008000        0x0
 *(.rel.init)
 *(.rel.text .rel.text.* .rel.gnu.linkonce.t.*)
 *(.rel.fini)
 *(.rel.rodata .rel.rodata.* .rel.gnu.linkonce.r.*)
 *(.rel.data.rel.ro .rel.data.rel.ro.* .rel.gnu.linkonce.d.rel.ro.*)
 *(.rel.data .rel.data.* .rel.gnu.linkonce.d.*)
 *(.rel.tdata .rel.tdata.* .rel.gnu.linkonce.td.*)
 *(.rel.tbss .rel.tbss.* .rel.gnu.linkonce.tb.*)
 *(.rel.ctors)
 *(.rel.dtors)
 *(.rel.got)
 *(.rel.bss .rel.bss.* .rel.gnu.linkonce.b.*)
                0x0000000000008000                PROVIDE (__rel_iplt_start, .)
 *(.rel.iplt)
 .rel.iplt      0x0000000000008000        0x0 /usr/lib/gcc/arm-none-eabi/5.2.0/armv7-m/crtbegin.o
                0x0000000000008000                PROVIDE (__rel_iplt_end, .)

.rela.dyn       0x0000000000008000        0x0
 *(.rela.init)
 *(.rela.text .rela.text.* .rela.gnu.linkonce.t.*)
 *(.rela.fini)
 *(.rela.rodata .rela.rodata.* .rela.gnu.linkonce.r.*)
 *(.rela.data .rela.data.* .rela.gnu.linkonce.d.*)
 *(.rela.tdata .rela.tdata.* .rela.gnu.linkonce.td.*)
 *(.rela.tbss .rela.tbss.* .rela.gnu.linkonce.tb.*)
 *(.rela.ctors)
 *(.rela.dtors)
 *(.rela.got)
 *(.rela.bss .rela.bss.* .rela.gnu.linkonce.b.*)
                0x0000000000008000                PROVIDE (__rela_iplt_start, .)
 *(.rela.iplt)
                0x0000000000008000                PROVIDE (__rela_iplt_end, .)

.rel.plt
 *(.rel.plt)

.rela.plt
 *(.rela.plt)

.init           0x0000000000008000        0xc
 *(SORT(.init))
 .init          0x0000000000008000        0x4 /usr/lib/gcc/arm-none-eabi/5.2.0/armv7-m/crti.o
                0x0000000000008000                _init
 .init          0x0000000000008004        0x8 /usr/lib/gcc/arm-none-eabi/5.2.0/armv7-m/crtn.o

.plt
 *(.plt)

.iplt           0x000000000000800c        0x0
 *(.iplt)
 .iplt          0x000000000000800c        0x0 /usr/lib/gcc/arm-none-eabi/5.2.0/armv7-m/crtbegin.o

.text           0x0000000000008010     0x5b80
 *(.text.unlikely .text.*_unlikely .text.unlikely.*)
 *(.text.exit .text.exit.*)
 .text.exit     0x0000000000008010       0x20 /usr/lib/gcc/arm-none-eabi/5.2.0/../../../../arm-none-eabi/lib/armv7-m/libg.a(lib_a-exit.o)
                0x0000000000008010                exit
 *(.text.startup .text.startup.*)
 *(.text.hot .text.hot.*)
 *(.text .stub .text.* .gnu.linkonce.t.*)
 .text          0x0000000000008030       0x5c /usr/lib/gcc/arm-none-eabi/5.2.0/armv7-m/crtbegin.o
 .text          0x000000000000808c       0x68 /usr/lib/gcc/arm-none-eabi/5.2.0/../../../../arm-none-eabi/lib/armv7-m/crt0.o
                0x000000000000808c                _mainCRTStartup
                0x000000000000808c                _start
 .text.main     0x00000000000080f4       0x9c ./main.o
                0x00000000000080f4                main
 .text.seg7_init
                0x0000000000008190       0x74 ./seg7.o
                0x0000000000008190                seg7_init
 .text.seg7_display
                0x0000000000008204      0x128 ./seg7.o
                0x0000000000008204                seg7_display
 .text.wheel_init
                0x000000000000832c       0x40 ./wheel.o
                0x000000000000832c                wheel_init
 .text.wheel_get_state
                0x000000000000836c       0x9c ./wheel.o
                0x000000000000836c                wheel_get_state
 .text.atexit   0x0000000000008408        0xc /usr/lib/gcc/arm-none-eabi/5.2.0/../../../../arm-none-eabi/lib/armv7-m/libg.a(lib_a-atexit.o)
                0x0000000000008408                atexit
 .text.__libc_fini_array
                0x0000000000008414       0x28 /usr/lib/gcc/arm-none-eabi/5.2.0/../../../../arm-none-eabi/lib/armv7-m/libg.a(lib_a-fini.o)
                0x0000000000008414                __libc_fini_array
 .text.__libc_init_array
                0x000000000000843c       0x50 /usr/lib/gcc/arm-none-eabi/5.2.0/../../../../arm-none-eabi/lib/armv7-m/libg.a(lib_a-init.o)
                0x000000000000843c                __libc_init_array
 .text.memset   0x000000000000848c       0x9c /usr/lib/gcc/arm-none-eabi/5.2.0/../../../../arm-none-eabi/lib/armv7-m/libg.a(lib_a-memset.o)
                0x000000000000848c                memset
 .text.printf   0x0000000000008528       0x28 /usr/lib/gcc/arm-none-eabi/5.2.0/../../../../arm-none-eabi/lib/armv7-m/libg.a(lib_a-printf.o)
                0x0000000000008528                printf
 .text._puts_r  0x0000000000008550       0x5c /usr/lib/gcc/arm-none-eabi/5.2.0/../../../../arm-none-eabi/lib/armv7-m/libg.a(lib_a-puts.o)
                0x0000000000008550                _puts_r
 .text.puts     0x00000000000085ac       0x10 /usr/lib/gcc/arm-none-eabi/5.2.0/../../../../arm-none-eabi/lib/armv7-m/libg.a(lib_a-puts.o)
                0x00000000000085ac                puts
 .text.strlen   0x00000000000085bc       0x5c /usr/lib/gcc/arm-none-eabi/5.2.0/../../../../arm-none-eabi/lib/armv7-m/libg.a(lib_a-strlen.o)
                0x00000000000085bc                strlen
 .text._vfprintf_r
                0x0000000000008618     0x1718 /usr/lib/gcc/arm-none-eabi/5.2.0/../../../../arm-none-eabi/lib/armv7-m/libg.a(lib_a-vfprintf.o)
                0x0000000000008618                _vfprintf_r
 .text.__sbprintf
                0x0000000000009d30       0x6c /usr/lib/gcc/arm-none-eabi/5.2.0/../../../../arm-none-eabi/lib/armv7-m/libg.a(lib_a-vfprintf.o)
 .text.__swsetup_r
                0x0000000000009d9c       0xc4 /usr/lib/gcc/arm-none-eabi/5.2.0/../../../../arm-none-eabi/lib/armv7-m/libg.a(lib_a-wsetup.o)
                0x0000000000009d9c                __swsetup_r
 .text.__register_exitproc
                0x0000000000009e60       0xa4 /usr/lib/gcc/arm-none-eabi/5.2.0/../../../../arm-none-eabi/lib/armv7-m/libg.a(lib_a-__atexit.o)
                0x0000000000009e60                __register_exitproc
 .text.__call_exitprocs
                0x0000000000009f04       0xd8 /usr/lib/gcc/arm-none-eabi/5.2.0/../../../../arm-none-eabi/lib/armv7-m/libg.a(lib_a-__call_atexit.o)
                0x0000000000009f04                __call_exitprocs
 .text.quorem   0x0000000000009fdc      0x12c /usr/lib/gcc/arm-none-eabi/5.2.0/../../../../arm-none-eabi/lib/armv7-m/libg.a(lib_a-dtoa.o)
 .text._dtoa_r  0x000000000000a108      0xe50 /usr/lib/gcc/arm-none-eabi/5.2.0/../../../../arm-none-eabi/lib/armv7-m/libg.a(lib_a-dtoa.o)
                0x000000000000a108                _dtoa_r
 .text.__sflush_r
                0x000000000000af58      0x148 /usr/lib/gcc/arm-none-eabi/5.2.0/../../../../arm-none-eabi/lib/armv7-m/libg.a(lib_a-fflush.o)
                0x000000000000af58                __sflush_r
 .text._fflush_r
                0x000000000000b0a0       0x2c /usr/lib/gcc/arm-none-eabi/5.2.0/../../../../arm-none-eabi/lib/armv7-m/libg.a(lib_a-fflush.o)
                0x000000000000b0a0                _fflush_r
 .text._cleanup_r
                0x000000000000b0cc        0xc /usr/lib/gcc/arm-none-eabi/5.2.0/../../../../arm-none-eabi/lib/armv7-m/libg.a(lib_a-findfp.o)
                0x000000000000b0cc                _cleanup_r
 .text.__sinit.part.1
                0x000000000000b0d8       0xf0 /usr/lib/gcc/arm-none-eabi/5.2.0/../../../../arm-none-eabi/lib/armv7-m/libg.a(lib_a-findfp.o)
 .text.__sinit  0x000000000000b1c8        0xc /usr/lib/gcc/arm-none-eabi/5.2.0/../../../../arm-none-eabi/lib/armv7-m/libg.a(lib_a-findfp.o)
                0x000000000000b1c8                __sinit
 .text.__sfp_lock_acquire
                0x000000000000b1d4        0x4 /usr/lib/gcc/arm-none-eabi/5.2.0/../../../../arm-none-eabi/lib/armv7-m/libg.a(lib_a-findfp.o)
                0x000000000000b1d4                __sfp_lock_acquire
 .text.__sfp_lock_release
                0x000000000000b1d8        0x4 /usr/lib/gcc/arm-none-eabi/5.2.0/../../../../arm-none-eabi/lib/armv7-m/libg.a(lib_a-findfp.o)
                0x000000000000b1d8                __sfp_lock_release
 .text._malloc_trim_r
                0x000000000000b1dc       0x9c /usr/lib/gcc/arm-none-eabi/5.2.0/../../../../arm-none-eabi/lib/armv7-m/libg.a(lib_a-freer.o)
                0x000000000000b1dc                _malloc_trim_r
 .text._free_r  0x000000000000b278      0x1d0 /usr/lib/gcc/arm-none-eabi/5.2.0/../../../../arm-none-eabi/lib/armv7-m/libg.a(lib_a-freer.o)
                0x000000000000b278                _free_r
 .text.__sfvwrite_r
                0x000000000000b448      0x304 /usr/lib/gcc/arm-none-eabi/5.2.0/../../../../arm-none-eabi/lib/armv7-m/libg.a(lib_a-fvwrite.o)
                0x000000000000b448                __sfvwrite_r
 .text._fwalk_reent
                0x000000000000b74c       0x50 /usr/lib/gcc/arm-none-eabi/5.2.0/../../../../arm-none-eabi/lib/armv7-m/libg.a(lib_a-fwalk.o)
                0x000000000000b74c                _fwalk_reent
 .text.__locale_charset
                0x000000000000b79c        0x8 /usr/lib/gcc/arm-none-eabi/5.2.0/../../../../arm-none-eabi/lib/armv7-m/libg.a(lib_a-locale.o)
                0x000000000000b79c                __locale_charset
 .text.__locale_mb_cur_max
                0x000000000000b7a4        0xc /usr/lib/gcc/arm-none-eabi/5.2.0/../../../../arm-none-eabi/lib/armv7-m/libg.a(lib_a-locale.o)
                0x000000000000b7a4                __locale_mb_cur_max
 .text._localeconv_r
                0x000000000000b7b0        0x8 /usr/lib/gcc/arm-none-eabi/5.2.0/../../../../arm-none-eabi/lib/armv7-m/libg.a(lib_a-locale.o)
                0x000000000000b7b0                _localeconv_r
 .text.__smakebuf_r
                0x000000000000b7b8       0xe0 /usr/lib/gcc/arm-none-eabi/5.2.0/../../../../arm-none-eabi/lib/armv7-m/libg.a(lib_a-makebuf.o)
                0x000000000000b7b8                __smakebuf_r
 .text._malloc_r
                0x000000000000b898      0x558 /usr/lib/gcc/arm-none-eabi/5.2.0/../../../../arm-none-eabi/lib/armv7-m/libg.a(lib_a-mallocr.o)
                0x000000000000b898                _malloc_r
 .text.memchr   0x000000000000bdf0       0x88 /usr/lib/gcc/arm-none-eabi/5.2.0/../../../../arm-none-eabi/lib/armv7-m/libg.a(lib_a-memchr.o)
                0x000000000000bdf0                memchr
 .text          0x000000000000be78       0xec /usr/lib/gcc/arm-none-eabi/5.2.0/../../../../arm-none-eabi/lib/armv7-m/libg.a(lib_a-memcpy.o)
                0x000000000000be78                memcpy
 .text.memmove  0x000000000000bf64       0xc8 /usr/lib/gcc/arm-none-eabi/5.2.0/../../../../arm-none-eabi/lib/armv7-m/libg.a(lib_a-memmove.o)
                0x000000000000bf64                memmove
 .text.__malloc_lock
                0x000000000000c02c        0x4 /usr/lib/gcc/arm-none-eabi/5.2.0/../../../../arm-none-eabi/lib/armv7-m/libg.a(lib_a-mlock.o)
                0x000000000000c02c                __malloc_lock
 .text.__malloc_unlock
                0x000000000000c030        0x4 /usr/lib/gcc/arm-none-eabi/5.2.0/../../../../arm-none-eabi/lib/armv7-m/libg.a(lib_a-mlock.o)
                0x000000000000c030                __malloc_unlock
 .text._Balloc  0x000000000000c034       0x50 /usr/lib/gcc/arm-none-eabi/5.2.0/../../../../arm-none-eabi/lib/armv7-m/libg.a(lib_a-mprec.o)
                0x000000000000c034                _Balloc
 .text._Bfree   0x000000000000c084       0x14 /usr/lib/gcc/arm-none-eabi/5.2.0/../../../../arm-none-eabi/lib/armv7-m/libg.a(lib_a-mprec.o)
                0x000000000000c084                _Bfree
 .text.__multadd
                0x000000000000c098       0x80 /usr/lib/gcc/arm-none-eabi/5.2.0/../../../../arm-none-eabi/lib/armv7-m/libg.a(lib_a-mprec.o)
                0x000000000000c098                __multadd
 .text.__hi0bits
                0x000000000000c118       0x40 /usr/lib/gcc/arm-none-eabi/5.2.0/../../../../arm-none-eabi/lib/armv7-m/libg.a(lib_a-mprec.o)
                0x000000000000c118                __hi0bits
 .text.__lo0bits
                0x000000000000c158       0x5c /usr/lib/gcc/arm-none-eabi/5.2.0/../../../../arm-none-eabi/lib/armv7-m/libg.a(lib_a-mprec.o)
                0x000000000000c158                __lo0bits
 .text.__i2b    0x000000000000c1b4       0x14 /usr/lib/gcc/arm-none-eabi/5.2.0/../../../../arm-none-eabi/lib/armv7-m/libg.a(lib_a-mprec.o)
                0x000000000000c1b4                __i2b
 .text.__multiply
                0x000000000000c1c8      0x13c /usr/lib/gcc/arm-none-eabi/5.2.0/../../../../arm-none-eabi/lib/armv7-m/libg.a(lib_a-mprec.o)
                0x000000000000c1c8                __multiply
 .text.__pow5mult
                0x000000000000c304       0xa0 /usr/lib/gcc/arm-none-eabi/5.2.0/../../../../arm-none-eabi/lib/armv7-m/libg.a(lib_a-mprec.o)
                0x000000000000c304                __pow5mult
 .text.__lshift
                0x000000000000c3a4       0xac /usr/lib/gcc/arm-none-eabi/5.2.0/../../../../arm-none-eabi/lib/armv7-m/libg.a(lib_a-mprec.o)
                0x000000000000c3a4                __lshift
 .text.__mcmp   0x000000000000c450       0x40 /usr/lib/gcc/arm-none-eabi/5.2.0/../../../../arm-none-eabi/lib/armv7-m/libg.a(lib_a-mprec.o)
                0x000000000000c450                __mcmp
 .text.__mdiff  0x000000000000c490      0x128 /usr/lib/gcc/arm-none-eabi/5.2.0/../../../../arm-none-eabi/lib/armv7-m/libg.a(lib_a-mprec.o)
                0x000000000000c490                __mdiff
 .text.__d2b    0x000000000000c5b8       0xa8 /usr/lib/gcc/arm-none-eabi/5.2.0/../../../../arm-none-eabi/lib/armv7-m/libg.a(lib_a-mprec.o)
                0x000000000000c5b8                __d2b
 .text._realloc_r
                0x000000000000c660      0x3d0 /usr/lib/gcc/arm-none-eabi/5.2.0/../../../../arm-none-eabi/lib/armv7-m/libg.a(lib_a-reallocr.o)
                0x000000000000c660                _realloc_r
 .text.__fpclassifyd
                0x000000000000ca30       0x54 /usr/lib/gcc/arm-none-eabi/5.2.0/../../../../arm-none-eabi/lib/armv7-m/libg.a(lib_a-s_fpclassify.o)
                0x000000000000ca30                __fpclassifyd
 .text._sbrk_r  0x000000000000ca84       0x24 /usr/lib/gcc/arm-none-eabi/5.2.0/../../../../arm-none-eabi/lib/armv7-m/libg.a(lib_a-sbrkr.o)
                0x000000000000ca84                _sbrk_r
 .text.__sread  0x000000000000caa8       0x24 /usr/lib/gcc/arm-none-eabi/5.2.0/../../../../arm-none-eabi/lib/armv7-m/libg.a(lib_a-stdio.o)
                0x000000000000caa8                __sread
 .text.__swrite
                0x000000000000cacc       0x38 /usr/lib/gcc/arm-none-eabi/5.2.0/../../../../arm-none-eabi/lib/armv7-m/libg.a(lib_a-stdio.o)
                0x000000000000cacc                __swrite
 .text.__sseek  0x000000000000cb04       0x20 /usr/lib/gcc/arm-none-eabi/5.2.0/../../../../arm-none-eabi/lib/armv7-m/libg.a(lib_a-stdio.o)
                0x000000000000cb04                __sseek
 .text.__sclose
                0x000000000000cb24        0x8 /usr/lib/gcc/arm-none-eabi/5.2.0/../../../../arm-none-eabi/lib/armv7-m/libg.a(lib_a-stdio.o)
                0x000000000000cb24                __sclose
 .text.__sprint_r.part.0
                0x000000000000cb2c       0x78 /usr/lib/gcc/arm-none-eabi/5.2.0/../../../../arm-none-eabi/lib/armv7-m/libg.a(lib_a-vfiprintf.o)
 .text.__sprint_r
                0x000000000000cba4       0x14 /usr/lib/gcc/arm-none-eabi/5.2.0/../../../../arm-none-eabi/lib/armv7-m/libg.a(lib_a-vfiprintf.o)
                0x000000000000cba4                __sprint_r
 .text._write_r
                0x000000000000cbb8       0x2c /usr/lib/gcc/arm-none-eabi/5.2.0/../../../../arm-none-eabi/lib/armv7-m/libg.a(lib_a-writer.o)
                0x000000000000cbb8                _write_r
 .text._calloc_r
                0x000000000000cbe4       0x60 /usr/lib/gcc/arm-none-eabi/5.2.0/../../../../arm-none-eabi/lib/armv7-m/libg.a(lib_a-callocr.o)
                0x000000000000cbe4                _calloc_r
 .text._close_r
                0x000000000000cc44       0x24 /usr/lib/gcc/arm-none-eabi/5.2.0/../../../../arm-none-eabi/lib/armv7-m/libg.a(lib_a-closer.o)
                0x000000000000cc44                _close_r
 .text._fclose_r
                0x000000000000cc68       0x84 /usr/lib/gcc/arm-none-eabi/5.2.0/../../../../arm-none-eabi/lib/armv7-m/libg.a(lib_a-fclose.o)
                0x000000000000cc68                _fclose_r
 .text.__fputwc
                0x000000000000ccec       0xb0 /usr/lib/gcc/arm-none-eabi/5.2.0/../../../../arm-none-eabi/lib/armv7-m/libg.a(lib_a-fputwc.o)
                0x000000000000ccec                __fputwc
 .text._fputwc_r
                0x000000000000cd9c       0x24 /usr/lib/gcc/arm-none-eabi/5.2.0/../../../../arm-none-eabi/lib/armv7-m/libg.a(lib_a-fputwc.o)
                0x000000000000cd9c                _fputwc_r
 .text._fstat_r
                0x000000000000cdc0       0x28 /usr/lib/gcc/arm-none-eabi/5.2.0/../../../../arm-none-eabi/lib/armv7-m/libg.a(lib_a-fstatr.o)
                0x000000000000cdc0                _fstat_r
 .text._isatty_r
                0x000000000000cde8       0x24 /usr/lib/gcc/arm-none-eabi/5.2.0/../../../../arm-none-eabi/lib/armv7-m/libg.a(lib_a-isattyr.o)
                0x000000000000cde8                _isatty_r
 .text._lseek_r
                0x000000000000ce0c       0x2c /usr/lib/gcc/arm-none-eabi/5.2.0/../../../../arm-none-eabi/lib/armv7-m/libg.a(lib_a-lseekr.o)
                0x000000000000ce0c                _lseek_r
 .text._read_r  0x000000000000ce38       0x2c /usr/lib/gcc/arm-none-eabi/5.2.0/../../../../arm-none-eabi/lib/armv7-m/libg.a(lib_a-readr.o)
                0x000000000000ce38                _read_r
 .text.__swbuf_r
                0x000000000000ce64       0xa8 /usr/lib/gcc/arm-none-eabi/5.2.0/../../../../arm-none-eabi/lib/armv7-m/libg.a(lib_a-wbuf.o)
                0x000000000000ce64                __swbuf_r
 .text._wcrtomb_r
                0x000000000000cf0c       0x54 /usr/lib/gcc/arm-none-eabi/5.2.0/../../../../arm-none-eabi/lib/armv7-m/libg.a(lib_a-wcrtomb.o)
                0x000000000000cf0c                _wcrtomb_r
 .text.__ascii_wctomb
                0x000000000000cf60       0x1c /usr/lib/gcc/arm-none-eabi/5.2.0/../../../../arm-none-eabi/lib/armv7-m/libg.a(lib_a-wctomb_r.o)
                0x000000000000cf60                __ascii_wctomb
 .text          0x000000000000cf7c      0x370 /usr/lib/gcc/arm-none-eabi/5.2.0/armv7-m/libgcc.a(_arm_addsubdf3.o)
                0x000000000000cf7c                __aeabi_drsub
                0x000000000000cf84                __aeabi_dsub
                0x000000000000cf84                __subdf3
                0x000000000000cf88                __adddf3
                0x000000000000cf88                __aeabi_dadd
                0x000000000000d200                __aeabi_ui2d
                0x000000000000d200                __floatunsidf
                0x000000000000d220                __floatsidf
                0x000000000000d220                __aeabi_i2d
                0x000000000000d244                __extendsfdf2
                0x000000000000d244                __aeabi_f2d
                0x000000000000d280                __aeabi_ul2d
                0x000000000000d280                __floatundidf
                0x000000000000d290                __floatdidf
                0x000000000000d290                __aeabi_l2d
 .text          0x000000000000d2ec      0x424 /usr/lib/gcc/arm-none-eabi/5.2.0/armv7-m/libgcc.a(_arm_muldivdf3.o)
                0x000000000000d2ec                __aeabi_dmul
                0x000000000000d2ec                __muldf3
                0x000000000000d540                __aeabi_ddiv
                0x000000000000d540                __divdf3
 .text          0x000000000000d710      0x110 /usr/lib/gcc/arm-none-eabi/5.2.0/armv7-m/libgcc.a(_arm_cmpdf2.o)
                0x000000000000d710                __gtdf2
                0x000000000000d710                __gedf2
                0x000000000000d718                __ltdf2
                0x000000000000d718                __ledf2
                0x000000000000d720                __cmpdf2
                0x000000000000d720                __eqdf2
                0x000000000000d720                __nedf2
                0x000000000000d79c                __aeabi_cdrcmple
                0x000000000000d7ac                __aeabi_cdcmple
                0x000000000000d7ac                __aeabi_cdcmpeq
                0x000000000000d7bc                __aeabi_dcmpeq
                0x000000000000d7d0                __aeabi_dcmplt
                0x000000000000d7e4                __aeabi_dcmple
                0x000000000000d7f8                __aeabi_dcmpge
                0x000000000000d80c                __aeabi_dcmpgt
 .text          0x000000000000d820       0x50 /usr/lib/gcc/arm-none-eabi/5.2.0/armv7-m/libgcc.a(_arm_fixdfsi.o)
                0x000000000000d820                __fixdfsi
                0x000000000000d820                __aeabi_d2iz
 .text          0x000000000000d870       0x30 /usr/lib/gcc/arm-none-eabi/5.2.0/armv7-m/libgcc.a(_aeabi_uldivmod.o)
                0x000000000000d870                __aeabi_uldivmod
 .text          0x000000000000d8a0      0x2ec /usr/lib/gcc/arm-none-eabi/5.2.0/armv7-m/libgcc.a(_udivmoddi4.o)
                0x000000000000d8a0                __udivmoddi4
 .text          0x000000000000db8c        0x4 /usr/lib/gcc/arm-none-eabi/5.2.0/armv7-m/libgcc.a(_dvmd_tls.o)
                0x000000000000db8c                __aeabi_ldiv0
                0x000000000000db8c                __aeabi_idiv0
 *(.gnu.warning)
 *(.glue_7t)
 .glue_7t       0x000000000000db90        0x0 linker stubs
 *(.glue_7)
 .glue_7        0x000000000000db90        0x0 linker stubs
 *(.vfp11_veneer)
 .vfp11_veneer  0x000000000000db90        0x0 linker stubs
 *(.v4_bx)
 .v4_bx         0x000000000000db90        0x0 linker stubs

.fini           0x000000000000db90        0xc
 *(SORT(.fini))
 .fini          0x000000000000db90        0x4 /usr/lib/gcc/arm-none-eabi/5.2.0/armv7-m/crti.o
                0x000000000000db90                _fini
 .fini          0x000000000000db94        0x8 /usr/lib/gcc/arm-none-eabi/5.2.0/armv7-m/crtn.o
                0x000000000000db9c                PROVIDE (__etext, .)
                0x000000000000db9c                PROVIDE (_etext, .)
                0x000000000000db9c                PROVIDE (etext, .)

.rodata         0x000000000000dba0      0x2a0
 *(.rodata .rodata.* .gnu.linkonce.r.*)
 .rodata        0x000000000000dba0       0x94 ./main.o
 .rodata.gpio_init
                0x000000000000dc34       0x84 ./seg7.o
 .rodata.str1.4
                0x000000000000dcb8        0x2 /usr/lib/gcc/arm-none-eabi/5.2.0/../../../../arm-none-eabi/lib/armv7-m/libg.a(lib_a-impure.o)
                                          0x4 (size before relaxing)
 *fill*         0x000000000000dcba        0x2 
 .rodata._global_impure_ptr
                0x000000000000dcbc        0x4 /usr/lib/gcc/arm-none-eabi/5.2.0/../../../../arm-none-eabi/lib/armv7-m/libg.a(lib_a-impure.o)
                0x000000000000dcbc                _global_impure_ptr
 .rodata.str1.4
                0x000000000000dcc0        0x2 /usr/lib/gcc/arm-none-eabi/5.2.0/../../../../arm-none-eabi/lib/armv7-m/libg.a(lib_a-puts.o)
                                          0x4 (size before relaxing)
 *fill*         0x000000000000dcc2        0x2 
 .rodata.zeroes.6989
                0x000000000000dcc4       0x10 /usr/lib/gcc/arm-none-eabi/5.2.0/../../../../arm-none-eabi/lib/armv7-m/libg.a(lib_a-vfprintf.o)
 .rodata.str1.4
                0x000000000000dcd4       0x42 /usr/lib/gcc/arm-none-eabi/5.2.0/../../../../arm-none-eabi/lib/armv7-m/libg.a(lib_a-vfprintf.o)
                                         0x44 (size before relaxing)
 *fill*         0x000000000000dd16        0x2 
 .rodata.blanks.6988
                0x000000000000dd18       0x10 /usr/lib/gcc/arm-none-eabi/5.2.0/../../../../arm-none-eabi/lib/armv7-m/libg.a(lib_a-vfprintf.o)
 .rodata.str1.4
                0x000000000000dd28       0x10 /usr/lib/gcc/arm-none-eabi/5.2.0/../../../../arm-none-eabi/lib/armv7-m/libg.a(lib_a-dtoa.o)
                                         0x14 (size before relaxing)
 .rodata.str1.4
                0x000000000000dd38        0xc /usr/lib/gcc/arm-none-eabi/5.2.0/../../../../arm-none-eabi/lib/armv7-m/libg.a(lib_a-locale.o)
                                         0x14 (size before relaxing)
 .rodata.p05.5354
                0x000000000000dd44        0xc /usr/lib/gcc/arm-none-eabi/5.2.0/../../../../arm-none-eabi/lib/armv7-m/libg.a(lib_a-mprec.o)
 .rodata.__mprec_tens
                0x000000000000dd50       0xc8 /usr/lib/gcc/arm-none-eabi/5.2.0/../../../../arm-none-eabi/lib/armv7-m/libg.a(lib_a-mprec.o)
                0x000000000000dd50                __mprec_tens
 .rodata.__mprec_bigtens
                0x000000000000de18       0x28 /usr/lib/gcc/arm-none-eabi/5.2.0/../../../../arm-none-eabi/lib/armv7-m/libg.a(lib_a-mprec.o)
                0x000000000000de18                __mprec_bigtens

.rodata1
 *(.rodata1)

.ARM.extab
 *(.ARM.extab* .gnu.linkonce.armextab.*)
                0x000000000000de40                PROVIDE (__exidx_start, .)

.ARM.exidx      0x000000000000de40        0x8
 *(.ARM.exidx* .gnu.linkonce.armexidx.*)
 .ARM.exidx     0x000000000000de40        0x8 /usr/lib/gcc/arm-none-eabi/5.2.0/../../../../arm-none-eabi/lib/armv7-m/crt0.o
 .ARM.exidx     0x000000000000de48        0x0 /usr/lib/gcc/arm-none-eabi/5.2.0/armv7-m/libgcc.a(_udivmoddi4.o)
                                          0x8 (size before relaxing)
                0x000000000000de48                PROVIDE (__exidx_end, .)

.eh_frame_hdr
 *(.eh_frame_hdr)

.eh_frame       0x000000000000de48        0x4
 *(.eh_frame)
 .eh_frame      0x000000000000de48        0x0 /usr/lib/gcc/arm-none-eabi/5.2.0/armv7-m/crtbegin.o
 .eh_frame      0x000000000000de48        0x0 /usr/lib/gcc/arm-none-eabi/5.2.0/../../../../arm-none-eabi/lib/armv7-m/libg.a(lib_a-strcmp.o)
                                         0x38 (size before relaxing)
 .eh_frame      0x000000000000de48        0x4 /usr/lib/gcc/arm-none-eabi/5.2.0/armv7-m/crtend.o

.gcc_except_table
 *(.gcc_except_table .gcc_except_table.*)

.exception_ranges
 *(.exception_ranges .exception_ranges*)
                0x000000000001de4c                . = (ALIGN (0x10000) + (. & 0xffff))

.eh_frame
 *(.eh_frame)

.gcc_except_table
 *(.gcc_except_table .gcc_except_table.*)

.exception_ranges
 *(.exception_ranges .exception_ranges*)

.tdata
 *(.tdata .tdata.* .gnu.linkonce.td.*)

.tbss
 *(.tbss .tbss.* .gnu.linkonce.tb.*)
 *(.tcommon)

.preinit_array  0x000000000001de4c        0x0
                0x000000000001de4c                PROVIDE (__preinit_array_start, .)
 *(.preinit_array)
                0x000000000001de4c                PROVIDE (__preinit_array_end, .)

.init_array     0x000000000001de4c        0x4
                0x000000000001de4c                PROVIDE (__init_array_start, .)
 *(SORT(.init_array.*))
 *(.init_array)
 .init_array    0x000000000001de4c        0x4 /usr/lib/gcc/arm-none-eabi/5.2.0/armv7-m/crtbegin.o
                0x000000000001de50                PROVIDE (__init_array_end, .)

.fini_array     0x000000000001de50        0x4
                0x000000000001de50                PROVIDE (__fini_array_start, .)
 *(SORT(.fini_array.*))
 *(.fini_array)
 .fini_array    0x000000000001de50        0x4 /usr/lib/gcc/arm-none-eabi/5.2.0/armv7-m/crtbegin.o
                0x000000000001de54                PROVIDE (__fini_array_end, .)

.ctors
 *crtbegin.o(.ctors)
 *crtbegin?.o(.ctors)
 *(EXCLUDE_FILE(*crtend?.o *crtend.o) .ctors)
 *(SORT(.ctors.*))
 *(.ctors)

.dtors
 *crtbegin.o(.dtors)
 *crtbegin?.o(.dtors)
 *(EXCLUDE_FILE(*crtend?.o *crtend.o) .dtors)
 *(SORT(.dtors.*))
 *(.dtors)

.jcr            0x000000000001de54        0x4
 *(.jcr)
 .jcr           0x000000000001de54        0x0 /usr/lib/gcc/arm-none-eabi/5.2.0/armv7-m/crtbegin.o
 .jcr           0x000000000001de54        0x4 /usr/lib/gcc/arm-none-eabi/5.2.0/armv7-m/crtend.o

.data.rel.ro
 *(.data.rel.ro.local* .gnu.linkonce.d.rel.ro.local.*)
 *(.data.rel.ro .data.rel.ro.* .gnu.linkonce.d.rel.ro.*)

.dynamic
 *(.dynamic)

.got            0x000000000001de58        0x0
 *(.got.plt)
 *(.igot.plt)
 .igot.plt      0x000000000001de58        0x0 /usr/lib/gcc/arm-none-eabi/5.2.0/armv7-m/crtbegin.o
 *(.got)
 *(.igot)

.data           0x000000000001de58      0x8e4
                0x000000000001de58                __data_start = .
 *(.data .data.* .gnu.linkonce.d.*)
 .data.display  0x000000000001de58       0x48 ./seg7.o
                0x000000000001de58                display
 .data.impure_data
                0x000000000001dea0      0x428 /usr/lib/gcc/arm-none-eabi/5.2.0/../../../../arm-none-eabi/lib/armv7-m/libg.a(lib_a-impure.o)
 .data._impure_ptr
                0x000000000001e2c8        0x4 /usr/lib/gcc/arm-none-eabi/5.2.0/../../../../arm-none-eabi/lib/armv7-m/libg.a(lib_a-impure.o)
                0x000000000001e2c8                _impure_ptr
 .data.lconv    0x000000000001e2cc       0x38 /usr/lib/gcc/arm-none-eabi/5.2.0/../../../../arm-none-eabi/lib/armv7-m/libg.a(lib_a-locale.o)
 .data.lc_ctype_charset
                0x000000000001e304       0x20 /usr/lib/gcc/arm-none-eabi/5.2.0/../../../../arm-none-eabi/lib/armv7-m/libg.a(lib_a-locale.o)
 .data.__mb_cur_max
                0x000000000001e324        0x4 /usr/lib/gcc/arm-none-eabi/5.2.0/../../../../arm-none-eabi/lib/armv7-m/libg.a(lib_a-locale.o)
                0x000000000001e324                __mb_cur_max
 .data.__malloc_av_
                0x000000000001e328      0x408 /usr/lib/gcc/arm-none-eabi/5.2.0/../../../../arm-none-eabi/lib/armv7-m/libg.a(lib_a-mallocr.o)
                0x000000000001e328                __malloc_av_
 .data.__malloc_trim_threshold
                0x000000000001e730        0x4 /usr/lib/gcc/arm-none-eabi/5.2.0/../../../../arm-none-eabi/lib/armv7-m/libg.a(lib_a-mallocr.o)
                0x000000000001e730                __malloc_trim_threshold
 .data.__malloc_sbrk_base
                0x000000000001e734        0x4 /usr/lib/gcc/arm-none-eabi/5.2.0/../../../../arm-none-eabi/lib/armv7-m/libg.a(lib_a-mallocr.o)
                0x000000000001e734                __malloc_sbrk_base
 .data.__wctomb
                0x000000000001e738        0x4 /usr/lib/gcc/arm-none-eabi/5.2.0/../../../../arm-none-eabi/lib/armv7-m/libg.a(lib_a-wctomb_r.o)
                0x000000000001e738                __wctomb

.data1
 *(.data1)
                0x000000000001e73c                _edata = .
                0x000000000001e73c                PROVIDE (edata, .)
                0x000000000001e73c                . = .
                0x000000000001e73c                __bss_start = .
                0x000000000001e73c                __bss_start__ = .

.bss            0x000000000001e73c       0x58
 *(.dynbss)
 *(.bss .bss.* .gnu.linkonce.b.*)
 .bss           0x000000000001e73c       0x1c /usr/lib/gcc/arm-none-eabi/5.2.0/armv7-m/crtbegin.o
 .bss.a_prev    0x000000000001e758        0x1 ./wheel.o
 .bss.b_prev    0x000000000001e759        0x1 ./wheel.o
 .bss.prev_state
                0x000000000001e75a        0x1 ./wheel.o
 *fill*         0x000000000001e75b        0x1 
 .bss.__malloc_max_total_mem
                0x000000000001e75c        0x4 /usr/lib/gcc/arm-none-eabi/5.2.0/../../../../arm-none-eabi/lib/armv7-m/libg.a(lib_a-mallocr.o)
                0x000000000001e75c                __malloc_max_total_mem
 .bss.__malloc_max_sbrked_mem
                0x000000000001e760        0x4 /usr/lib/gcc/arm-none-eabi/5.2.0/../../../../arm-none-eabi/lib/armv7-m/libg.a(lib_a-mallocr.o)
                0x000000000001e760                __malloc_max_sbrked_mem
 .bss.__malloc_top_pad
                0x000000000001e764        0x4 /usr/lib/gcc/arm-none-eabi/5.2.0/../../../../arm-none-eabi/lib/armv7-m/libg.a(lib_a-mallocr.o)
                0x000000000001e764                __malloc_top_pad
 .bss.__malloc_current_mallinfo
                0x000000000001e768       0x28 /usr/lib/gcc/arm-none-eabi/5.2.0/../../../../arm-none-eabi/lib/armv7-m/libg.a(lib_a-mallocr.o)
                0x000000000001e768                __malloc_current_mallinfo
 *(COMMON)
 COMMON         0x000000000001e790        0x4 /usr/lib/gcc/arm-none-eabi/5.2.0/../../../../arm-none-eabi/lib/armv7-m/libg.a(lib_a-reent.o)
                0x000000000001e790                errno
                0x000000000001e794                . = ALIGN ((. != 0x0)?0x4:0x1)
                0x000000000001e794                _bss_end__ = .
                0x000000000001e794                __bss_end__ = .
                0x000000000001e794                . = ALIGN (0x4)
                0x000000000001e794                . = SEGMENT_START ("ldata-segment", .)
                0x000000000001e794                . = ALIGN (0x4)
                0x000000000001e794                __end__ = .
                0x000000000001e794                _end = .
                0x000000000001e794                PROVIDE (end, .)

.stab
 *(.stab)

.stabstr
 *(.stabstr)

.stab.excl
 *(.stab.excl)

.stab.exclstr
 *(.stab.exclstr)

.stab.index
 *(.stab.index)

.stab.indexstr
 *(.stab.indexstr)

.comment        0x0000000000000000       0x42
 *(.comment)
 .comment       0x0000000000000000       0x21 /usr/lib/gcc/arm-none-eabi/5.2.0/armv7-m/crtbegin.o
                                         0x22 (size before relaxing)
 .comment       0x0000000000000021       0x22 ./main.o
 .comment       0x0000000000000021       0x22 ./seg7.o
 .comment       0x0000000000000021       0x22 ./wheel.o
 .comment       0x0000000000000021       0x21 /usr/lib/gcc/arm-none-eabi/5.2.0/../../../../arm-none-eabi/lib/armv7-m/libg.a(lib_a-atexit.o)
                                         0x22 (size before relaxing)
 .comment       0x0000000000000042       0x22 /usr/lib/gcc/arm-none-eabi/5.2.0/../../../../arm-none-eabi/lib/armv7-m/libg.a(lib_a-exit.o)
 .comment       0x0000000000000042       0x22 /usr/lib/gcc/arm-none-eabi/5.2.0/../../../../arm-none-eabi/lib/armv7-m/libg.a(lib_a-fini.o)
 .comment       0x0000000000000042       0x22 /usr/lib/gcc/arm-none-eabi/5.2.0/../../../../arm-none-eabi/lib/armv7-m/libg.a(lib_a-impure.o)
 .comment       0x0000000000000042       0x22 /usr/lib/gcc/arm-none-eabi/5.2.0/../../../../arm-none-eabi/lib/armv7-m/libg.a(lib_a-init.o)
 .comment       0x0000000000000042       0x22 /usr/lib/gcc/arm-none-eabi/5.2.0/../../../../arm-none-eabi/lib/armv7-m/libg.a(lib_a-memset.o)
 .comment       0x0000000000000042       0x22 /usr/lib/gcc/arm-none-eabi/5.2.0/../../../../arm-none-eabi/lib/armv7-m/libg.a(lib_a-printf.o)
 .comment       0x0000000000000042       0x22 /usr/lib/gcc/arm-none-eabi/5.2.0/../../../../arm-none-eabi/lib/armv7-m/libg.a(lib_a-puts.o)
 .comment       0x0000000000000042       0x22 /usr/lib/gcc/arm-none-eabi/5.2.0/../../../../arm-none-eabi/lib/armv7-m/libg.a(lib_a-strlen.o)
 .comment       0x0000000000000042       0x22 /usr/lib/gcc/arm-none-eabi/5.2.0/../../../../arm-none-eabi/lib/armv7-m/libg.a(lib_a-vfprintf.o)
 .comment       0x0000000000000042       0x22 /usr/lib/gcc/arm-none-eabi/5.2.0/../../../../arm-none-eabi/lib/armv7-m/libg.a(lib_a-wsetup.o)
 .comment       0x0000000000000042       0x22 /usr/lib/gcc/arm-none-eabi/5.2.0/../../../../arm-none-eabi/lib/armv7-m/libg.a(lib_a-__atexit.o)
 .comment       0x0000000000000042       0x22 /usr/lib/gcc/arm-none-eabi/5.2.0/../../../../arm-none-eabi/lib/armv7-m/libg.a(lib_a-__call_atexit.o)
 .comment       0x0000000000000042       0x22 /usr/lib/gcc/arm-none-eabi/5.2.0/../../../../arm-none-eabi/lib/armv7-m/libg.a(lib_a-dtoa.o)
 .comment       0x0000000000000042       0x22 /usr/lib/gcc/arm-none-eabi/5.2.0/../../../../arm-none-eabi/lib/armv7-m/libg.a(lib_a-fflush.o)
 .comment       0x0000000000000042       0x22 /usr/lib/gcc/arm-none-eabi/5.2.0/../../../../arm-none-eabi/lib/armv7-m/libg.a(lib_a-findfp.o)
 .comment       0x0000000000000042       0x22 /usr/lib/gcc/arm-none-eabi/5.2.0/../../../../arm-none-eabi/lib/armv7-m/libg.a(lib_a-freer.o)
 .comment       0x0000000000000042       0x22 /usr/lib/gcc/arm-none-eabi/5.2.0/../../../../arm-none-eabi/lib/armv7-m/libg.a(lib_a-fvwrite.o)
 .comment       0x0000000000000042       0x22 /usr/lib/gcc/arm-none-eabi/5.2.0/../../../../arm-none-eabi/lib/armv7-m/libg.a(lib_a-fwalk.o)
 .comment       0x0000000000000042       0x22 /usr/lib/gcc/arm-none-eabi/5.2.0/../../../../arm-none-eabi/lib/armv7-m/libg.a(lib_a-locale.o)
 .comment       0x0000000000000042       0x22 /usr/lib/gcc/arm-none-eabi/5.2.0/../../../../arm-none-eabi/lib/armv7-m/libg.a(lib_a-makebuf.o)
 .comment       0x0000000000000042       0x22 /usr/lib/gcc/arm-none-eabi/5.2.0/../../../../arm-none-eabi/lib/armv7-m/libg.a(lib_a-mallocr.o)
 .comment       0x0000000000000042       0x22 /usr/lib/gcc/arm-none-eabi/5.2.0/../../../../arm-none-eabi/lib/armv7-m/libg.a(lib_a-memchr.o)
 .comment       0x0000000000000042       0x22 /usr/lib/gcc/arm-none-eabi/5.2.0/../../../../arm-none-eabi/lib/armv7-m/libg.a(lib_a-memmove.o)
 .comment       0x0000000000000042       0x22 /usr/lib/gcc/arm-none-eabi/5.2.0/../../../../arm-none-eabi/lib/armv7-m/libg.a(lib_a-mlock.o)
 .comment       0x0000000000000042       0x22 /usr/lib/gcc/arm-none-eabi/5.2.0/../../../../arm-none-eabi/lib/armv7-m/libg.a(lib_a-mprec.o)
 .comment       0x0000000000000042       0x22 /usr/lib/gcc/arm-none-eabi/5.2.0/../../../../arm-none-eabi/lib/armv7-m/libg.a(lib_a-reallocr.o)
 .comment       0x0000000000000042       0x22 /usr/lib/gcc/arm-none-eabi/5.2.0/../../../../arm-none-eabi/lib/armv7-m/libg.a(lib_a-s_fpclassify.o)
 .comment       0x0000000000000042       0x22 /usr/lib/gcc/arm-none-eabi/5.2.0/../../../../arm-none-eabi/lib/armv7-m/libg.a(lib_a-sbrkr.o)
 .comment       0x0000000000000042       0x22 /usr/lib/gcc/arm-none-eabi/5.2.0/../../../../arm-none-eabi/lib/armv7-m/libg.a(lib_a-stdio.o)
 .comment       0x0000000000000042       0x22 /usr/lib/gcc/arm-none-eabi/5.2.0/../../../../arm-none-eabi/lib/armv7-m/libg.a(lib_a-vfiprintf.o)
 .comment       0x0000000000000042       0x22 /usr/lib/gcc/arm-none-eabi/5.2.0/../../../../arm-none-eabi/lib/armv7-m/libg.a(lib_a-writer.o)
 .comment       0x0000000000000042       0x22 /usr/lib/gcc/arm-none-eabi/5.2.0/../../../../arm-none-eabi/lib/armv7-m/libg.a(lib_a-callocr.o)
 .comment       0x0000000000000042       0x22 /usr/lib/gcc/arm-none-eabi/5.2.0/../../../../arm-none-eabi/lib/armv7-m/libg.a(lib_a-closer.o)
 .comment       0x0000000000000042       0x22 /usr/lib/gcc/arm-none-eabi/5.2.0/../../../../arm-none-eabi/lib/armv7-m/libg.a(lib_a-fclose.o)
 .comment       0x0000000000000042       0x22 /usr/lib/gcc/arm-none-eabi/5.2.0/../../../../arm-none-eabi/lib/armv7-m/libg.a(lib_a-fputwc.o)
 .comment       0x0000000000000042       0x22 /usr/lib/gcc/arm-none-eabi/5.2.0/../../../../arm-none-eabi/lib/armv7-m/libg.a(lib_a-fstatr.o)
 .comment       0x0000000000000042       0x22 /usr/lib/gcc/arm-none-eabi/5.2.0/../../../../arm-none-eabi/lib/armv7-m/libg.a(lib_a-isattyr.o)
 .comment       0x0000000000000042       0x22 /usr/lib/gcc/arm-none-eabi/5.2.0/../../../../arm-none-eabi/lib/armv7-m/libg.a(lib_a-lseekr.o)
 .comment       0x0000000000000042       0x22 /usr/lib/gcc/arm-none-eabi/5.2.0/../../../../arm-none-eabi/lib/armv7-m/libg.a(lib_a-readr.o)
 .comment       0x0000000000000042       0x22 /usr/lib/gcc/arm-none-eabi/5.2.0/../../../../arm-none-eabi/lib/armv7-m/libg.a(lib_a-reent.o)
 .comment       0x0000000000000042       0x22 /usr/lib/gcc/arm-none-eabi/5.2.0/../../../../arm-none-eabi/lib/armv7-m/libg.a(lib_a-wbuf.o)
 .comment       0x0000000000000042       0x22 /usr/lib/gcc/arm-none-eabi/5.2.0/../../../../arm-none-eabi/lib/armv7-m/libg.a(lib_a-wcrtomb.o)
 .comment       0x0000000000000042       0x22 /usr/lib/gcc/arm-none-eabi/5.2.0/../../../../arm-none-eabi/lib/armv7-m/libg.a(lib_a-wctomb_r.o)
 .comment       0x0000000000000042       0x22 /usr/lib/gcc/arm-none-eabi/5.2.0/armv7-m/libgcc.a(_udivmoddi4.o)
 .comment       0x0000000000000042       0x22 /usr/lib/gcc/arm-none-eabi/5.2.0/armv7-m/crtend.o

.debug
 *(.debug)

.line
 *(.line)

.debug_srcinfo
 *(.debug_srcinfo)

.debug_sfnames
 *(.debug_sfnames)

.debug_aranges  0x0000000000000000      0x8f8
 *(.debug_aranges)
 .debug_aranges
                0x0000000000000000       0x20 /usr/lib/gcc/arm-none-eabi/5.2.0/../../../../arm-none-eabi/lib/armv7-m/crt0.o
 .debug_aranges
                0x0000000000000020       0x20 ./main.o
 .debug_aranges
                0x0000000000000040       0x28 ./seg7.o
 .debug_aranges
                0x0000000000000068       0x28 ./wheel.o
 .debug_aranges
                0x0000000000000090       0x20 /usr/lib/gcc/arm-none-eabi/5.2.0/../../../../arm-none-eabi/lib/armv7-m/libg.a(lib_a-atexit.o)
 .debug_aranges
                0x00000000000000b0       0x20 /usr/lib/gcc/arm-none-eabi/5.2.0/../../../../arm-none-eabi/lib/armv7-m/libg.a(lib_a-exit.o)
 .debug_aranges
                0x00000000000000d0       0x20 /usr/lib/gcc/arm-none-eabi/5.2.0/../../../../arm-none-eabi/lib/armv7-m/libg.a(lib_a-fini.o)
 .debug_aranges
                0x00000000000000f0       0x18 /usr/lib/gcc/arm-none-eabi/5.2.0/../../../../arm-none-eabi/lib/armv7-m/libg.a(lib_a-impure.o)
 .debug_aranges
                0x0000000000000108       0x20 /usr/lib/gcc/arm-none-eabi/5.2.0/../../../../arm-none-eabi/lib/armv7-m/libg.a(lib_a-init.o)
 .debug_aranges
                0x0000000000000128       0x20 /usr/lib/gcc/arm-none-eabi/5.2.0/../../../../arm-none-eabi/lib/armv7-m/libg.a(lib_a-memset.o)
 .debug_aranges
                0x0000000000000148       0x28 /usr/lib/gcc/arm-none-eabi/5.2.0/../../../../arm-none-eabi/lib/armv7-m/libg.a(lib_a-printf.o)
 .debug_aranges
                0x0000000000000170       0x28 /usr/lib/gcc/arm-none-eabi/5.2.0/../../../../arm-none-eabi/lib/armv7-m/libg.a(lib_a-puts.o)
 .debug_aranges
                0x0000000000000198       0x20 /usr/lib/gcc/arm-none-eabi/5.2.0/../../../../arm-none-eabi/lib/armv7-m/libg.a(lib_a-strlen.o)
 .debug_aranges
                0x00000000000001b8       0x30 /usr/lib/gcc/arm-none-eabi/5.2.0/../../../../arm-none-eabi/lib/armv7-m/libg.a(lib_a-vfprintf.o)
 .debug_aranges
                0x00000000000001e8       0x20 /usr/lib/gcc/arm-none-eabi/5.2.0/../../../../arm-none-eabi/lib/armv7-m/libg.a(lib_a-wsetup.o)
 .debug_aranges
                0x0000000000000208       0x20 /usr/lib/gcc/arm-none-eabi/5.2.0/../../../../arm-none-eabi/lib/armv7-m/libg.a(lib_a-__atexit.o)
 .debug_aranges
                0x0000000000000228       0x20 /usr/lib/gcc/arm-none-eabi/5.2.0/../../../../arm-none-eabi/lib/armv7-m/libg.a(lib_a-__call_atexit.o)
 .debug_aranges
                0x0000000000000248       0x28 /usr/lib/gcc/arm-none-eabi/5.2.0/../../../../arm-none-eabi/lib/armv7-m/libg.a(lib_a-dtoa.o)
 .debug_aranges
                0x0000000000000270       0x30 /usr/lib/gcc/arm-none-eabi/5.2.0/../../../../arm-none-eabi/lib/armv7-m/libg.a(lib_a-fflush.o)
 .debug_aranges
                0x00000000000002a0       0x68 /usr/lib/gcc/arm-none-eabi/5.2.0/../../../../arm-none-eabi/lib/armv7-m/libg.a(lib_a-findfp.o)
 .debug_aranges
                0x0000000000000308       0x28 /usr/lib/gcc/arm-none-eabi/5.2.0/../../../../arm-none-eabi/lib/armv7-m/libg.a(lib_a-freer.o)
 .debug_aranges
                0x0000000000000330       0x20 /usr/lib/gcc/arm-none-eabi/5.2.0/../../../../arm-none-eabi/lib/armv7-m/libg.a(lib_a-fvwrite.o)
 .debug_aranges
                0x0000000000000350       0x28 /usr/lib/gcc/arm-none-eabi/5.2.0/../../../../arm-none-eabi/lib/armv7-m/libg.a(lib_a-fwalk.o)
 .debug_aranges
                0x0000000000000378       0x58 /usr/lib/gcc/arm-none-eabi/5.2.0/../../../../arm-none-eabi/lib/armv7-m/libg.a(lib_a-locale.o)
 .debug_aranges
                0x00000000000003d0       0x20 /usr/lib/gcc/arm-none-eabi/5.2.0/../../../../arm-none-eabi/lib/armv7-m/libg.a(lib_a-makebuf.o)
 .debug_aranges
                0x00000000000003f0       0x20 /usr/lib/gcc/arm-none-eabi/5.2.0/../../../../arm-none-eabi/lib/armv7-m/libg.a(lib_a-mallocr.o)
 .debug_aranges
                0x0000000000000410       0x20 /usr/lib/gcc/arm-none-eabi/5.2.0/../../../../arm-none-eabi/lib/armv7-m/libg.a(lib_a-memchr.o)
 .debug_aranges
                0x0000000000000430       0x20 /usr/lib/gcc/arm-none-eabi/5.2.0/../../../../arm-none-eabi/lib/armv7-m/libg.a(lib_a-memcpy.o)
 .debug_aranges
                0x0000000000000450       0x20 /usr/lib/gcc/arm-none-eabi/5.2.0/../../../../arm-none-eabi/lib/armv7-m/libg.a(lib_a-memmove.o)
 .debug_aranges
                0x0000000000000470       0x20 /usr/lib/gcc/arm-none-eabi/5.2.0/../../../../arm-none-eabi/lib/armv7-m/libg.a(lib_a-mlock.o)
 .debug_aranges
                0x0000000000000490       0xb0 /usr/lib/gcc/arm-none-eabi/5.2.0/../../../../arm-none-eabi/lib/armv7-m/libg.a(lib_a-mprec.o)
 .debug_aranges
                0x0000000000000540       0x20 /usr/lib/gcc/arm-none-eabi/5.2.0/../../../../arm-none-eabi/lib/armv7-m/libg.a(lib_a-reallocr.o)
 .debug_aranges
                0x0000000000000560       0x20 /usr/lib/gcc/arm-none-eabi/5.2.0/../../../../arm-none-eabi/lib/armv7-m/libg.a(lib_a-s_fpclassify.o)
 .debug_aranges
                0x0000000000000580       0x20 /usr/lib/gcc/arm-none-eabi/5.2.0/../../../../arm-none-eabi/lib/armv7-m/libg.a(lib_a-sbrkr.o)
 .debug_aranges
                0x00000000000005a0       0x40 /usr/lib/gcc/arm-none-eabi/5.2.0/../../../../arm-none-eabi/lib/armv7-m/libg.a(lib_a-stdio.o)
 .debug_aranges
                0x00000000000005e0       0x20 /usr/lib/gcc/arm-none-eabi/5.2.0/../../../../arm-none-eabi/lib/armv7-m/libg.a(lib_a-strcmp.o)
 .debug_aranges
                0x0000000000000600       0x40 /usr/lib/gcc/arm-none-eabi/5.2.0/../../../../arm-none-eabi/lib/armv7-m/libg.a(lib_a-vfiprintf.o)
 .debug_aranges
                0x0000000000000640       0x20 /usr/lib/gcc/arm-none-eabi/5.2.0/../../../../arm-none-eabi/lib/armv7-m/libg.a(lib_a-writer.o)
 .debug_aranges
                0x0000000000000660       0x20 /usr/lib/gcc/arm-none-eabi/5.2.0/../../../../arm-none-eabi/lib/armv7-m/libg.a(lib_a-callocr.o)
 .debug_aranges
                0x0000000000000680       0x20 /usr/lib/gcc/arm-none-eabi/5.2.0/../../../../arm-none-eabi/lib/armv7-m/libg.a(lib_a-closer.o)
 .debug_aranges
                0x00000000000006a0       0x28 /usr/lib/gcc/arm-none-eabi/5.2.0/../../../../arm-none-eabi/lib/armv7-m/libg.a(lib_a-fclose.o)
 .debug_aranges
                0x00000000000006c8       0x30 /usr/lib/gcc/arm-none-eabi/5.2.0/../../../../arm-none-eabi/lib/armv7-m/libg.a(lib_a-fputwc.o)
 .debug_aranges
                0x00000000000006f8       0x20 /usr/lib/gcc/arm-none-eabi/5.2.0/../../../../arm-none-eabi/lib/armv7-m/libg.a(lib_a-fstatr.o)
 .debug_aranges
                0x0000000000000718       0x20 /usr/lib/gcc/arm-none-eabi/5.2.0/../../../../arm-none-eabi/lib/armv7-m/libg.a(lib_a-isattyr.o)
 .debug_aranges
                0x0000000000000738       0x20 /usr/lib/gcc/arm-none-eabi/5.2.0/../../../../arm-none-eabi/lib/armv7-m/libg.a(lib_a-lseekr.o)
 .debug_aranges
                0x0000000000000758       0x20 /usr/lib/gcc/arm-none-eabi/5.2.0/../../../../arm-none-eabi/lib/armv7-m/libg.a(lib_a-readr.o)
 .debug_aranges
                0x0000000000000778       0x28 /usr/lib/gcc/arm-none-eabi/5.2.0/../../../../arm-none-eabi/lib/armv7-m/libg.a(lib_a-reent.o)
 .debug_aranges
                0x00000000000007a0       0x28 /usr/lib/gcc/arm-none-eabi/5.2.0/../../../../arm-none-eabi/lib/armv7-m/libg.a(lib_a-wbuf.o)
 .debug_aranges
                0x00000000000007c8       0x28 /usr/lib/gcc/arm-none-eabi/5.2.0/../../../../arm-none-eabi/lib/armv7-m/libg.a(lib_a-wcrtomb.o)
 .debug_aranges
                0x00000000000007f0       0x28 /usr/lib/gcc/arm-none-eabi/5.2.0/../../../../arm-none-eabi/lib/armv7-m/libg.a(lib_a-wctomb_r.o)
 .debug_aranges
                0x0000000000000818       0x20 /usr/lib/gcc/arm-none-eabi/5.2.0/armv7-m/libgcc.a(_arm_addsubdf3.o)
 .debug_aranges
                0x0000000000000838       0x20 /usr/lib/gcc/arm-none-eabi/5.2.0/armv7-m/libgcc.a(_arm_muldivdf3.o)
 .debug_aranges
                0x0000000000000858       0x20 /usr/lib/gcc/arm-none-eabi/5.2.0/armv7-m/libgcc.a(_arm_cmpdf2.o)
 .debug_aranges
                0x0000000000000878       0x20 /usr/lib/gcc/arm-none-eabi/5.2.0/armv7-m/libgcc.a(_arm_fixdfsi.o)
 .debug_aranges
                0x0000000000000898       0x20 /usr/lib/gcc/arm-none-eabi/5.2.0/armv7-m/libgcc.a(_aeabi_uldivmod.o)
 .debug_aranges
                0x00000000000008b8       0x20 /usr/lib/gcc/arm-none-eabi/5.2.0/armv7-m/libgcc.a(_udivmoddi4.o)
 .debug_aranges
                0x00000000000008d8       0x20 /usr/lib/gcc/arm-none-eabi/5.2.0/armv7-m/libgcc.a(_dvmd_tls.o)

.debug_pubnames
 *(.debug_pubnames)

.debug_info     0x0000000000000000    0x1b1ae
 *(.debug_info .gnu.linkonce.wi.*)
 .debug_info    0x0000000000000000       0x9e /usr/lib/gcc/arm-none-eabi/5.2.0/../../../../arm-none-eabi/lib/armv7-m/crt0.o
 .debug_info    0x000000000000009e       0xe0 ./main.o
 .debug_info    0x000000000000017e      0x1f7 ./seg7.o
 .debug_info    0x0000000000000375      0x1b9 ./wheel.o
 .debug_info    0x000000000000052e       0xfe /usr/lib/gcc/arm-none-eabi/5.2.0/../../../../arm-none-eabi/lib/armv7-m/libg.a(lib_a-atexit.o)
 .debug_info    0x000000000000062c      0x8de /usr/lib/gcc/arm-none-eabi/5.2.0/../../../../arm-none-eabi/lib/armv7-m/libg.a(lib_a-exit.o)
 .debug_info    0x0000000000000f0a       0xfa /usr/lib/gcc/arm-none-eabi/5.2.0/../../../../arm-none-eabi/lib/armv7-m/libg.a(lib_a-fini.o)
 .debug_info    0x0000000000001004      0x89b /usr/lib/gcc/arm-none-eabi/5.2.0/../../../../arm-none-eabi/lib/armv7-m/libg.a(lib_a-impure.o)
 .debug_info    0x000000000000189f      0x110 /usr/lib/gcc/arm-none-eabi/5.2.0/../../../../arm-none-eabi/lib/armv7-m/libg.a(lib_a-init.o)
 .debug_info    0x00000000000019af      0x11e /usr/lib/gcc/arm-none-eabi/5.2.0/../../../../arm-none-eabi/lib/armv7-m/libg.a(lib_a-memset.o)
 .debug_info    0x0000000000001acd      0x98d /usr/lib/gcc/arm-none-eabi/5.2.0/../../../../arm-none-eabi/lib/armv7-m/libg.a(lib_a-printf.o)
 .debug_info    0x000000000000245a      0x9f5 /usr/lib/gcc/arm-none-eabi/5.2.0/../../../../arm-none-eabi/lib/armv7-m/libg.a(lib_a-puts.o)
 .debug_info    0x0000000000002e4f       0xbc /usr/lib/gcc/arm-none-eabi/5.2.0/../../../../arm-none-eabi/lib/armv7-m/libg.a(lib_a-strlen.o)
 .debug_info    0x0000000000002f0b     0x16d6 /usr/lib/gcc/arm-none-eabi/5.2.0/../../../../arm-none-eabi/lib/armv7-m/libg.a(lib_a-vfprintf.o)
 .debug_info    0x00000000000045e1      0x92a /usr/lib/gcc/arm-none-eabi/5.2.0/../../../../arm-none-eabi/lib/armv7-m/libg.a(lib_a-wsetup.o)
 .debug_info    0x0000000000004f0b      0x92e /usr/lib/gcc/arm-none-eabi/5.2.0/../../../../arm-none-eabi/lib/armv7-m/libg.a(lib_a-__atexit.o)
 .debug_info    0x0000000000005839      0x95f /usr/lib/gcc/arm-none-eabi/5.2.0/../../../../arm-none-eabi/lib/armv7-m/libg.a(lib_a-__call_atexit.o)
 .debug_info    0x0000000000006198     0x125a /usr/lib/gcc/arm-none-eabi/5.2.0/../../../../arm-none-eabi/lib/armv7-m/libg.a(lib_a-dtoa.o)
 .debug_info    0x00000000000073f2      0xa84 /usr/lib/gcc/arm-none-eabi/5.2.0/../../../../arm-none-eabi/lib/armv7-m/libg.a(lib_a-fflush.o)
 .debug_info    0x0000000000007e76      0xd2e /usr/lib/gcc/arm-none-eabi/5.2.0/../../../../arm-none-eabi/lib/armv7-m/libg.a(lib_a-findfp.o)
 .debug_info    0x0000000000008ba4      0xc01 /usr/lib/gcc/arm-none-eabi/5.2.0/../../../../arm-none-eabi/lib/armv7-m/libg.a(lib_a-freer.o)
 .debug_info    0x00000000000097a5      0xbed /usr/lib/gcc/arm-none-eabi/5.2.0/../../../../arm-none-eabi/lib/armv7-m/libg.a(lib_a-fvwrite.o)
 .debug_info    0x000000000000a392      0x9a5 /usr/lib/gcc/arm-none-eabi/5.2.0/../../../../arm-none-eabi/lib/armv7-m/libg.a(lib_a-fwalk.o)
 .debug_info    0x000000000000ad37      0xc1c /usr/lib/gcc/arm-none-eabi/5.2.0/../../../../arm-none-eabi/lib/armv7-m/libg.a(lib_a-locale.o)
 .debug_info    0x000000000000b953      0xab9 /usr/lib/gcc/arm-none-eabi/5.2.0/../../../../arm-none-eabi/lib/armv7-m/libg.a(lib_a-makebuf.o)
 .debug_info    0x000000000000c40c      0xd4d /usr/lib/gcc/arm-none-eabi/5.2.0/../../../../arm-none-eabi/lib/armv7-m/libg.a(lib_a-mallocr.o)
 .debug_info    0x000000000000d159      0x130 /usr/lib/gcc/arm-none-eabi/5.2.0/../../../../arm-none-eabi/lib/armv7-m/libg.a(lib_a-memchr.o)
 .debug_info    0x000000000000d289       0xc3 /usr/lib/gcc/arm-none-eabi/5.2.0/../../../../arm-none-eabi/lib/armv7-m/libg.a(lib_a-memcpy.o)
 .debug_info    0x000000000000d34c      0x138 /usr/lib/gcc/arm-none-eabi/5.2.0/../../../../arm-none-eabi/lib/armv7-m/libg.a(lib_a-memmove.o)
 .debug_info    0x000000000000d484      0x8a8 /usr/lib/gcc/arm-none-eabi/5.2.0/../../../../arm-none-eabi/lib/armv7-m/libg.a(lib_a-mlock.o)
 .debug_info    0x000000000000dd2c     0x16af /usr/lib/gcc/arm-none-eabi/5.2.0/../../../../arm-none-eabi/lib/armv7-m/libg.a(lib_a-mprec.o)
 .debug_info    0x000000000000f3db      0xc7d /usr/lib/gcc/arm-none-eabi/5.2.0/../../../../arm-none-eabi/lib/armv7-m/libg.a(lib_a-reallocr.o)
 .debug_info    0x0000000000010058       0xd3 /usr/lib/gcc/arm-none-eabi/5.2.0/../../../../arm-none-eabi/lib/armv7-m/libg.a(lib_a-s_fpclassify.o)
 .debug_info    0x000000000001012b      0x8f5 /usr/lib/gcc/arm-none-eabi/5.2.0/../../../../arm-none-eabi/lib/armv7-m/libg.a(lib_a-sbrkr.o)
 .debug_info    0x0000000000010a20      0xb29 /usr/lib/gcc/arm-none-eabi/5.2.0/../../../../arm-none-eabi/lib/armv7-m/libg.a(lib_a-stdio.o)
 .debug_info    0x0000000000011549       0xc3 /usr/lib/gcc/arm-none-eabi/5.2.0/../../../../arm-none-eabi/lib/armv7-m/libg.a(lib_a-strcmp.o)
 .debug_info    0x000000000001160c     0x14af /usr/lib/gcc/arm-none-eabi/5.2.0/../../../../arm-none-eabi/lib/armv7-m/libg.a(lib_a-vfiprintf.o)
 .debug_info    0x0000000000012abb      0x933 /usr/lib/gcc/arm-none-eabi/5.2.0/../../../../arm-none-eabi/lib/armv7-m/libg.a(lib_a-writer.o)
 .debug_info    0x00000000000133ee      0x9c8 /usr/lib/gcc/arm-none-eabi/5.2.0/../../../../arm-none-eabi/lib/armv7-m/libg.a(lib_a-callocr.o)
 .debug_info    0x0000000000013db6      0x8eb /usr/lib/gcc/arm-none-eabi/5.2.0/../../../../arm-none-eabi/lib/armv7-m/libg.a(lib_a-closer.o)
 .debug_info    0x00000000000146a1      0xa17 /usr/lib/gcc/arm-none-eabi/5.2.0/../../../../arm-none-eabi/lib/armv7-m/libg.a(lib_a-fclose.o)
 .debug_info    0x00000000000150b8      0xad3 /usr/lib/gcc/arm-none-eabi/5.2.0/../../../../arm-none-eabi/lib/armv7-m/libg.a(lib_a-fputwc.o)
 .debug_info    0x0000000000015b8b      0xa69 /usr/lib/gcc/arm-none-eabi/5.2.0/../../../../arm-none-eabi/lib/armv7-m/libg.a(lib_a-fstatr.o)
 .debug_info    0x00000000000165f4      0x8eb /usr/lib/gcc/arm-none-eabi/5.2.0/../../../../arm-none-eabi/lib/armv7-m/libg.a(lib_a-isattyr.o)
 .debug_info    0x0000000000016edf      0x916 /usr/lib/gcc/arm-none-eabi/5.2.0/../../../../arm-none-eabi/lib/armv7-m/libg.a(lib_a-lseekr.o)
 .debug_info    0x00000000000177f5      0x92c /usr/lib/gcc/arm-none-eabi/5.2.0/../../../../arm-none-eabi/lib/armv7-m/libg.a(lib_a-readr.o)
 .debug_info    0x0000000000018121      0x9fb /usr/lib/gcc/arm-none-eabi/5.2.0/../../../../arm-none-eabi/lib/armv7-m/libg.a(lib_a-reent.o)
 .debug_info    0x0000000000018b1c      0x9b3 /usr/lib/gcc/arm-none-eabi/5.2.0/../../../../arm-none-eabi/lib/armv7-m/libg.a(lib_a-wbuf.o)
 .debug_info    0x00000000000194cf      0xa86 /usr/lib/gcc/arm-none-eabi/5.2.0/../../../../arm-none-eabi/lib/armv7-m/libg.a(lib_a-wcrtomb.o)
 .debug_info    0x0000000000019f55      0x9bc /usr/lib/gcc/arm-none-eabi/5.2.0/../../../../arm-none-eabi/lib/armv7-m/libg.a(lib_a-wctomb_r.o)
 .debug_info    0x000000000001a911       0xbb /usr/lib/gcc/arm-none-eabi/5.2.0/armv7-m/libgcc.a(_arm_addsubdf3.o)
 .debug_info    0x000000000001a9cc       0xbb /usr/lib/gcc/arm-none-eabi/5.2.0/armv7-m/libgcc.a(_arm_muldivdf3.o)
 .debug_info    0x000000000001aa87       0xbb /usr/lib/gcc/arm-none-eabi/5.2.0/armv7-m/libgcc.a(_arm_cmpdf2.o)
 .debug_info    0x000000000001ab42       0xbb /usr/lib/gcc/arm-none-eabi/5.2.0/armv7-m/libgcc.a(_arm_fixdfsi.o)
 .debug_info    0x000000000001abfd       0xb6 /usr/lib/gcc/arm-none-eabi/5.2.0/armv7-m/libgcc.a(_aeabi_uldivmod.o)
 .debug_info    0x000000000001acb3      0x441 /usr/lib/gcc/arm-none-eabi/5.2.0/armv7-m/libgcc.a(_udivmoddi4.o)
 .debug_info    0x000000000001b0f4       0xba /usr/lib/gcc/arm-none-eabi/5.2.0/armv7-m/libgcc.a(_dvmd_tls.o)

.debug_abbrev   0x0000000000000000     0x5b7a
 *(.debug_abbrev)
 .debug_abbrev  0x0000000000000000       0x14 /usr/lib/gcc/arm-none-eabi/5.2.0/../../../../arm-none-eabi/lib/armv7-m/crt0.o
 .debug_abbrev  0x0000000000000014       0x6e ./main.o
 .debug_abbrev  0x0000000000000082      0x10f ./seg7.o
 .debug_abbrev  0x0000000000000191       0x95 ./wheel.o
 .debug_abbrev  0x0000000000000226       0xaa /usr/lib/gcc/arm-none-eabi/5.2.0/../../../../arm-none-eabi/lib/armv7-m/libg.a(lib_a-atexit.o)
 .debug_abbrev  0x00000000000002d0      0x1d6 /usr/lib/gcc/arm-none-eabi/5.2.0/../../../../arm-none-eabi/lib/armv7-m/libg.a(lib_a-exit.o)
 .debug_abbrev  0x00000000000004a6       0xbd /usr/lib/gcc/arm-none-eabi/5.2.0/../../../../arm-none-eabi/lib/armv7-m/libg.a(lib_a-fini.o)
 .debug_abbrev  0x0000000000000563      0x180 /usr/lib/gcc/arm-none-eabi/5.2.0/../../../../arm-none-eabi/lib/armv7-m/libg.a(lib_a-impure.o)
 .debug_abbrev  0x00000000000006e3       0xba /usr/lib/gcc/arm-none-eabi/5.2.0/../../../../arm-none-eabi/lib/armv7-m/libg.a(lib_a-init.o)
 .debug_abbrev  0x000000000000079d       0x9f /usr/lib/gcc/arm-none-eabi/5.2.0/../../../../arm-none-eabi/lib/armv7-m/libg.a(lib_a-memset.o)
 .debug_abbrev  0x000000000000083c      0x22a /usr/lib/gcc/arm-none-eabi/5.2.0/../../../../arm-none-eabi/lib/armv7-m/libg.a(lib_a-printf.o)
 .debug_abbrev  0x0000000000000a66      0x22f /usr/lib/gcc/arm-none-eabi/5.2.0/../../../../arm-none-eabi/lib/armv7-m/libg.a(lib_a-puts.o)
 .debug_abbrev  0x0000000000000c95       0x70 /usr/lib/gcc/arm-none-eabi/5.2.0/../../../../arm-none-eabi/lib/armv7-m/libg.a(lib_a-strlen.o)
 .debug_abbrev  0x0000000000000d05      0x3b4 /usr/lib/gcc/arm-none-eabi/5.2.0/../../../../arm-none-eabi/lib/armv7-m/libg.a(lib_a-vfprintf.o)
 .debug_abbrev  0x00000000000010b9      0x1f8 /usr/lib/gcc/arm-none-eabi/5.2.0/../../../../arm-none-eabi/lib/armv7-m/libg.a(lib_a-wsetup.o)
 .debug_abbrev  0x00000000000012b1      0x20f /usr/lib/gcc/arm-none-eabi/5.2.0/../../../../arm-none-eabi/lib/armv7-m/libg.a(lib_a-__atexit.o)
 .debug_abbrev  0x00000000000014c0      0x21f /usr/lib/gcc/arm-none-eabi/5.2.0/../../../../arm-none-eabi/lib/armv7-m/libg.a(lib_a-__call_atexit.o)
 .debug_abbrev  0x00000000000016df      0x29e /usr/lib/gcc/arm-none-eabi/5.2.0/../../../../arm-none-eabi/lib/armv7-m/libg.a(lib_a-dtoa.o)
 .debug_abbrev  0x000000000000197d      0x281 /usr/lib/gcc/arm-none-eabi/5.2.0/../../../../arm-none-eabi/lib/armv7-m/libg.a(lib_a-fflush.o)
 .debug_abbrev  0x0000000000001bfe      0x350 /usr/lib/gcc/arm-none-eabi/5.2.0/../../../../arm-none-eabi/lib/armv7-m/libg.a(lib_a-findfp.o)
 .debug_abbrev  0x0000000000001f4e      0x264 /usr/lib/gcc/arm-none-eabi/5.2.0/../../../../arm-none-eabi/lib/armv7-m/libg.a(lib_a-freer.o)
 .debug_abbrev  0x00000000000021b2      0x21c /usr/lib/gcc/arm-none-eabi/5.2.0/../../../../arm-none-eabi/lib/armv7-m/libg.a(lib_a-fvwrite.o)
 .debug_abbrev  0x00000000000023ce      0x1c2 /usr/lib/gcc/arm-none-eabi/5.2.0/../../../../arm-none-eabi/lib/armv7-m/libg.a(lib_a-fwalk.o)
 .debug_abbrev  0x0000000000002590      0x2a8 /usr/lib/gcc/arm-none-eabi/5.2.0/../../../../arm-none-eabi/lib/armv7-m/libg.a(lib_a-locale.o)
 .debug_abbrev  0x0000000000002838      0x1ef /usr/lib/gcc/arm-none-eabi/5.2.0/../../../../arm-none-eabi/lib/armv7-m/libg.a(lib_a-makebuf.o)
 .debug_abbrev  0x0000000000002a27      0x29d /usr/lib/gcc/arm-none-eabi/5.2.0/../../../../arm-none-eabi/lib/armv7-m/libg.a(lib_a-mallocr.o)
 .debug_abbrev  0x0000000000002cc4       0xba /usr/lib/gcc/arm-none-eabi/5.2.0/../../../../arm-none-eabi/lib/armv7-m/libg.a(lib_a-memchr.o)
 .debug_abbrev  0x0000000000002d7e       0x14 /usr/lib/gcc/arm-none-eabi/5.2.0/../../../../arm-none-eabi/lib/armv7-m/libg.a(lib_a-memcpy.o)
 .debug_abbrev  0x0000000000002d92       0xab /usr/lib/gcc/arm-none-eabi/5.2.0/../../../../arm-none-eabi/lib/armv7-m/libg.a(lib_a-memmove.o)
 .debug_abbrev  0x0000000000002e3d      0x1ac /usr/lib/gcc/arm-none-eabi/5.2.0/../../../../arm-none-eabi/lib/armv7-m/libg.a(lib_a-mlock.o)
 .debug_abbrev  0x0000000000002fe9      0x38a /usr/lib/gcc/arm-none-eabi/5.2.0/../../../../arm-none-eabi/lib/armv7-m/libg.a(lib_a-mprec.o)
 .debug_abbrev  0x0000000000003373      0x231 /usr/lib/gcc/arm-none-eabi/5.2.0/../../../../arm-none-eabi/lib/armv7-m/libg.a(lib_a-reallocr.o)
 .debug_abbrev  0x00000000000035a4       0x6d /usr/lib/gcc/arm-none-eabi/5.2.0/../../../../arm-none-eabi/lib/armv7-m/libg.a(lib_a-s_fpclassify.o)
 .debug_abbrev  0x0000000000003611      0x1fb /usr/lib/gcc/arm-none-eabi/5.2.0/../../../../arm-none-eabi/lib/armv7-m/libg.a(lib_a-sbrkr.o)
 .debug_abbrev  0x000000000000380c      0x22a /usr/lib/gcc/arm-none-eabi/5.2.0/../../../../arm-none-eabi/lib/armv7-m/libg.a(lib_a-stdio.o)
 .debug_abbrev  0x0000000000003a36       0x14 /usr/lib/gcc/arm-none-eabi/5.2.0/../../../../arm-none-eabi/lib/armv7-m/libg.a(lib_a-strcmp.o)
 .debug_abbrev  0x0000000000003a4a      0x3b2 /usr/lib/gcc/arm-none-eabi/5.2.0/../../../../arm-none-eabi/lib/armv7-m/libg.a(lib_a-vfiprintf.o)
 .debug_abbrev  0x0000000000003dfc      0x1fb /usr/lib/gcc/arm-none-eabi/5.2.0/../../../../arm-none-eabi/lib/armv7-m/libg.a(lib_a-writer.o)
 .debug_abbrev  0x0000000000003ff7      0x1fc /usr/lib/gcc/arm-none-eabi/5.2.0/../../../../arm-none-eabi/lib/armv7-m/libg.a(lib_a-callocr.o)
 .debug_abbrev  0x00000000000041f3      0x1f6 /usr/lib/gcc/arm-none-eabi/5.2.0/../../../../arm-none-eabi/lib/armv7-m/libg.a(lib_a-closer.o)
 .debug_abbrev  0x00000000000043e9      0x293 /usr/lib/gcc/arm-none-eabi/5.2.0/../../../../arm-none-eabi/lib/armv7-m/libg.a(lib_a-fclose.o)
 .debug_abbrev  0x000000000000467c      0x2ba /usr/lib/gcc/arm-none-eabi/5.2.0/../../../../arm-none-eabi/lib/armv7-m/libg.a(lib_a-fputwc.o)
 .debug_abbrev  0x0000000000004936      0x205 /usr/lib/gcc/arm-none-eabi/5.2.0/../../../../arm-none-eabi/lib/armv7-m/libg.a(lib_a-fstatr.o)
 .debug_abbrev  0x0000000000004b3b      0x1f6 /usr/lib/gcc/arm-none-eabi/5.2.0/../../../../arm-none-eabi/lib/armv7-m/libg.a(lib_a-isattyr.o)
 .debug_abbrev  0x0000000000004d31      0x205 /usr/lib/gcc/arm-none-eabi/5.2.0/../../../../arm-none-eabi/lib/armv7-m/libg.a(lib_a-lseekr.o)
 .debug_abbrev  0x0000000000004f36      0x1f6 /usr/lib/gcc/arm-none-eabi/5.2.0/../../../../arm-none-eabi/lib/armv7-m/libg.a(lib_a-readr.o)
 .debug_abbrev  0x000000000000512c      0x25c /usr/lib/gcc/arm-none-eabi/5.2.0/../../../../arm-none-eabi/lib/armv7-m/libg.a(lib_a-reent.o)
 .debug_abbrev  0x0000000000005388      0x242 /usr/lib/gcc/arm-none-eabi/5.2.0/../../../../arm-none-eabi/lib/armv7-m/libg.a(lib_a-wbuf.o)
 .debug_abbrev  0x00000000000055ca      0x227 /usr/lib/gcc/arm-none-eabi/5.2.0/../../../../arm-none-eabi/lib/armv7-m/libg.a(lib_a-wcrtomb.o)
 .debug_abbrev  0x00000000000057f1      0x210 /usr/lib/gcc/arm-none-eabi/5.2.0/../../../../arm-none-eabi/lib/armv7-m/libg.a(lib_a-wctomb_r.o)
 .debug_abbrev  0x0000000000005a01       0x14 /usr/lib/gcc/arm-none-eabi/5.2.0/armv7-m/libgcc.a(_arm_addsubdf3.o)
 .debug_abbrev  0x0000000000005a15       0x14 /usr/lib/gcc/arm-none-eabi/5.2.0/armv7-m/libgcc.a(_arm_muldivdf3.o)
 .debug_abbrev  0x0000000000005a29       0x14 /usr/lib/gcc/arm-none-eabi/5.2.0/armv7-m/libgcc.a(_arm_cmpdf2.o)
 .debug_abbrev  0x0000000000005a3d       0x14 /usr/lib/gcc/arm-none-eabi/5.2.0/armv7-m/libgcc.a(_arm_fixdfsi.o)
 .debug_abbrev  0x0000000000005a51       0x14 /usr/lib/gcc/arm-none-eabi/5.2.0/armv7-m/libgcc.a(_aeabi_uldivmod.o)
 .debug_abbrev  0x0000000000005a65      0x101 /usr/lib/gcc/arm-none-eabi/5.2.0/armv7-m/libgcc.a(_udivmoddi4.o)
 .debug_abbrev  0x0000000000005b66       0x14 /usr/lib/gcc/arm-none-eabi/5.2.0/armv7-m/libgcc.a(_dvmd_tls.o)

.debug_line     0x0000000000000000     0x6c62
 *(.debug_line .debug_line.* .debug_line_end)
 .debug_line    0x0000000000000000       0x7b /usr/lib/gcc/arm-none-eabi/5.2.0/../../../../arm-none-eabi/lib/armv7-m/crt0.o
 .debug_line    0x000000000000007b      0x23c ./main.o
 .debug_line    0x00000000000002b7      0x1ab ./seg7.o
 .debug_line    0x0000000000000462      0x22f ./wheel.o
 .debug_line    0x0000000000000691       0xaf /usr/lib/gcc/arm-none-eabi/5.2.0/../../../../arm-none-eabi/lib/armv7-m/libg.a(lib_a-atexit.o)
 .debug_line    0x0000000000000740      0x153 /usr/lib/gcc/arm-none-eabi/5.2.0/../../../../arm-none-eabi/lib/armv7-m/libg.a(lib_a-exit.o)
 .debug_line    0x0000000000000893       0x9c /usr/lib/gcc/arm-none-eabi/5.2.0/../../../../arm-none-eabi/lib/armv7-m/libg.a(lib_a-fini.o)
 .debug_line    0x000000000000092f       0xe0 /usr/lib/gcc/arm-none-eabi/5.2.0/../../../../arm-none-eabi/lib/armv7-m/libg.a(lib_a-impure.o)
 .debug_line    0x0000000000000a0f       0xb6 /usr/lib/gcc/arm-none-eabi/5.2.0/../../../../arm-none-eabi/lib/armv7-m/libg.a(lib_a-init.o)
 .debug_line    0x0000000000000ac5      0x108 /usr/lib/gcc/arm-none-eabi/5.2.0/../../../../arm-none-eabi/lib/armv7-m/libg.a(lib_a-memset.o)
 .debug_line    0x0000000000000bcd      0x169 /usr/lib/gcc/arm-none-eabi/5.2.0/../../../../arm-none-eabi/lib/armv7-m/libg.a(lib_a-printf.o)
 .debug_line    0x0000000000000d36      0x183 /usr/lib/gcc/arm-none-eabi/5.2.0/../../../../arm-none-eabi/lib/armv7-m/libg.a(lib_a-puts.o)
 .debug_line    0x0000000000000eb9       0xe1 /usr/lib/gcc/arm-none-eabi/5.2.0/../../../../arm-none-eabi/lib/armv7-m/libg.a(lib_a-strlen.o)
 .debug_line    0x0000000000000f9a      0xb34 /usr/lib/gcc/arm-none-eabi/5.2.0/../../../../arm-none-eabi/lib/armv7-m/libg.a(lib_a-vfprintf.o)
 .debug_line    0x0000000000001ace      0x19c /usr/lib/gcc/arm-none-eabi/5.2.0/../../../../arm-none-eabi/lib/armv7-m/libg.a(lib_a-wsetup.o)
 .debug_line    0x0000000000001c6a      0x17a /usr/lib/gcc/arm-none-eabi/5.2.0/../../../../arm-none-eabi/lib/armv7-m/libg.a(lib_a-__atexit.o)
 .debug_line    0x0000000000001de4      0x190 /usr/lib/gcc/arm-none-eabi/5.2.0/../../../../arm-none-eabi/lib/armv7-m/libg.a(lib_a-__call_atexit.o)
 .debug_line    0x0000000000001f74      0x684 /usr/lib/gcc/arm-none-eabi/5.2.0/../../../../arm-none-eabi/lib/armv7-m/libg.a(lib_a-dtoa.o)
 .debug_line    0x00000000000025f8      0x233 /usr/lib/gcc/arm-none-eabi/5.2.0/../../../../arm-none-eabi/lib/armv7-m/libg.a(lib_a-fflush.o)
 .debug_line    0x000000000000282b      0x2b1 /usr/lib/gcc/arm-none-eabi/5.2.0/../../../../arm-none-eabi/lib/armv7-m/libg.a(lib_a-findfp.o)
 .debug_line    0x0000000000002adc      0x24b /usr/lib/gcc/arm-none-eabi/5.2.0/../../../../arm-none-eabi/lib/armv7-m/libg.a(lib_a-freer.o)
 .debug_line    0x0000000000002d27      0x2a0 /usr/lib/gcc/arm-none-eabi/5.2.0/../../../../arm-none-eabi/lib/armv7-m/libg.a(lib_a-fvwrite.o)
 .debug_line    0x0000000000002fc7      0x181 /usr/lib/gcc/arm-none-eabi/5.2.0/../../../../arm-none-eabi/lib/armv7-m/libg.a(lib_a-fwalk.o)
 .debug_line    0x0000000000003148      0x1df /usr/lib/gcc/arm-none-eabi/5.2.0/../../../../arm-none-eabi/lib/armv7-m/libg.a(lib_a-locale.o)
 .debug_line    0x0000000000003327      0x1c3 /usr/lib/gcc/arm-none-eabi/5.2.0/../../../../arm-none-eabi/lib/armv7-m/libg.a(lib_a-makebuf.o)
 .debug_line    0x00000000000034ea      0x365 /usr/lib/gcc/arm-none-eabi/5.2.0/../../../../arm-none-eabi/lib/armv7-m/libg.a(lib_a-mallocr.o)
 .debug_line    0x000000000000384f      0x106 /usr/lib/gcc/arm-none-eabi/5.2.0/../../../../arm-none-eabi/lib/armv7-m/libg.a(lib_a-memchr.o)
 .debug_line    0x0000000000003955       0xbb /usr/lib/gcc/arm-none-eabi/5.2.0/../../../../arm-none-eabi/lib/armv7-m/libg.a(lib_a-memcpy.o)
 .debug_line    0x0000000000003a10      0x117 /usr/lib/gcc/arm-none-eabi/5.2.0/../../../../arm-none-eabi/lib/armv7-m/libg.a(lib_a-memmove.o)
 .debug_line    0x0000000000003b27       0xef /usr/lib/gcc/arm-none-eabi/5.2.0/../../../../arm-none-eabi/lib/armv7-m/libg.a(lib_a-mlock.o)
 .debug_line    0x0000000000003c16      0x6aa /usr/lib/gcc/arm-none-eabi/5.2.0/../../../../arm-none-eabi/lib/armv7-m/libg.a(lib_a-mprec.o)
 .debug_line    0x00000000000042c0      0x2a0 /usr/lib/gcc/arm-none-eabi/5.2.0/../../../../arm-none-eabi/lib/armv7-m/libg.a(lib_a-reallocr.o)
 .debug_line    0x0000000000004560      0x11c /usr/lib/gcc/arm-none-eabi/5.2.0/../../../../arm-none-eabi/lib/armv7-m/libg.a(lib_a-s_fpclassify.o)
 .debug_line    0x000000000000467c      0x13f /usr/lib/gcc/arm-none-eabi/5.2.0/../../../../arm-none-eabi/lib/armv7-m/libg.a(lib_a-sbrkr.o)
 .debug_line    0x00000000000047bb      0x1ae /usr/lib/gcc/arm-none-eabi/5.2.0/../../../../arm-none-eabi/lib/armv7-m/libg.a(lib_a-stdio.o)
 .debug_line    0x0000000000004969      0x100 /usr/lib/gcc/arm-none-eabi/5.2.0/../../../../arm-none-eabi/lib/armv7-m/libg.a(lib_a-strcmp.o)
 .debug_line    0x0000000000004a69      0x8e3 /usr/lib/gcc/arm-none-eabi/5.2.0/../../../../arm-none-eabi/lib/armv7-m/libg.a(lib_a-vfiprintf.o)
 .debug_line    0x000000000000534c      0x142 /usr/lib/gcc/arm-none-eabi/5.2.0/../../../../arm-none-eabi/lib/armv7-m/libg.a(lib_a-writer.o)
 .debug_line    0x000000000000548e      0x11b /usr/lib/gcc/arm-none-eabi/5.2.0/../../../../arm-none-eabi/lib/armv7-m/libg.a(lib_a-callocr.o)
 .debug_line    0x00000000000055a9      0x140 /usr/lib/gcc/arm-none-eabi/5.2.0/../../../../arm-none-eabi/lib/armv7-m/libg.a(lib_a-closer.o)
 .debug_line    0x00000000000056e9      0x18c /usr/lib/gcc/arm-none-eabi/5.2.0/../../../../arm-none-eabi/lib/armv7-m/libg.a(lib_a-fclose.o)
 .debug_line    0x0000000000005875      0x1ea /usr/lib/gcc/arm-none-eabi/5.2.0/../../../../arm-none-eabi/lib/armv7-m/libg.a(lib_a-fputwc.o)
 .debug_line    0x0000000000005a5f      0x156 /usr/lib/gcc/arm-none-eabi/5.2.0/../../../../arm-none-eabi/lib/armv7-m/libg.a(lib_a-fstatr.o)
 .debug_line    0x0000000000005bb5      0x141 /usr/lib/gcc/arm-none-eabi/5.2.0/../../../../arm-none-eabi/lib/armv7-m/libg.a(lib_a-isattyr.o)
 .debug_line    0x0000000000005cf6      0x142 /usr/lib/gcc/arm-none-eabi/5.2.0/../../../../arm-none-eabi/lib/armv7-m/libg.a(lib_a-lseekr.o)
 .debug_line    0x0000000000005e38      0x141 /usr/lib/gcc/arm-none-eabi/5.2.0/../../../../arm-none-eabi/lib/armv7-m/libg.a(lib_a-readr.o)
 .debug_line    0x0000000000005f79      0x178 /usr/lib/gcc/arm-none-eabi/5.2.0/../../../../arm-none-eabi/lib/armv7-m/libg.a(lib_a-reent.o)
 .debug_line    0x00000000000060f1      0x1c3 /usr/lib/gcc/arm-none-eabi/5.2.0/../../../../arm-none-eabi/lib/armv7-m/libg.a(lib_a-wbuf.o)
 .debug_line    0x00000000000062b4      0x16e /usr/lib/gcc/arm-none-eabi/5.2.0/../../../../arm-none-eabi/lib/armv7-m/libg.a(lib_a-wcrtomb.o)
 .debug_line    0x0000000000006422      0x16f /usr/lib/gcc/arm-none-eabi/5.2.0/../../../../arm-none-eabi/lib/armv7-m/libg.a(lib_a-wctomb_r.o)
 .debug_line    0x0000000000006591      0x17c /usr/lib/gcc/arm-none-eabi/5.2.0/armv7-m/libgcc.a(_arm_addsubdf3.o)
 .debug_line    0x000000000000670d      0x1a0 /usr/lib/gcc/arm-none-eabi/5.2.0/armv7-m/libgcc.a(_arm_muldivdf3.o)
 .debug_line    0x00000000000068ad       0xbd /usr/lib/gcc/arm-none-eabi/5.2.0/armv7-m/libgcc.a(_arm_cmpdf2.o)
 .debug_line    0x000000000000696a       0x7d /usr/lib/gcc/arm-none-eabi/5.2.0/armv7-m/libgcc.a(_arm_fixdfsi.o)
 .debug_line    0x00000000000069e7       0x64 /usr/lib/gcc/arm-none-eabi/5.2.0/armv7-m/libgcc.a(_aeabi_uldivmod.o)
 .debug_line    0x0000000000006a4b      0x1b3 /usr/lib/gcc/arm-none-eabi/5.2.0/armv7-m/libgcc.a(_udivmoddi4.o)
 .debug_line    0x0000000000006bfe       0x64 /usr/lib/gcc/arm-none-eabi/5.2.0/armv7-m/libgcc.a(_dvmd_tls.o)

.debug_frame    0x0000000000000000     0x10dc
 *(.debug_frame)
 .debug_frame   0x0000000000000000       0x30 ./main.o
 .debug_frame   0x0000000000000030       0x60 ./seg7.o
 .debug_frame   0x0000000000000090       0x50 ./wheel.o
 .debug_frame   0x00000000000000e0       0x20 /usr/lib/gcc/arm-none-eabi/5.2.0/../../../../arm-none-eabi/lib/armv7-m/libg.a(lib_a-atexit.o)
 .debug_frame   0x0000000000000100       0x28 /usr/lib/gcc/arm-none-eabi/5.2.0/../../../../arm-none-eabi/lib/armv7-m/libg.a(lib_a-exit.o)
 .debug_frame   0x0000000000000128       0x34 /usr/lib/gcc/arm-none-eabi/5.2.0/../../../../arm-none-eabi/lib/armv7-m/libg.a(lib_a-fini.o)
 .debug_frame   0x000000000000015c       0x2c /usr/lib/gcc/arm-none-eabi/5.2.0/../../../../arm-none-eabi/lib/armv7-m/libg.a(lib_a-init.o)
 .debug_frame   0x0000000000000188       0x34 /usr/lib/gcc/arm-none-eabi/5.2.0/../../../../arm-none-eabi/lib/armv7-m/libg.a(lib_a-memset.o)
 .debug_frame   0x00000000000001bc       0x78 /usr/lib/gcc/arm-none-eabi/5.2.0/../../../../arm-none-eabi/lib/armv7-m/libg.a(lib_a-printf.o)
 .debug_frame   0x0000000000000234       0x44 /usr/lib/gcc/arm-none-eabi/5.2.0/../../../../arm-none-eabi/lib/armv7-m/libg.a(lib_a-puts.o)
 .debug_frame   0x0000000000000278       0x20 /usr/lib/gcc/arm-none-eabi/5.2.0/../../../../arm-none-eabi/lib/armv7-m/libg.a(lib_a-strlen.o)
 .debug_frame   0x0000000000000298       0x88 /usr/lib/gcc/arm-none-eabi/5.2.0/../../../../arm-none-eabi/lib/armv7-m/libg.a(lib_a-vfprintf.o)
 .debug_frame   0x0000000000000320       0x2c /usr/lib/gcc/arm-none-eabi/5.2.0/../../../../arm-none-eabi/lib/armv7-m/libg.a(lib_a-wsetup.o)
 .debug_frame   0x000000000000034c       0x34 /usr/lib/gcc/arm-none-eabi/5.2.0/../../../../arm-none-eabi/lib/armv7-m/libg.a(lib_a-__atexit.o)
 .debug_frame   0x0000000000000380       0x40 /usr/lib/gcc/arm-none-eabi/5.2.0/../../../../arm-none-eabi/lib/armv7-m/libg.a(lib_a-__call_atexit.o)
 .debug_frame   0x00000000000003c0       0x84 /usr/lib/gcc/arm-none-eabi/5.2.0/../../../../arm-none-eabi/lib/armv7-m/libg.a(lib_a-dtoa.o)
 .debug_frame   0x0000000000000444       0x6c /usr/lib/gcc/arm-none-eabi/5.2.0/../../../../arm-none-eabi/lib/armv7-m/libg.a(lib_a-fflush.o)
 .debug_frame   0x00000000000004b0      0x124 /usr/lib/gcc/arm-none-eabi/5.2.0/../../../../arm-none-eabi/lib/armv7-m/libg.a(lib_a-findfp.o)
 .debug_frame   0x00000000000005d4       0x74 /usr/lib/gcc/arm-none-eabi/5.2.0/../../../../arm-none-eabi/lib/armv7-m/libg.a(lib_a-freer.o)
 .debug_frame   0x0000000000000648       0x68 /usr/lib/gcc/arm-none-eabi/5.2.0/../../../../arm-none-eabi/lib/armv7-m/libg.a(lib_a-fvwrite.o)
 .debug_frame   0x00000000000006b0       0x54 /usr/lib/gcc/arm-none-eabi/5.2.0/../../../../arm-none-eabi/lib/armv7-m/libg.a(lib_a-fwalk.o)
 .debug_frame   0x0000000000000704       0x9c /usr/lib/gcc/arm-none-eabi/5.2.0/../../../../arm-none-eabi/lib/armv7-m/libg.a(lib_a-locale.o)
 .debug_frame   0x00000000000007a0       0x48 /usr/lib/gcc/arm-none-eabi/5.2.0/../../../../arm-none-eabi/lib/armv7-m/libg.a(lib_a-makebuf.o)
 .debug_frame   0x00000000000007e8       0x54 /usr/lib/gcc/arm-none-eabi/5.2.0/../../../../arm-none-eabi/lib/armv7-m/libg.a(lib_a-mallocr.o)
 .debug_frame   0x000000000000083c       0x34 /usr/lib/gcc/arm-none-eabi/5.2.0/../../../../arm-none-eabi/lib/armv7-m/libg.a(lib_a-memchr.o)
 .debug_frame   0x0000000000000870       0x30 /usr/lib/gcc/arm-none-eabi/5.2.0/../../../../arm-none-eabi/lib/armv7-m/libg.a(lib_a-memmove.o)
 .debug_frame   0x00000000000008a0       0x30 /usr/lib/gcc/arm-none-eabi/5.2.0/../../../../arm-none-eabi/lib/armv7-m/libg.a(lib_a-mlock.o)
 .debug_frame   0x00000000000008d0      0x264 /usr/lib/gcc/arm-none-eabi/5.2.0/../../../../arm-none-eabi/lib/armv7-m/libg.a(lib_a-mprec.o)
 .debug_frame   0x0000000000000b34       0x58 /usr/lib/gcc/arm-none-eabi/5.2.0/../../../../arm-none-eabi/lib/armv7-m/libg.a(lib_a-reallocr.o)
 .debug_frame   0x0000000000000b8c       0x34 /usr/lib/gcc/arm-none-eabi/5.2.0/../../../../arm-none-eabi/lib/armv7-m/libg.a(lib_a-s_fpclassify.o)
 .debug_frame   0x0000000000000bc0       0x2c /usr/lib/gcc/arm-none-eabi/5.2.0/../../../../arm-none-eabi/lib/armv7-m/libg.a(lib_a-sbrkr.o)
 .debug_frame   0x0000000000000bec       0x88 /usr/lib/gcc/arm-none-eabi/5.2.0/../../../../arm-none-eabi/lib/armv7-m/libg.a(lib_a-stdio.o)
 .debug_frame   0x0000000000000c74       0xc8 /usr/lib/gcc/arm-none-eabi/5.2.0/../../../../arm-none-eabi/lib/armv7-m/libg.a(lib_a-vfiprintf.o)
 .debug_frame   0x0000000000000d3c       0x2c /usr/lib/gcc/arm-none-eabi/5.2.0/../../../../arm-none-eabi/lib/armv7-m/libg.a(lib_a-writer.o)
 .debug_frame   0x0000000000000d68       0x28 /usr/lib/gcc/arm-none-eabi/5.2.0/../../../../arm-none-eabi/lib/armv7-m/libg.a(lib_a-callocr.o)
 .debug_frame   0x0000000000000d90       0x2c /usr/lib/gcc/arm-none-eabi/5.2.0/../../../../arm-none-eabi/lib/armv7-m/libg.a(lib_a-closer.o)
 .debug_frame   0x0000000000000dbc       0x44 /usr/lib/gcc/arm-none-eabi/5.2.0/../../../../arm-none-eabi/lib/armv7-m/libg.a(lib_a-fclose.o)
 .debug_frame   0x0000000000000e00       0x88 /usr/lib/gcc/arm-none-eabi/5.2.0/../../../../arm-none-eabi/lib/armv7-m/libg.a(lib_a-fputwc.o)
 .debug_frame   0x0000000000000e88       0x2c /usr/lib/gcc/arm-none-eabi/5.2.0/../../../../arm-none-eabi/lib/armv7-m/libg.a(lib_a-fstatr.o)
 .debug_frame   0x0000000000000eb4       0x2c /usr/lib/gcc/arm-none-eabi/5.2.0/../../../../arm-none-eabi/lib/armv7-m/libg.a(lib_a-isattyr.o)
 .debug_frame   0x0000000000000ee0       0x2c /usr/lib/gcc/arm-none-eabi/5.2.0/../../../../arm-none-eabi/lib/armv7-m/libg.a(lib_a-lseekr.o)
 .debug_frame   0x0000000000000f0c       0x2c /usr/lib/gcc/arm-none-eabi/5.2.0/../../../../arm-none-eabi/lib/armv7-m/libg.a(lib_a-readr.o)
 .debug_frame   0x0000000000000f38       0x58 /usr/lib/gcc/arm-none-eabi/5.2.0/../../../../arm-none-eabi/lib/armv7-m/libg.a(lib_a-reent.o)
 .debug_frame   0x0000000000000f90       0x40 /usr/lib/gcc/arm-none-eabi/5.2.0/../../../../arm-none-eabi/lib/armv7-m/libg.a(lib_a-wbuf.o)
 .debug_frame   0x0000000000000fd0       0x60 /usr/lib/gcc/arm-none-eabi/5.2.0/../../../../arm-none-eabi/lib/armv7-m/libg.a(lib_a-wcrtomb.o)
 .debug_frame   0x0000000000001030       0x48 /usr/lib/gcc/arm-none-eabi/5.2.0/../../../../arm-none-eabi/lib/armv7-m/libg.a(lib_a-wctomb_r.o)
 .debug_frame   0x0000000000001078       0x2c /usr/lib/gcc/arm-none-eabi/5.2.0/armv7-m/libgcc.a(_aeabi_uldivmod.o)
 .debug_frame   0x00000000000010a4       0x38 /usr/lib/gcc/arm-none-eabi/5.2.0/armv7-m/libgcc.a(_udivmoddi4.o)

.debug_str      0x0000000000000000     0x7c90
 *(.debug_str)
 .debug_str     0x0000000000000000     0x5dbe ./main.o
                                       0x5fa0 (size before relaxing)
 .debug_str     0x0000000000005dbe       0xc0 ./seg7.o
                                       0x3054 (size before relaxing)
 .debug_str     0x0000000000005e7e      0x134 ./wheel.o
                                       0x6111 (size before relaxing)
 .debug_str     0x0000000000005fb2      0x141 /usr/lib/gcc/arm-none-eabi/5.2.0/../../../../arm-none-eabi/lib/armv7-m/libg.a(lib_a-atexit.o)
                                        0x1e6 (size before relaxing)
 .debug_str     0x00000000000060f3      0x3a8 /usr/lib/gcc/arm-none-eabi/5.2.0/../../../../arm-none-eabi/lib/armv7-m/libg.a(lib_a-exit.o)
                                        0x583 (size before relaxing)
 .debug_str     0x000000000000649b       0xbf /usr/lib/gcc/arm-none-eabi/5.2.0/../../../../arm-none-eabi/lib/armv7-m/libg.a(lib_a-fini.o)
                                        0x1de (size before relaxing)
 .debug_str     0x000000000000655a       0x93 /usr/lib/gcc/arm-none-eabi/5.2.0/../../../../arm-none-eabi/lib/armv7-m/libg.a(lib_a-impure.o)
                                        0x57a (size before relaxing)
 .debug_str     0x00000000000065ed       0x8a /usr/lib/gcc/arm-none-eabi/5.2.0/../../../../arm-none-eabi/lib/armv7-m/libg.a(lib_a-init.o)
                                        0x208 (size before relaxing)
 .debug_str     0x0000000000006677       0xa4 /usr/lib/gcc/arm-none-eabi/5.2.0/../../../../arm-none-eabi/lib/armv7-m/libg.a(lib_a-memset.o)
                                        0x1bd (size before relaxing)
 .debug_str     0x000000000000671b       0xa2 /usr/lib/gcc/arm-none-eabi/5.2.0/../../../../arm-none-eabi/lib/armv7-m/libg.a(lib_a-printf.o)
                                        0x59e (size before relaxing)
 .debug_str     0x00000000000067bd       0x88 /usr/lib/gcc/arm-none-eabi/5.2.0/../../../../arm-none-eabi/lib/armv7-m/libg.a(lib_a-puts.o)
                                        0x5c9 (size before relaxing)
 .debug_str     0x0000000000006845       0x96 /usr/lib/gcc/arm-none-eabi/5.2.0/../../../../arm-none-eabi/lib/armv7-m/libg.a(lib_a-strlen.o)
                                        0x1b6 (size before relaxing)
 .debug_str     0x00000000000068db      0x244 /usr/lib/gcc/arm-none-eabi/5.2.0/../../../../arm-none-eabi/lib/armv7-m/libg.a(lib_a-vfprintf.o)
                                        0x7e9 (size before relaxing)
 .debug_str     0x0000000000006b1f       0x42 /usr/lib/gcc/arm-none-eabi/5.2.0/../../../../arm-none-eabi/lib/armv7-m/libg.a(lib_a-wsetup.o)
                                        0x599 (size before relaxing)
 .debug_str     0x0000000000006b61       0x30 /usr/lib/gcc/arm-none-eabi/5.2.0/../../../../arm-none-eabi/lib/armv7-m/libg.a(lib_a-__atexit.o)
                                        0x5bb (size before relaxing)
 .debug_str     0x0000000000006b91       0x51 /usr/lib/gcc/arm-none-eabi/5.2.0/../../../../arm-none-eabi/lib/armv7-m/libg.a(lib_a-__call_atexit.o)
                                        0x5a7 (size before relaxing)
 .debug_str     0x0000000000006be2      0x151 /usr/lib/gcc/arm-none-eabi/5.2.0/../../../../arm-none-eabi/lib/armv7-m/libg.a(lib_a-dtoa.o)
                                        0x6b9 (size before relaxing)
 .debug_str     0x0000000000006d33       0x5d /usr/lib/gcc/arm-none-eabi/5.2.0/../../../../arm-none-eabi/lib/armv7-m/libg.a(lib_a-fflush.o)
                                        0x5da (size before relaxing)
 .debug_str     0x0000000000006d90      0x110 /usr/lib/gcc/arm-none-eabi/5.2.0/../../../../arm-none-eabi/lib/armv7-m/libg.a(lib_a-findfp.o)
                                        0x690 (size before relaxing)
 .debug_str     0x0000000000006ea0      0x16c /usr/lib/gcc/arm-none-eabi/5.2.0/../../../../arm-none-eabi/lib/armv7-m/libg.a(lib_a-freer.o)
                                        0x6c9 (size before relaxing)
 .debug_str     0x000000000000700c       0x5f /usr/lib/gcc/arm-none-eabi/5.2.0/../../../../arm-none-eabi/lib/armv7-m/libg.a(lib_a-fvwrite.o)
                                        0x60c (size before relaxing)
 .debug_str     0x000000000000706b       0x3b /usr/lib/gcc/arm-none-eabi/5.2.0/../../../../arm-none-eabi/lib/armv7-m/libg.a(lib_a-fwalk.o)
                                        0x57f (size before relaxing)
 .debug_str     0x00000000000070a6      0x25d /usr/lib/gcc/arm-none-eabi/5.2.0/../../../../arm-none-eabi/lib/armv7-m/libg.a(lib_a-locale.o)
                                        0x7d7 (size before relaxing)
 .debug_str     0x0000000000007303      0x115 /usr/lib/gcc/arm-none-eabi/5.2.0/../../../../arm-none-eabi/lib/armv7-m/libg.a(lib_a-makebuf.o)
                                        0x67c (size before relaxing)
 .debug_str     0x0000000000007418       0xe5 /usr/lib/gcc/arm-none-eabi/5.2.0/../../../../arm-none-eabi/lib/armv7-m/libg.a(lib_a-mallocr.o)
                                        0x77f (size before relaxing)
 .debug_str     0x00000000000074fd       0x41 /usr/lib/gcc/arm-none-eabi/5.2.0/../../../../arm-none-eabi/lib/armv7-m/libg.a(lib_a-memchr.o)
                                        0x1c3 (size before relaxing)
 .debug_str     0x000000000000753e       0x50 /usr/lib/gcc/arm-none-eabi/5.2.0/../../../../arm-none-eabi/lib/armv7-m/libg.a(lib_a-memmove.o)
                                        0x1dc (size before relaxing)
 .debug_str     0x000000000000758e       0x42 /usr/lib/gcc/arm-none-eabi/5.2.0/../../../../arm-none-eabi/lib/armv7-m/libg.a(lib_a-mlock.o)
                                        0x575 (size before relaxing)
 .debug_str     0x00000000000075d0       0x98 /usr/lib/gcc/arm-none-eabi/5.2.0/../../../../arm-none-eabi/lib/armv7-m/libg.a(lib_a-mprec.o)
                                        0x673 (size before relaxing)
 .debug_str     0x0000000000007668       0x49 /usr/lib/gcc/arm-none-eabi/5.2.0/../../../../arm-none-eabi/lib/armv7-m/libg.a(lib_a-reallocr.o)
                                        0x65b (size before relaxing)
 .debug_str     0x00000000000076b1       0x8f /usr/lib/gcc/arm-none-eabi/5.2.0/../../../../arm-none-eabi/lib/armv7-m/libg.a(lib_a-s_fpclassify.o)
                                        0x1c7 (size before relaxing)
 .debug_str     0x0000000000007740       0x37 /usr/lib/gcc/arm-none-eabi/5.2.0/../../../../arm-none-eabi/lib/armv7-m/libg.a(lib_a-sbrkr.o)
                                        0x571 (size before relaxing)
 .debug_str     0x0000000000007777       0x8c /usr/lib/gcc/arm-none-eabi/5.2.0/../../../../arm-none-eabi/lib/armv7-m/libg.a(lib_a-stdio.o)
                                        0x5ce (size before relaxing)
 .debug_str     0x0000000000007803       0x21 /usr/lib/gcc/arm-none-eabi/5.2.0/../../../../arm-none-eabi/lib/armv7-m/libg.a(lib_a-vfiprintf.o)
                                        0x73d (size before relaxing)
 .debug_str     0x0000000000007824       0x2d /usr/lib/gcc/arm-none-eabi/5.2.0/../../../../arm-none-eabi/lib/armv7-m/libg.a(lib_a-writer.o)
                                        0x56e (size before relaxing)
 .debug_str     0x0000000000007851        0xf /usr/lib/gcc/arm-none-eabi/5.2.0/../../../../arm-none-eabi/lib/armv7-m/libg.a(lib_a-callocr.o)
                                        0x5b3 (size before relaxing)
 .debug_str     0x0000000000007860       0x2d /usr/lib/gcc/arm-none-eabi/5.2.0/../../../../arm-none-eabi/lib/armv7-m/libg.a(lib_a-closer.o)
                                        0x55e (size before relaxing)
 .debug_str     0x000000000000788d       0x3e /usr/lib/gcc/arm-none-eabi/5.2.0/../../../../arm-none-eabi/lib/armv7-m/libg.a(lib_a-fclose.o)
                                        0x5c7 (size before relaxing)
 .debug_str     0x00000000000078cb       0x4b /usr/lib/gcc/arm-none-eabi/5.2.0/../../../../arm-none-eabi/lib/armv7-m/libg.a(lib_a-fputwc.o)
                                        0x5cb (size before relaxing)
 .debug_str     0x0000000000007916       0x3a /usr/lib/gcc/arm-none-eabi/5.2.0/../../../../arm-none-eabi/lib/armv7-m/libg.a(lib_a-fstatr.o)
                                        0x651 (size before relaxing)
 .debug_str     0x0000000000007950       0x36 /usr/lib/gcc/arm-none-eabi/5.2.0/../../../../arm-none-eabi/lib/armv7-m/libg.a(lib_a-isattyr.o)
                                        0x568 (size before relaxing)
 .debug_str     0x0000000000007986       0x34 /usr/lib/gcc/arm-none-eabi/5.2.0/../../../../arm-none-eabi/lib/armv7-m/libg.a(lib_a-lseekr.o)
                                        0x56c (size before relaxing)
 .debug_str     0x00000000000079ba       0x2c /usr/lib/gcc/arm-none-eabi/5.2.0/../../../../arm-none-eabi/lib/armv7-m/libg.a(lib_a-readr.o)
                                        0x56c (size before relaxing)
 .debug_str     0x00000000000079e6       0x58 /usr/lib/gcc/arm-none-eabi/5.2.0/../../../../arm-none-eabi/lib/armv7-m/libg.a(lib_a-reent.o)
                                        0x599 (size before relaxing)
 .debug_str     0x0000000000007a3e       0x33 /usr/lib/gcc/arm-none-eabi/5.2.0/../../../../arm-none-eabi/lib/armv7-m/libg.a(lib_a-wbuf.o)
                                        0x59e (size before relaxing)
 .debug_str     0x0000000000007a71       0x47 /usr/lib/gcc/arm-none-eabi/5.2.0/../../../../arm-none-eabi/lib/armv7-m/libg.a(lib_a-wcrtomb.o)
                                        0x5b1 (size before relaxing)
 .debug_str     0x0000000000007ab8       0x50 /usr/lib/gcc/arm-none-eabi/5.2.0/../../../../arm-none-eabi/lib/armv7-m/libg.a(lib_a-wctomb_r.o)
                                        0x5ba (size before relaxing)
 .debug_str     0x0000000000007b08      0x188 /usr/lib/gcc/arm-none-eabi/5.2.0/armv7-m/libgcc.a(_udivmoddi4.o)
                                        0x241 (size before relaxing)

.debug_loc      0x0000000000000000     0xf7db
 *(.debug_loc)
 .debug_loc     0x0000000000000000       0x2c /usr/lib/gcc/arm-none-eabi/5.2.0/../../../../arm-none-eabi/lib/armv7-m/libg.a(lib_a-atexit.o)
 .debug_loc     0x000000000000002c       0x1e /usr/lib/gcc/arm-none-eabi/5.2.0/../../../../arm-none-eabi/lib/armv7-m/libg.a(lib_a-exit.o)
 .debug_loc     0x000000000000004a       0x5c /usr/lib/gcc/arm-none-eabi/5.2.0/../../../../arm-none-eabi/lib/armv7-m/libg.a(lib_a-fini.o)
 .debug_loc     0x00000000000000a6       0xae /usr/lib/gcc/arm-none-eabi/5.2.0/../../../../arm-none-eabi/lib/armv7-m/libg.a(lib_a-init.o)
 .debug_loc     0x0000000000000154      0x1ae /usr/lib/gcc/arm-none-eabi/5.2.0/../../../../arm-none-eabi/lib/armv7-m/libg.a(lib_a-memset.o)
 .debug_loc     0x0000000000000302       0x34 /usr/lib/gcc/arm-none-eabi/5.2.0/../../../../arm-none-eabi/lib/armv7-m/libg.a(lib_a-printf.o)
 .debug_loc     0x0000000000000336       0xc2 /usr/lib/gcc/arm-none-eabi/5.2.0/../../../../arm-none-eabi/lib/armv7-m/libg.a(lib_a-puts.o)
 .debug_loc     0x00000000000003f8       0x21 /usr/lib/gcc/arm-none-eabi/5.2.0/../../../../arm-none-eabi/lib/armv7-m/libg.a(lib_a-strlen.o)
 .debug_loc     0x0000000000000419     0x2e92 /usr/lib/gcc/arm-none-eabi/5.2.0/../../../../arm-none-eabi/lib/armv7-m/libg.a(lib_a-vfprintf.o)
 .debug_loc     0x00000000000032ab       0x8c /usr/lib/gcc/arm-none-eabi/5.2.0/../../../../arm-none-eabi/lib/armv7-m/libg.a(lib_a-wsetup.o)
 .debug_loc     0x0000000000003337      0x197 /usr/lib/gcc/arm-none-eabi/5.2.0/../../../../arm-none-eabi/lib/armv7-m/libg.a(lib_a-__atexit.o)
 .debug_loc     0x00000000000034ce      0x17b /usr/lib/gcc/arm-none-eabi/5.2.0/../../../../arm-none-eabi/lib/armv7-m/libg.a(lib_a-__call_atexit.o)
 .debug_loc     0x0000000000003649     0x2974 /usr/lib/gcc/arm-none-eabi/5.2.0/../../../../arm-none-eabi/lib/armv7-m/libg.a(lib_a-dtoa.o)
 .debug_loc     0x0000000000005fbd      0x29f /usr/lib/gcc/arm-none-eabi/5.2.0/../../../../arm-none-eabi/lib/armv7-m/libg.a(lib_a-fflush.o)
 .debug_loc     0x000000000000625c      0x271 /usr/lib/gcc/arm-none-eabi/5.2.0/../../../../arm-none-eabi/lib/armv7-m/libg.a(lib_a-findfp.o)
 .debug_loc     0x00000000000064cd      0x535 /usr/lib/gcc/arm-none-eabi/5.2.0/../../../../arm-none-eabi/lib/armv7-m/libg.a(lib_a-freer.o)
 .debug_loc     0x0000000000006a02      0x66c /usr/lib/gcc/arm-none-eabi/5.2.0/../../../../arm-none-eabi/lib/armv7-m/libg.a(lib_a-fvwrite.o)
 .debug_loc     0x000000000000706e      0x1f1 /usr/lib/gcc/arm-none-eabi/5.2.0/../../../../arm-none-eabi/lib/armv7-m/libg.a(lib_a-fwalk.o)
 .debug_loc     0x000000000000725f      0x147 /usr/lib/gcc/arm-none-eabi/5.2.0/../../../../arm-none-eabi/lib/armv7-m/libg.a(lib_a-locale.o)
 .debug_loc     0x00000000000073a6      0x10c /usr/lib/gcc/arm-none-eabi/5.2.0/../../../../arm-none-eabi/lib/armv7-m/libg.a(lib_a-makebuf.o)
 .debug_loc     0x00000000000074b2      0xc56 /usr/lib/gcc/arm-none-eabi/5.2.0/../../../../arm-none-eabi/lib/armv7-m/libg.a(lib_a-mallocr.o)
 .debug_loc     0x0000000000008108      0x15c /usr/lib/gcc/arm-none-eabi/5.2.0/../../../../arm-none-eabi/lib/armv7-m/libg.a(lib_a-memchr.o)
 .debug_loc     0x0000000000008264      0x2aa /usr/lib/gcc/arm-none-eabi/5.2.0/../../../../arm-none-eabi/lib/armv7-m/libg.a(lib_a-memmove.o)
 .debug_loc     0x000000000000850e     0x1fd4 /usr/lib/gcc/arm-none-eabi/5.2.0/../../../../arm-none-eabi/lib/armv7-m/libg.a(lib_a-mprec.o)
 .debug_loc     0x000000000000a4e2     0x1317 /usr/lib/gcc/arm-none-eabi/5.2.0/../../../../arm-none-eabi/lib/armv7-m/libg.a(lib_a-reallocr.o)
 .debug_loc     0x000000000000b7f9       0xa8 /usr/lib/gcc/arm-none-eabi/5.2.0/../../../../arm-none-eabi/lib/armv7-m/libg.a(lib_a-s_fpclassify.o)
 .debug_loc     0x000000000000b8a1       0x4d /usr/lib/gcc/arm-none-eabi/5.2.0/../../../../arm-none-eabi/lib/armv7-m/libg.a(lib_a-sbrkr.o)
 .debug_loc     0x000000000000b8ee      0x2bf /usr/lib/gcc/arm-none-eabi/5.2.0/../../../../arm-none-eabi/lib/armv7-m/libg.a(lib_a-stdio.o)
 .debug_loc     0x000000000000bbad     0x1e50 /usr/lib/gcc/arm-none-eabi/5.2.0/../../../../arm-none-eabi/lib/armv7-m/libg.a(lib_a-vfiprintf.o)
 .debug_loc     0x000000000000d9fd       0xb0 /usr/lib/gcc/arm-none-eabi/5.2.0/../../../../arm-none-eabi/lib/armv7-m/libg.a(lib_a-writer.o)
 .debug_loc     0x000000000000daad      0x291 /usr/lib/gcc/arm-none-eabi/5.2.0/../../../../arm-none-eabi/lib/armv7-m/libg.a(lib_a-callocr.o)
 .debug_loc     0x000000000000dd3e       0x4d /usr/lib/gcc/arm-none-eabi/5.2.0/../../../../arm-none-eabi/lib/armv7-m/libg.a(lib_a-closer.o)
 .debug_loc     0x000000000000dd8b      0x151 /usr/lib/gcc/arm-none-eabi/5.2.0/../../../../arm-none-eabi/lib/armv7-m/libg.a(lib_a-fclose.o)
 .debug_loc     0x000000000000dedc      0x2ac /usr/lib/gcc/arm-none-eabi/5.2.0/../../../../arm-none-eabi/lib/armv7-m/libg.a(lib_a-fputwc.o)
 .debug_loc     0x000000000000e188       0x84 /usr/lib/gcc/arm-none-eabi/5.2.0/../../../../arm-none-eabi/lib/armv7-m/libg.a(lib_a-fstatr.o)
 .debug_loc     0x000000000000e20c       0x4d /usr/lib/gcc/arm-none-eabi/5.2.0/../../../../arm-none-eabi/lib/armv7-m/libg.a(lib_a-isattyr.o)
 .debug_loc     0x000000000000e259       0xb0 /usr/lib/gcc/arm-none-eabi/5.2.0/../../../../arm-none-eabi/lib/armv7-m/libg.a(lib_a-lseekr.o)
 .debug_loc     0x000000000000e309       0xb0 /usr/lib/gcc/arm-none-eabi/5.2.0/../../../../arm-none-eabi/lib/armv7-m/libg.a(lib_a-readr.o)
 .debug_loc     0x000000000000e3b9      0x11d /usr/lib/gcc/arm-none-eabi/5.2.0/../../../../arm-none-eabi/lib/armv7-m/libg.a(lib_a-reent.o)
 .debug_loc     0x000000000000e4d6      0x128 /usr/lib/gcc/arm-none-eabi/5.2.0/../../../../arm-none-eabi/lib/armv7-m/libg.a(lib_a-wbuf.o)
 .debug_loc     0x000000000000e5fe      0x1fa /usr/lib/gcc/arm-none-eabi/5.2.0/../../../../arm-none-eabi/lib/armv7-m/libg.a(lib_a-wcrtomb.o)
 .debug_loc     0x000000000000e7f8      0x124 /usr/lib/gcc/arm-none-eabi/5.2.0/../../../../arm-none-eabi/lib/armv7-m/libg.a(lib_a-wctomb_r.o)
 .debug_loc     0x000000000000e91c      0xebf /usr/lib/gcc/arm-none-eabi/5.2.0/armv7-m/libgcc.a(_udivmoddi4.o)

.debug_macinfo
 *(.debug_macinfo)

.debug_weaknames
 *(.debug_weaknames)

.debug_funcnames
 *(.debug_funcnames)

.debug_typenames
 *(.debug_typenames)

.debug_varnames
 *(.debug_varnames)
