Archive member included to satisfy reference by file (symbol)

/usr/lib/gcc/arm-none-eabi/5.2.0/../../../../arm-none-eabi/lib/armv7-m/libg.a(lib_a-atexit.o)
                              /usr/lib/gcc/arm-none-eabi/5.2.0/../../../../arm-none-eabi/lib/armv7-m/crt0.o (atexit)
/usr/lib/gcc/arm-none-eabi/5.2.0/../../../../arm-none-eabi/lib/armv7-m/libg.a(lib_a-exit.o)
                              /usr/lib/gcc/arm-none-eabi/5.2.0/../../../../arm-none-eabi/lib/armv7-m/crt0.o (exit)
/usr/lib/gcc/arm-none-eabi/5.2.0/../../../../arm-none-eabi/lib/armv7-m/libg.a(lib_a-fini.o)
                              /usr/lib/gcc/arm-none-eabi/5.2.0/../../../../arm-none-eabi/lib/armv7-m/crt0.o (__libc_fini_array)
/usr/lib/gcc/arm-none-eabi/5.2.0/../../../../arm-none-eabi/lib/armv7-m/libg.a(lib_a-impure.o)
                              /usr/lib/gcc/arm-none-eabi/5.2.0/../../../../arm-none-eabi/lib/armv7-m/libg.a(lib_a-exit.o) (_global_impure_ptr)
/usr/lib/gcc/arm-none-eabi/5.2.0/../../../../arm-none-eabi/lib/armv7-m/libg.a(lib_a-init.o)
                              /usr/lib/gcc/arm-none-eabi/5.2.0/../../../../arm-none-eabi/lib/armv7-m/crt0.o (__libc_init_array)
/usr/lib/gcc/arm-none-eabi/5.2.0/../../../../arm-none-eabi/lib/armv7-m/libg.a(lib_a-memset.o)
                              /usr/lib/gcc/arm-none-eabi/5.2.0/../../../../arm-none-eabi/lib/armv7-m/crt0.o (memset)
/usr/lib/gcc/arm-none-eabi/5.2.0/../../../../arm-none-eabi/lib/armv7-m/libg.a(lib_a-puts.o)
                              ./main.o (puts)
/usr/lib/gcc/arm-none-eabi/5.2.0/../../../../arm-none-eabi/lib/armv7-m/libg.a(lib_a-strlen.o)
                              /usr/lib/gcc/arm-none-eabi/5.2.0/../../../../arm-none-eabi/lib/armv7-m/libg.a(lib_a-puts.o) (strlen)
/usr/lib/gcc/arm-none-eabi/5.2.0/../../../../arm-none-eabi/lib/armv7-m/libg.a(lib_a-__atexit.o)
                              /usr/lib/gcc/arm-none-eabi/5.2.0/../../../../arm-none-eabi/lib/armv7-m/libg.a(lib_a-atexit.o) (__register_exitproc)
/usr/lib/gcc/arm-none-eabi/5.2.0/../../../../arm-none-eabi/lib/armv7-m/libg.a(lib_a-__call_atexit.o)
                              /usr/lib/gcc/arm-none-eabi/5.2.0/../../../../arm-none-eabi/lib/armv7-m/libg.a(lib_a-exit.o) (__call_exitprocs)
/usr/lib/gcc/arm-none-eabi/5.2.0/../../../../arm-none-eabi/lib/armv7-m/libg.a(lib_a-fvwrite.o)
                              /usr/lib/gcc/arm-none-eabi/5.2.0/../../../../arm-none-eabi/lib/armv7-m/libg.a(lib_a-puts.o) (__sfvwrite_r)
/usr/lib/gcc/arm-none-eabi/5.2.0/../../../../arm-none-eabi/lib/armv7-m/libg.a(lib_a-mallocr.o)
                              /usr/lib/gcc/arm-none-eabi/5.2.0/../../../../arm-none-eabi/lib/armv7-m/libg.a(lib_a-fvwrite.o) (_malloc_r)
/usr/lib/gcc/arm-none-eabi/5.2.0/../../../../arm-none-eabi/lib/armv7-m/libg.a(lib_a-memchr.o)
                              /usr/lib/gcc/arm-none-eabi/5.2.0/../../../../arm-none-eabi/lib/armv7-m/libg.a(lib_a-fvwrite.o) (memchr)
/usr/lib/gcc/arm-none-eabi/5.2.0/../../../../arm-none-eabi/lib/armv7-m/libg.a(lib_a-memcpy.o)
                              /usr/lib/gcc/arm-none-eabi/5.2.0/../../../../arm-none-eabi/lib/armv7-m/libg.a(lib_a-fvwrite.o) (memcpy)
/usr/lib/gcc/arm-none-eabi/5.2.0/../../../../arm-none-eabi/lib/armv7-m/libg.a(lib_a-memmove.o)
                              /usr/lib/gcc/arm-none-eabi/5.2.0/../../../../arm-none-eabi/lib/armv7-m/libg.a(lib_a-fvwrite.o) (memmove)
/usr/lib/gcc/arm-none-eabi/5.2.0/../../../../arm-none-eabi/lib/armv7-m/libg.a(lib_a-mlock.o)
                              /usr/lib/gcc/arm-none-eabi/5.2.0/../../../../arm-none-eabi/lib/armv7-m/libg.a(lib_a-mallocr.o) (__malloc_lock)
/usr/lib/gcc/arm-none-eabi/5.2.0/../../../../arm-none-eabi/lib/armv7-m/libg.a(lib_a-reallocr.o)
                              /usr/lib/gcc/arm-none-eabi/5.2.0/../../../../arm-none-eabi/lib/armv7-m/libg.a(lib_a-fvwrite.o) (_realloc_r)
/usr/lib/gcc/arm-none-eabi/5.2.0/../../../../arm-none-eabi/lib/armv7-m/libg.a(lib_a-sbrkr.o)
                              /usr/lib/gcc/arm-none-eabi/5.2.0/../../../../arm-none-eabi/lib/armv7-m/libg.a(lib_a-mallocr.o) (_sbrk_r)
/usr/lib/gcc/arm-none-eabi/5.2.0/../../../../arm-none-eabi/lib/armv7-m/libg.a(lib_a-wsetup.o)
                              /usr/lib/gcc/arm-none-eabi/5.2.0/../../../../arm-none-eabi/lib/armv7-m/libg.a(lib_a-fvwrite.o) (__swsetup_r)
/usr/lib/gcc/arm-none-eabi/5.2.0/../../../../arm-none-eabi/lib/armv7-m/libg.a(lib_a-fflush.o)
                              /usr/lib/gcc/arm-none-eabi/5.2.0/../../../../arm-none-eabi/lib/armv7-m/libg.a(lib_a-fvwrite.o) (_fflush_r)
/usr/lib/gcc/arm-none-eabi/5.2.0/../../../../arm-none-eabi/lib/armv7-m/libg.a(lib_a-findfp.o)
                              /usr/lib/gcc/arm-none-eabi/5.2.0/../../../../arm-none-eabi/lib/armv7-m/libg.a(lib_a-wsetup.o) (__sinit)
/usr/lib/gcc/arm-none-eabi/5.2.0/../../../../arm-none-eabi/lib/armv7-m/libg.a(lib_a-freer.o)
                              /usr/lib/gcc/arm-none-eabi/5.2.0/../../../../arm-none-eabi/lib/armv7-m/libg.a(lib_a-fvwrite.o) (_free_r)
[...]
Memory Configuration

Name             Origin             Length             Attributes
*default*        0x0000000000000000 0xffffffffffffffff

Linker script and memory map

LOAD /usr/lib/gcc/arm-none-eabi/5.2.0/armv7-m/crti.o
LOAD /usr/lib/gcc/arm-none-eabi/5.2.0/armv7-m/crtbegin.o
LOAD /usr/lib/gcc/arm-none-eabi/5.2.0/../../../../arm-none-eabi/lib/armv7-m/crt0.o
LOAD ./main.o
START GROUP
LOAD /usr/lib/gcc/arm-none-eabi/5.2.0/armv7-m/libgcc.a
LOAD /usr/lib/gcc/arm-none-eabi/5.2.0/../../../../arm-none-eabi/lib/armv7-m/libg.a
LOAD /usr/lib/gcc/arm-none-eabi/5.2.0/../../../../arm-none-eabi/lib/armv7-m/libc.a
END GROUP
LOAD /usr/lib/gcc/arm-none-eabi/5.2.0/armv7-m/crtend.o
LOAD /usr/lib/gcc/arm-none-eabi/5.2.0/armv7-m/crtn.o
                0x0000000000008000                PROVIDE (__executable_start, 0x8000)
                0x0000000000008000                . = 0x8000

.interp
 *(.interp)

.note.gnu.build-id
 *(.note.gnu.build-id)

.hash
 *(.hash)

.gnu.hash
 *(.gnu.hash)

.dynsym
 *(.dynsym)

.dynstr
 *(.dynstr)

.gnu.version
 *(.gnu.version)

.gnu.version_d
 *(.gnu.version_d)

.gnu.version_r
 *(.gnu.version_r)

.rel.dyn        0x0000000000008000        0x0
 *(.rel.init)
 *(.rel.text .rel.text.* .rel.gnu.linkonce.t.*)
 *(.rel.fini)
 *(.rel.rodata .rel.rodata.* .rel.gnu.linkonce.r.*)
 *(.rel.data.rel.ro .rel.data.rel.ro.* .rel.gnu.linkonce.d.rel.ro.*)
 *(.rel.data .rel.data.* .rel.gnu.linkonce.d.*)
 *(.rel.tdata .rel.tdata.* .rel.gnu.linkonce.td.*)
 *(.rel.tbss .rel.tbss.* .rel.gnu.linkonce.tb.*)
 *(.rel.ctors)
 *(.rel.dtors)
 *(.rel.got)
 *(.rel.bss .rel.bss.* .rel.gnu.linkonce.b.*)
                0x0000000000008000                PROVIDE (__rel_iplt_start, .)
 *(.rel.iplt)
 .rel.iplt      0x0000000000008000        0x0 /usr/lib/gcc/arm-none-eabi/5.2.0/armv7-m/crtbegin.o
                0x0000000000008000                PROVIDE (__rel_iplt_end, .)

.rela.dyn       0x0000000000008000        0x0
 *(.rela.init)
 *(.rela.text .rela.text.* .rela.gnu.linkonce.t.*)
 *(.rela.fini)
 *(.rela.rodata .rela.rodata.* .rela.gnu.linkonce.r.*)
 *(.rela.data .rela.data.* .rela.gnu.linkonce.d.*)
 *(.rela.tdata .rela.tdata.* .rela.gnu.linkonce.td.*)
 *(.rela.tbss .rela.tbss.* .rela.gnu.linkonce.tb.*)
 *(.rela.ctors)
 *(.rela.dtors)
 *(.rela.got)
 *(.rela.bss .rela.bss.* .rela.gnu.linkonce.b.*)
                0x0000000000008000                PROVIDE (__rela_iplt_start, .)
 *(.rela.iplt)
                0x0000000000008000                PROVIDE (__rela_iplt_end, .)

.rel.plt
 *(.rel.plt)

.rela.plt
 *(.rela.plt)

.init           0x0000000000008000        0xc
 *(SORT(.init))
 .init          0x0000000000008000        0x4 /usr/lib/gcc/arm-none-eabi/5.2.0/armv7-m/crti.o
                0x0000000000008000                _init
 .init          0x0000000000008004        0x8 /usr/lib/gcc/arm-none-eabi/5.2.0/armv7-m/crtn.o

.plt
 *(.plt)

.iplt           0x000000000000800c        0x0
 *(.iplt)
 .iplt          0x000000000000800c        0x0 /usr/lib/gcc/arm-none-eabi/5.2.0/armv7-m/crtbegin.o

.text           0x000000000000800c     0x1bcc
 *(.text.unlikely .text.*_unlikely .text.unlikely.*)
 *(.text.exit .text.exit.*)
 .text.exit     0x000000000000800c       0x20 /usr/lib/gcc/arm-none-eabi/5.2.0/../../../../arm-none-eabi/lib/armv7-m/libg.a(lib_a-exit.o)
                0x000000000000800c                exit
 *(.text.startup .text.startup.*)
 *(.text.hot .text.hot.*)
 *(.text .stub .text.* .gnu.linkonce.t.*)
 .text          0x000000000000802c       0x5c /usr/lib/gcc/arm-none-eabi/5.2.0/armv7-m/crtbegin.o
 .text          0x0000000000008088       0x68 /usr/lib/gcc/arm-none-eabi/5.2.0/../../../../arm-none-eabi/lib/armv7-m/crt0.o
                0x0000000000008088                _mainCRTStartup
                0x0000000000008088                _start
 .text.main     0x00000000000080f0       0x10 ./main.o
                0x00000000000080f0                main
 .text.atexit   0x0000000000008100        0xc /usr/lib/gcc/arm-none-eabi/5.2.0/../../../../arm-none-eabi/lib/armv7-m/libg.a(lib_a-atexit.o)
                0x0000000000008100                atexit
 .text.__libc_fini_array
                0x000000000000810c       0x28 /usr/lib/gcc/arm-none-eabi/5.2.0/../../../../arm-none-eabi/lib/armv7-m/libg.a(lib_a-fini.o)
                0x000000000000810c                __libc_fini_array
 .text.__libc_init_array
                0x0000000000008134       0x50 /usr/lib/gcc/arm-none-eabi/5.2.0/../../../../arm-none-eabi/lib/armv7-m/libg.a(lib_a-init.o)
                0x0000000000008134                __libc_init_array
 .text.memset   0x0000000000008184       0x9c /usr/lib/gcc/arm-none-eabi/5.2.0/../../../../arm-none-eabi/lib/armv7-m/libg.a(lib_a-memset.o)
                0x0000000000008184                memset
 .text._puts_r  0x0000000000008220       0x5c /usr/lib/gcc/arm-none-eabi/5.2.0/../../../../arm-none-eabi/lib/armv7-m/libg.a(lib_a-puts.o)
                0x0000000000008220                _puts_r
 .text.puts     0x000000000000827c       0x10 /usr/lib/gcc/arm-none-eabi/5.2.0/../../../../arm-none-eabi/lib/armv7-m/libg.a(lib_a-puts.o)
                0x000000000000827c                puts
 .text.strlen   0x000000000000828c       0x5c /usr/lib/gcc/arm-none-eabi/5.2.0/../../../../arm-none-eabi/lib/armv7-m/libg.a(lib_a-strlen.o)
                0x000000000000828c                strlen
 .text.__register_exitproc
                0x00000000000082e8       0xa4 /usr/lib/gcc/arm-none-eabi/5.2.0/../../../../arm-none-eabi/lib/armv7-m/libg.a(lib_a-__atexit.o)
                0x00000000000082e8                __register_exitproc
 .text.__call_exitprocs
                0x000000000000838c       0xd8 /usr/lib/gcc/arm-none-eabi/5.2.0/../../../../arm-none-eabi/lib/armv7-m/libg.a(lib_a-__call_atexit.o)
                0x000000000000838c                __call_exitprocs
 .text.__sfvwrite_r
                0x0000000000008464      0x304 /usr/lib/gcc/arm-none-eabi/5.2.0/../../../../arm-none-eabi/lib/armv7-m/libg.a(lib_a-fvwrite.o)
                0x0000000000008464                __sfvwrite_r
 .text._malloc_r
                0x0000000000008768      0x558 /usr/lib/gcc/arm-none-eabi/5.2.0/../../../../arm-none-eabi/lib/armv7-m/libg.a(lib_a-mallocr.o)
                0x0000000000008768                _malloc_r
 .text.memchr   0x0000000000008cc0       0x88 /usr/lib/gcc/arm-none-eabi/5.2.0/../../../../arm-none-eabi/lib/armv7-m/libg.a(lib_a-memchr.o)
                0x0000000000008cc0                memchr
 .text          0x0000000000008d48       0xec /usr/lib/gcc/arm-none-eabi/5.2.0/../../../../arm-none-eabi/lib/armv7-m/libg.a(lib_a-memcpy.o)
                0x0000000000008d48                memcpy
 .text.memmove  0x0000000000008e34       0xc8 /usr/lib/gcc/arm-none-eabi/5.2.0/../../../../arm-none-eabi/lib/armv7-m/libg.a(lib_a-memmove.o)
                0x0000000000008e34                memmove
 .text.__malloc_lock
                0x0000000000008efc        0x4 /usr/lib/gcc/arm-none-eabi/5.2.0/../../../../arm-none-eabi/lib/armv7-m/libg.a(lib_a-mlock.o)
                0x0000000000008efc                __malloc_lock
 .text.__malloc_unlock
                0x0000000000008f00        0x4 /usr/lib/gcc/arm-none-eabi/5.2.0/../../../../arm-none-eabi/lib/armv7-m/libg.a(lib_a-mlock.o)
                0x0000000000008f00                __malloc_unlock
 .text._realloc_r
                0x0000000000008f04      0x3d0 /usr/lib/gcc/arm-none-eabi/5.2.0/../../../../arm-none-eabi/lib/armv7-m/libg.a(lib_a-reallocr.o)
                0x0000000000008f04                _realloc_r
 .text._sbrk_r  0x00000000000092d4       0x24 /usr/lib/gcc/arm-none-eabi/5.2.0/../../../../arm-none-eabi/lib/armv7-m/libg.a(lib_a-sbrkr.o)
                0x00000000000092d4                _sbrk_r
 .text.__swsetup_r
                0x00000000000092f8       0xc4 /usr/lib/gcc/arm-none-eabi/5.2.0/../../../../arm-none-eabi/lib/armv7-m/libg.a(lib_a-wsetup.o)
                0x00000000000092f8                __swsetup_r
 .text.__sflush_r
                0x00000000000093bc      0x148 /usr/lib/gcc/arm-none-eabi/5.2.0/../../../../arm-none-eabi/lib/armv7-m/libg.a(lib_a-fflush.o)
                0x00000000000093bc                __sflush_r
 .text._fflush_r
                0x0000000000009504       0x2c /usr/lib/gcc/arm-none-eabi/5.2.0/../../../../arm-none-eabi/lib/armv7-m/libg.a(lib_a-fflush.o)
                0x0000000000009504                _fflush_r
 .text._cleanup_r
                0x0000000000009530        0xc /usr/lib/gcc/arm-none-eabi/5.2.0/../../../../arm-none-eabi/lib/armv7-m/libg.a(lib_a-findfp.o)
                0x0000000000009530                _cleanup_r
 .text.__sinit.part.1
                0x000000000000953c       0xf0 /usr/lib/gcc/arm-none-eabi/5.2.0/../../../../arm-none-eabi/lib/armv7-m/libg.a(lib_a-findfp.o)
 .text.__sinit  0x000000000000962c        0xc /usr/lib/gcc/arm-none-eabi/5.2.0/../../../../arm-none-eabi/lib/armv7-m/libg.a(lib_a-findfp.o)
                0x000000000000962c                __sinit
 .text.__sfp_lock_acquire
                0x0000000000009638        0x4 /usr/lib/gcc/arm-none-eabi/5.2.0/../../../../arm-none-eabi/lib/armv7-m/libg.a(lib_a-findfp.o)
                0x0000000000009638                __sfp_lock_acquire
 .text.__sfp_lock_release
                0x000000000000963c        0x4 /usr/lib/gcc/arm-none-eabi/5.2.0/../../../../arm-none-eabi/lib/armv7-m/libg.a(lib_a-findfp.o)
                0x000000000000963c                __sfp_lock_release
 .text._malloc_trim_r
                0x0000000000009640       0x9c /usr/lib/gcc/arm-none-eabi/5.2.0/../../../../arm-none-eabi/lib/armv7-m/libg.a(lib_a-freer.o)
                0x0000000000009640                _malloc_trim_r
 .text._free_r  0x00000000000096dc      0x1d0 /usr/lib/gcc/arm-none-eabi/5.2.0/../../../../arm-none-eabi/lib/armv7-m/libg.a(lib_a-freer.o)
                0x00000000000096dc                _free_r
 .text._fwalk_reent
                0x00000000000098ac       0x50 /usr/lib/gcc/arm-none-eabi/5.2.0/../../../../arm-none-eabi/lib/armv7-m/libg.a(lib_a-fwalk.o)
                0x00000000000098ac                _fwalk_reent
 .text.__smakebuf_r
                0x00000000000098fc       0xe0 /usr/lib/gcc/arm-none-eabi/5.2.0/../../../../arm-none-eabi/lib/armv7-m/libg.a(lib_a-makebuf.o)
                0x00000000000098fc                __smakebuf_r
 .text.__sread  0x00000000000099dc       0x24 /usr/lib/gcc/arm-none-eabi/5.2.0/../../../../arm-none-eabi/lib/armv7-m/libg.a(lib_a-stdio.o)
                0x00000000000099dc                __sread
 .text.__swrite
                0x0000000000009a00       0x38 /usr/lib/gcc/arm-none-eabi/5.2.0/../../../../arm-none-eabi/lib/armv7-m/libg.a(lib_a-stdio.o)
                0x0000000000009a00                __swrite
 .text.__sseek  0x0000000000009a38       0x20 /usr/lib/gcc/arm-none-eabi/5.2.0/../../../../arm-none-eabi/lib/armv7-m/libg.a(lib_a-stdio.o)
                0x0000000000009a38                __sseek
 .text.__sclose
                0x0000000000009a58        0x8 /usr/lib/gcc/arm-none-eabi/5.2.0/../../../../arm-none-eabi/lib/armv7-m/libg.a(lib_a-stdio.o)
                0x0000000000009a58                __sclose
 .text._write_r
                0x0000000000009a60       0x2c /usr/lib/gcc/arm-none-eabi/5.2.0/../../../../arm-none-eabi/lib/armv7-m/libg.a(lib_a-writer.o)
                0x0000000000009a60                _write_r
 .text._close_r
                0x0000000000009a8c       0x24 /usr/lib/gcc/arm-none-eabi/5.2.0/../../../../arm-none-eabi/lib/armv7-m/libg.a(lib_a-closer.o)
                0x0000000000009a8c                _close_r
 .text._fclose_r
                0x0000000000009ab0       0x84 /usr/lib/gcc/arm-none-eabi/5.2.0/../../../../arm-none-eabi/lib/armv7-m/libg.a(lib_a-fclose.o)
                0x0000000000009ab0                _fclose_r
 .text._fstat_r
                0x0000000000009b34       0x28 /usr/lib/gcc/arm-none-eabi/5.2.0/../../../../arm-none-eabi/lib/armv7-m/libg.a(lib_a-fstatr.o)
                0x0000000000009b34                _fstat_r
 .text._isatty_r
                0x0000000000009b5c       0x24 /usr/lib/gcc/arm-none-eabi/5.2.0/../../../../arm-none-eabi/lib/armv7-m/libg.a(lib_a-isattyr.o)
                0x0000000000009b5c                _isatty_r
 .text._lseek_r
                0x0000000000009b80       0x2c /usr/lib/gcc/arm-none-eabi/5.2.0/../../../../arm-none-eabi/lib/armv7-m/libg.a(lib_a-lseekr.o)
                0x0000000000009b80                _lseek_r
 .text._read_r  0x0000000000009bac       0x2c /usr/lib/gcc/arm-none-eabi/5.2.0/../../../../arm-none-eabi/lib/armv7-m/libg.a(lib_a-readr.o)
                0x0000000000009bac                _read_r
 *(.gnu.warning)
 *(.glue_7t)
 .glue_7t       0x0000000000009bd8        0x0 linker stubs
 *(.glue_7)
 .glue_7        0x0000000000009bd8        0x0 linker stubs
 *(.vfp11_veneer)
 .vfp11_veneer  0x0000000000009bd8        0x0 linker stubs
 *(.v4_bx)
 .v4_bx         0x0000000000009bd8        0x0 linker stubs

.fini           0x0000000000009bd8        0xc
 *(SORT(.fini))
 .fini          0x0000000000009bd8        0x4 /usr/lib/gcc/arm-none-eabi/5.2.0/armv7-m/crti.o
                0x0000000000009bd8                _fini
 .fini          0x0000000000009bdc        0x8 /usr/lib/gcc/arm-none-eabi/5.2.0/armv7-m/crtn.o
                0x0000000000009be4                PROVIDE (__etext, .)
                0x0000000000009be4                PROVIDE (_etext, .)
                0x0000000000009be4                PROVIDE (etext, .)

.rodata         0x0000000000009be4       0x84
 *(.rodata .rodata.* .gnu.linkonce.r.*)
 .rodata        0x0000000000009be4       0x78 ./main.o
 .rodata.str1.4
                0x0000000000009c5c        0x2 /usr/lib/gcc/arm-none-eabi/5.2.0/../../../../arm-none-eabi/lib/armv7-m/libg.a(lib_a-impure.o)
                                          0x4 (size before relaxing)
 *fill*         0x0000000000009c5e        0x2 
 .rodata._global_impure_ptr
                0x0000000000009c60        0x4 /usr/lib/gcc/arm-none-eabi/5.2.0/../../../../arm-none-eabi/lib/armv7-m/libg.a(lib_a-impure.o)
                0x0000000000009c60                _global_impure_ptr
 .rodata.str1.4
                0x0000000000009c64        0x4 /usr/lib/gcc/arm-none-eabi/5.2.0/../../../../arm-none-eabi/lib/armv7-m/libg.a(lib_a-puts.o)

.rodata1
 *(.rodata1)

.ARM.extab
 *(.ARM.extab* .gnu.linkonce.armextab.*)
                0x0000000000009c68                PROVIDE (__exidx_start, .)

.ARM.exidx      0x0000000000009c68        0x8
 *(.ARM.exidx* .gnu.linkonce.armexidx.*)
 .ARM.exidx     0x0000000000009c68        0x8 /usr/lib/gcc/arm-none-eabi/5.2.0/../../../../arm-none-eabi/lib/armv7-m/crt0.o
                0x0000000000009c70                PROVIDE (__exidx_end, .)

.eh_frame_hdr
 *(.eh_frame_hdr)

.eh_frame       0x0000000000009c70        0x4
 *(.eh_frame)
 .eh_frame      0x0000000000009c70        0x0 /usr/lib/gcc/arm-none-eabi/5.2.0/armv7-m/crtbegin.o
 .eh_frame      0x0000000000009c70        0x4 /usr/lib/gcc/arm-none-eabi/5.2.0/armv7-m/crtend.o

.gcc_except_table
 *(.gcc_except_table .gcc_except_table.*)

.exception_ranges
 *(.exception_ranges .exception_ranges*)
                0x0000000000019c74                . = (ALIGN (0x10000) + (. & 0xffff))

.eh_frame
 *(.eh_frame)

.gcc_except_table
 *(.gcc_except_table .gcc_except_table.*)

.exception_ranges
 *(.exception_ranges .exception_ranges*)

.tdata
 *(.tdata .tdata.* .gnu.linkonce.td.*)

.tbss
 *(.tbss .tbss.* .gnu.linkonce.tb.*)
 *(.tcommon)

.preinit_array  0x0000000000019c74        0x0
                0x0000000000019c74                PROVIDE (__preinit_array_start, .)
 *(.preinit_array)
                0x0000000000019c74                PROVIDE (__preinit_array_end, .)

.init_array     0x0000000000019c74        0x4
                0x0000000000019c74                PROVIDE (__init_array_start, .)
 *(SORT(.init_array.*))
 *(.init_array)
 .init_array    0x0000000000019c74        0x4 /usr/lib/gcc/arm-none-eabi/5.2.0/armv7-m/crtbegin.o
                0x0000000000019c78                PROVIDE (__init_array_end, .)

.fini_array     0x0000000000019c78        0x4
                0x0000000000019c78                PROVIDE (__fini_array_start, .)
 *(SORT(.fini_array.*))
 *(.fini_array)
 .fini_array    0x0000000000019c78        0x4 /usr/lib/gcc/arm-none-eabi/5.2.0/armv7-m/crtbegin.o
                0x0000000000019c7c                PROVIDE (__fini_array_end, .)

.ctors
 *crtbegin.o(.ctors)
 *crtbegin?.o(.ctors)
 *(EXCLUDE_FILE(*crtend?.o *crtend.o) .ctors)
 *(SORT(.ctors.*))
 *(.ctors)

.dtors
 *crtbegin.o(.dtors)
 *crtbegin?.o(.dtors)
 *(EXCLUDE_FILE(*crtend?.o *crtend.o) .dtors)
 *(SORT(.dtors.*))
 *(.dtors)

.jcr            0x0000000000019c7c        0x4
 *(.jcr)
 .jcr           0x0000000000019c7c        0x0 /usr/lib/gcc/arm-none-eabi/5.2.0/armv7-m/crtbegin.o
 .jcr           0x0000000000019c7c        0x4 /usr/lib/gcc/arm-none-eabi/5.2.0/armv7-m/crtend.o

.data.rel.ro
 *(.data.rel.ro.local* .gnu.linkonce.d.rel.ro.local.*)
 *(.data.rel.ro .data.rel.ro.* .gnu.linkonce.d.rel.ro.*)

.dynamic
 *(.dynamic)

.got            0x0000000000019c80        0x0
 *(.got.plt)
 *(.igot.plt)
 .igot.plt      0x0000000000019c80        0x0 /usr/lib/gcc/arm-none-eabi/5.2.0/armv7-m/crtbegin.o
 *(.got)
 *(.igot)

.data           0x0000000000019c80      0x83c
                0x0000000000019c80                __data_start = .
 *(.data .data.* .gnu.linkonce.d.*)
 .data.impure_data
                0x0000000000019c80      0x428 /usr/lib/gcc/arm-none-eabi/5.2.0/../../../../arm-none-eabi/lib/armv7-m/libg.a(lib_a-impure.o)
 .data._impure_ptr
                0x000000000001a0a8        0x4 /usr/lib/gcc/arm-none-eabi/5.2.0/../../../../arm-none-eabi/lib/armv7-m/libg.a(lib_a-impure.o)
                0x000000000001a0a8                _impure_ptr
 .data.__malloc_av_
                0x000000000001a0ac      0x408 /usr/lib/gcc/arm-none-eabi/5.2.0/../../../../arm-none-eabi/lib/armv7-m/libg.a(lib_a-mallocr.o)
                0x000000000001a0ac                __malloc_av_
 .data.__malloc_trim_threshold
                0x000000000001a4b4        0x4 /usr/lib/gcc/arm-none-eabi/5.2.0/../../../../arm-none-eabi/lib/armv7-m/libg.a(lib_a-mallocr.o)
                0x000000000001a4b4                __malloc_trim_threshold
 .data.__malloc_sbrk_base
                0x000000000001a4b8        0x4 /usr/lib/gcc/arm-none-eabi/5.2.0/../../../../arm-none-eabi/lib/armv7-m/libg.a(lib_a-mallocr.o)
                0x000000000001a4b8                __malloc_sbrk_base

.data1
 *(.data1)
                0x000000000001a4bc                _edata = .
                0x000000000001a4bc                PROVIDE (edata, .)
                0x000000000001a4bc                . = .
                0x000000000001a4bc                __bss_start = .
                0x000000000001a4bc                __bss_start__ = .

.bss            0x000000000001a4bc       0x54
 *(.dynbss)
 *(.bss .bss.* .gnu.linkonce.b.*)
 .bss           0x000000000001a4bc       0x1c /usr/lib/gcc/arm-none-eabi/5.2.0/armv7-m/crtbegin.o
 .bss.__malloc_max_total_mem
                0x000000000001a4d8        0x4 /usr/lib/gcc/arm-none-eabi/5.2.0/../../../../arm-none-eabi/lib/armv7-m/libg.a(lib_a-mallocr.o)
                0x000000000001a4d8                __malloc_max_total_mem
 .bss.__malloc_max_sbrked_mem
                0x000000000001a4dc        0x4 /usr/lib/gcc/arm-none-eabi/5.2.0/../../../../arm-none-eabi/lib/armv7-m/libg.a(lib_a-mallocr.o)
                0x000000000001a4dc                __malloc_max_sbrked_mem
 .bss.__malloc_top_pad
                0x000000000001a4e0        0x4 /usr/lib/gcc/arm-none-eabi/5.2.0/../../../../arm-none-eabi/lib/armv7-m/libg.a(lib_a-mallocr.o)
                0x000000000001a4e0                __malloc_top_pad
 .bss.__malloc_current_mallinfo
                0x000000000001a4e4       0x28 /usr/lib/gcc/arm-none-eabi/5.2.0/../../../../arm-none-eabi/lib/armv7-m/libg.a(lib_a-mallocr.o)
                0x000000000001a4e4                __malloc_current_mallinfo
 *(COMMON)
 COMMON         0x000000000001a50c        0x4 /usr/lib/gcc/arm-none-eabi/5.2.0/../../../../arm-none-eabi/lib/armv7-m/libg.a(lib_a-reent.o)
                0x000000000001a50c                errno
                0x000000000001a510                . = ALIGN ((. != 0x0)?0x4:0x1)
                0x000000000001a510                _bss_end__ = .
                0x000000000001a510                __bss_end__ = .
                0x000000000001a510                . = ALIGN (0x4)
                0x000000000001a510                . = SEGMENT_START ("ldata-segment", .)
                0x000000000001a510                . = ALIGN (0x4)
                0x000000000001a510                __end__ = .
                0x000000000001a510                _end = .
                0x000000000001a510                PROVIDE (end, .)

.stab
 *(.stab)

.stabstr
 *(.stabstr)

.stab.excl
 *(.stab.excl)

.stab.exclstr
 *(.stab.exclstr)

.stab.index
 *(.stab.index)

.stab.indexstr
 *(.stab.indexstr)

.comment        0x0000000000000000       0x42
 *(.comment)
 .comment       0x0000000000000000       0x21 /usr/lib/gcc/arm-none-eabi/5.2.0/armv7-m/crtbegin.o
                                         0x22 (size before relaxing)
 .comment       0x0000000000000021       0x22 ./main.o
 .comment       0x0000000000000021       0x21 /usr/lib/gcc/arm-none-eabi/5.2.0/../../../../arm-none-eabi/lib/armv7-m/libg.a(lib_a-atexit.o)
                                         0x22 (size before relaxing)
 .comment       0x0000000000000042       0x22 /usr/lib/gcc/arm-none-eabi/5.2.0/../../../../arm-none-eabi/lib/armv7-m/libg.a(lib_a-exit.o)
 .comment       0x0000000000000042       0x22 /usr/lib/gcc/arm-none-eabi/5.2.0/../../../../arm-none-eabi/lib/armv7-m/libg.a(lib_a-fini.o)
 .comment       0x0000000000000042       0x22 /usr/lib/gcc/arm-none-eabi/5.2.0/../../../../arm-none-eabi/lib/armv7-m/libg.a(lib_a-impure.o)
 .comment       0x0000000000000042       0x22 /usr/lib/gcc/arm-none-eabi/5.2.0/../../../../arm-none-eabi/lib/armv7-m/libg.a(lib_a-init.o)
 .comment       0x0000000000000042       0x22 /usr/lib/gcc/arm-none-eabi/5.2.0/../../../../arm-none-eabi/lib/armv7-m/libg.a(lib_a-memset.o)
 .comment       0x0000000000000042       0x22 /usr/lib/gcc/arm-none-eabi/5.2.0/../../../../arm-none-eabi/lib/armv7-m/libg.a(lib_a-puts.o)
 .comment       0x0000000000000042       0x22 /usr/lib/gcc/arm-none-eabi/5.2.0/../../../../arm-none-eabi/lib/armv7-m/libg.a(lib_a-strlen.o)
 .comment       0x0000000000000042       0x22 /usr/lib/gcc/arm-none-eabi/5.2.0/../../../../arm-none-eabi/lib/armv7-m/libg.a(lib_a-__atexit.o)
 .comment       0x0000000000000042       0x22 /usr/lib/gcc/arm-none-eabi/5.2.0/../../../../arm-none-eabi/lib/armv7-m/libg.a(lib_a-__call_atexit.o)
 .comment       0x0000000000000042       0x22 /usr/lib/gcc/arm-none-eabi/5.2.0/../../../../arm-none-eabi/lib/armv7-m/libg.a(lib_a-fvwrite.o)
 .comment       0x0000000000000042       0x22 /usr/lib/gcc/arm-none-eabi/5.2.0/../../../../arm-none-eabi/lib/armv7-m/libg.a(lib_a-mallocr.o)
 .comment       0x0000000000000042       0x22 /usr/lib/gcc/arm-none-eabi/5.2.0/../../../../arm-none-eabi/lib/armv7-m/libg.a(lib_a-memchr.o)
 .comment       0x0000000000000042       0x22 /usr/lib/gcc/arm-none-eabi/5.2.0/../../../../arm-none-eabi/lib/armv7-m/libg.a(lib_a-memmove.o)
 .comment       0x0000000000000042       0x22 /usr/lib/gcc/arm-none-eabi/5.2.0/../../../../arm-none-eabi/lib/armv7-m/libg.a(lib_a-mlock.o)
 .comment       0x0000000000000042       0x22 /usr/lib/gcc/arm-none-eabi/5.2.0/../../../../arm-none-eabi/lib/armv7-m/libg.a(lib_a-reallocr.o)
 .comment       0x0000000000000042       0x22 /usr/lib/gcc/arm-none-eabi/5.2.0/../../../../arm-none-eabi/lib/armv7-m/libg.a(lib_a-sbrkr.o)
 .comment       0x0000000000000042       0x22 /usr/lib/gcc/arm-none-eabi/5.2.0/../../../../arm-none-eabi/lib/armv7-m/libg.a(lib_a-wsetup.o)
 .comment       0x0000000000000042       0x22 /usr/lib/gcc/arm-none-eabi/5.2.0/../../../../arm-none-eabi/lib/armv7-m/libg.a(lib_a-fflush.o)
 .comment       0x0000000000000042       0x22 /usr/lib/gcc/arm-none-eabi/5.2.0/../../../../arm-none-eabi/lib/armv7-m/libg.a(lib_a-findfp.o)
 .comment       0x0000000000000042       0x22 /usr/lib/gcc/arm-none-eabi/5.2.0/../../../../arm-none-eabi/lib/armv7-m/libg.a(lib_a-freer.o)
 .comment       0x0000000000000042       0x22 /usr/lib/gcc/arm-none-eabi/5.2.0/../../../../arm-none-eabi/lib/armv7-m/libg.a(lib_a-fwalk.o)
 .comment       0x0000000000000042       0x22 /usr/lib/gcc/arm-none-eabi/5.2.0/../../../../arm-none-eabi/lib/armv7-m/libg.a(lib_a-makebuf.o)
 .comment       0x0000000000000042       0x22 /usr/lib/gcc/arm-none-eabi/5.2.0/../../../../arm-none-eabi/lib/armv7-m/libg.a(lib_a-reent.o)
 .comment       0x0000000000000042       0x22 /usr/lib/gcc/arm-none-eabi/5.2.0/../../../../arm-none-eabi/lib/armv7-m/libg.a(lib_a-stdio.o)
 .comment       0x0000000000000042       0x22 /usr/lib/gcc/arm-none-eabi/5.2.0/../../../../arm-none-eabi/lib/armv7-m/libg.a(lib_a-writer.o)
 .comment       0x0000000000000042       0x22 /usr/lib/gcc/arm-none-eabi/5.2.0/../../../../arm-none-eabi/lib/armv7-m/libg.a(lib_a-closer.o)
 .comment       0x0000000000000042       0x22 /usr/lib/gcc/arm-none-eabi/5.2.0/../../../../arm-none-eabi/lib/armv7-m/libg.a(lib_a-fclose.o)
 .comment       0x0000000000000042       0x22 /usr/lib/gcc/arm-none-eabi/5.2.0/../../../../arm-none-eabi/lib/armv7-m/libg.a(lib_a-fstatr.o)
 .comment       0x0000000000000042       0x22 /usr/lib/gcc/arm-none-eabi/5.2.0/../../../../arm-none-eabi/lib/armv7-m/libg.a(lib_a-isattyr.o)
 .comment       0x0000000000000042       0x22 /usr/lib/gcc/arm-none-eabi/5.2.0/../../../../arm-none-eabi/lib/armv7-m/libg.a(lib_a-lseekr.o)
 .comment       0x0000000000000042       0x22 /usr/lib/gcc/arm-none-eabi/5.2.0/../../../../arm-none-eabi/lib/armv7-m/libg.a(lib_a-readr.o)
 .comment       0x0000000000000042       0x22 /usr/lib/gcc/arm-none-eabi/5.2.0/armv7-m/crtend.o

.debug
 *(.debug)

.line
 *(.line)

.debug_srcinfo
 *(.debug_srcinfo)

.debug_sfnames
 *(.debug_sfnames)

.debug_aranges  0x0000000000000000      0x4f8
 *(.debug_aranges)
 .debug_aranges
                0x0000000000000000       0x20 /usr/lib/gcc/arm-none-eabi/5.2.0/../../../../arm-none-eabi/lib/armv7-m/crt0.o
 .debug_aranges
                0x0000000000000020       0x20 ./main.o
 .debug_aranges
                0x0000000000000040       0x20 /usr/lib/gcc/arm-none-eabi/5.2.0/../../../../arm-none-eabi/lib/armv7-m/libg.a(lib_a-atexit.o)
 .debug_aranges
                0x0000000000000060       0x20 /usr/lib/gcc/arm-none-eabi/5.2.0/../../../../arm-none-eabi/lib/armv7-m/libg.a(lib_a-exit.o)
 .debug_aranges
                0x0000000000000080       0x20 /usr/lib/gcc/arm-none-eabi/5.2.0/../../../../arm-none-eabi/lib/armv7-m/libg.a(lib_a-fini.o)
 .debug_aranges
                0x00000000000000a0       0x18 /usr/lib/gcc/arm-none-eabi/5.2.0/../../../../arm-none-eabi/lib/armv7-m/libg.a(lib_a-impure.o)
 .debug_aranges
                0x00000000000000b8       0x20 /usr/lib/gcc/arm-none-eabi/5.2.0/../../../../arm-none-eabi/lib/armv7-m/libg.a(lib_a-init.o)
 .debug_aranges
                0x00000000000000d8       0x20 /usr/lib/gcc/arm-none-eabi/5.2.0/../../../../arm-none-eabi/lib/armv7-m/libg.a(lib_a-memset.o)
 .debug_aranges
                0x00000000000000f8       0x28 /usr/lib/gcc/arm-none-eabi/5.2.0/../../../../arm-none-eabi/lib/armv7-m/libg.a(lib_a-puts.o)
 .debug_aranges
                0x0000000000000120       0x20 /usr/lib/gcc/arm-none-eabi/5.2.0/../../../../arm-none-eabi/lib/armv7-m/libg.a(lib_a-strlen.o)
 .debug_aranges
                0x0000000000000140       0x20 /usr/lib/gcc/arm-none-eabi/5.2.0/../../../../arm-none-eabi/lib/armv7-m/libg.a(lib_a-__atexit.o)
 .debug_aranges
                0x0000000000000160       0x20 /usr/lib/gcc/arm-none-eabi/5.2.0/../../../../arm-none-eabi/lib/armv7-m/libg.a(lib_a-__call_atexit.o)
 .debug_aranges
                0x0000000000000180       0x20 /usr/lib/gcc/arm-none-eabi/5.2.0/../../../../arm-none-eabi/lib/armv7-m/libg.a(lib_a-fvwrite.o)
 .debug_aranges
                0x00000000000001a0       0x20 /usr/lib/gcc/arm-none-eabi/5.2.0/../../../../arm-none-eabi/lib/armv7-m/libg.a(lib_a-mallocr.o)
 .debug_aranges
                0x00000000000001c0       0x20 /usr/lib/gcc/arm-none-eabi/5.2.0/../../../../arm-none-eabi/lib/armv7-m/libg.a(lib_a-memchr.o)
 .debug_aranges
                0x00000000000001e0       0x20 /usr/lib/gcc/arm-none-eabi/5.2.0/../../../../arm-none-eabi/lib/armv7-m/libg.a(lib_a-memcpy.o)
 .debug_aranges
                0x0000000000000200       0x20 /usr/lib/gcc/arm-none-eabi/5.2.0/../../../../arm-none-eabi/lib/armv7-m/libg.a(lib_a-memmove.o)
 .debug_aranges
                0x0000000000000220       0x20 /usr/lib/gcc/arm-none-eabi/5.2.0/../../../../arm-none-eabi/lib/armv7-m/libg.a(lib_a-mlock.o)
 .debug_aranges
                0x0000000000000240       0x20 /usr/lib/gcc/arm-none-eabi/5.2.0/../../../../arm-none-eabi/lib/armv7-m/libg.a(lib_a-reallocr.o)
 .debug_aranges
                0x0000000000000260       0x20 /usr/lib/gcc/arm-none-eabi/5.2.0/../../../../arm-none-eabi/lib/armv7-m/libg.a(lib_a-sbrkr.o)
 .debug_aranges
                0x0000000000000280       0x20 /usr/lib/gcc/arm-none-eabi/5.2.0/../../../../arm-none-eabi/lib/armv7-m/libg.a(lib_a-wsetup.o)
 .debug_aranges
                0x00000000000002a0       0x30 /usr/lib/gcc/arm-none-eabi/5.2.0/../../../../arm-none-eabi/lib/armv7-m/libg.a(lib_a-fflush.o)
 .debug_aranges
                0x00000000000002d0       0x68 /usr/lib/gcc/arm-none-eabi/5.2.0/../../../../arm-none-eabi/lib/armv7-m/libg.a(lib_a-findfp.o)
 .debug_aranges
                0x0000000000000338       0x28 /usr/lib/gcc/arm-none-eabi/5.2.0/../../../../arm-none-eabi/lib/armv7-m/libg.a(lib_a-freer.o)
 .debug_aranges
                0x0000000000000360       0x28 /usr/lib/gcc/arm-none-eabi/5.2.0/../../../../arm-none-eabi/lib/armv7-m/libg.a(lib_a-fwalk.o)
 .debug_aranges
                0x0000000000000388       0x20 /usr/lib/gcc/arm-none-eabi/5.2.0/../../../../arm-none-eabi/lib/armv7-m/libg.a(lib_a-makebuf.o)
 .debug_aranges
                0x00000000000003a8       0x28 /usr/lib/gcc/arm-none-eabi/5.2.0/../../../../arm-none-eabi/lib/armv7-m/libg.a(lib_a-reent.o)
 .debug_aranges
                0x00000000000003d0       0x40 /usr/lib/gcc/arm-none-eabi/5.2.0/../../../../arm-none-eabi/lib/armv7-m/libg.a(lib_a-stdio.o)
 .debug_aranges
                0x0000000000000410       0x20 /usr/lib/gcc/arm-none-eabi/5.2.0/../../../../arm-none-eabi/lib/armv7-m/libg.a(lib_a-writer.o)
 .debug_aranges
                0x0000000000000430       0x20 /usr/lib/gcc/arm-none-eabi/5.2.0/../../../../arm-none-eabi/lib/armv7-m/libg.a(lib_a-closer.o)
 .debug_aranges
                0x0000000000000450       0x28 /usr/lib/gcc/arm-none-eabi/5.2.0/../../../../arm-none-eabi/lib/armv7-m/libg.a(lib_a-fclose.o)
 .debug_aranges
                0x0000000000000478       0x20 /usr/lib/gcc/arm-none-eabi/5.2.0/../../../../arm-none-eabi/lib/armv7-m/libg.a(lib_a-fstatr.o)
 .debug_aranges
                0x0000000000000498       0x20 /usr/lib/gcc/arm-none-eabi/5.2.0/../../../../arm-none-eabi/lib/armv7-m/libg.a(lib_a-isattyr.o)
 .debug_aranges
                0x00000000000004b8       0x20 /usr/lib/gcc/arm-none-eabi/5.2.0/../../../../arm-none-eabi/lib/armv7-m/libg.a(lib_a-lseekr.o)
 .debug_aranges
                0x00000000000004d8       0x20 /usr/lib/gcc/arm-none-eabi/5.2.0/../../../../arm-none-eabi/lib/armv7-m/libg.a(lib_a-readr.o)

.debug_pubnames
 *(.debug_pubnames)

.debug_info     0x0000000000000000    0x106be
 *(.debug_info .gnu.linkonce.wi.*)
 .debug_info    0x0000000000000000       0x9e /usr/lib/gcc/arm-none-eabi/5.2.0/../../../../arm-none-eabi/lib/armv7-m/crt0.o
 .debug_info    0x000000000000009e       0x9a ./main.o
 .debug_info    0x0000000000000138       0xfe /usr/lib/gcc/arm-none-eabi/5.2.0/../../../../arm-none-eabi/lib/armv7-m/libg.a(lib_a-atexit.o)
 .debug_info    0x0000000000000236      0x8de /usr/lib/gcc/arm-none-eabi/5.2.0/../../../../arm-none-eabi/lib/armv7-m/libg.a(lib_a-exit.o)
 .debug_info    0x0000000000000b14       0xfa /usr/lib/gcc/arm-none-eabi/5.2.0/../../../../arm-none-eabi/lib/armv7-m/libg.a(lib_a-fini.o)
 .debug_info    0x0000000000000c0e      0x89b /usr/lib/gcc/arm-none-eabi/5.2.0/../../../../arm-none-eabi/lib/armv7-m/libg.a(lib_a-impure.o)
 .debug_info    0x00000000000014a9      0x110 /usr/lib/gcc/arm-none-eabi/5.2.0/../../../../arm-none-eabi/lib/armv7-m/libg.a(lib_a-init.o)
 .debug_info    0x00000000000015b9      0x11e /usr/lib/gcc/arm-none-eabi/5.2.0/../../../../arm-none-eabi/lib/armv7-m/libg.a(lib_a-memset.o)
 .debug_info    0x00000000000016d7      0x9f5 /usr/lib/gcc/arm-none-eabi/5.2.0/../../../../arm-none-eabi/lib/armv7-m/libg.a(lib_a-puts.o)
 .debug_info    0x00000000000020cc       0xbc /usr/lib/gcc/arm-none-eabi/5.2.0/../../../../arm-none-eabi/lib/armv7-m/libg.a(lib_a-strlen.o)
 .debug_info    0x0000000000002188      0x92e /usr/lib/gcc/arm-none-eabi/5.2.0/../../../../arm-none-eabi/lib/armv7-m/libg.a(lib_a-__atexit.o)
 .debug_info    0x0000000000002ab6      0x95f /usr/lib/gcc/arm-none-eabi/5.2.0/../../../../arm-none-eabi/lib/armv7-m/libg.a(lib_a-__call_atexit.o)
 .debug_info    0x0000000000003415      0xbed /usr/lib/gcc/arm-none-eabi/5.2.0/../../../../arm-none-eabi/lib/armv7-m/libg.a(lib_a-fvwrite.o)
 .debug_info    0x0000000000004002      0xd4d /usr/lib/gcc/arm-none-eabi/5.2.0/../../../../arm-none-eabi/lib/armv7-m/libg.a(lib_a-mallocr.o)
 .debug_info    0x0000000000004d4f      0x130 /usr/lib/gcc/arm-none-eabi/5.2.0/../../../../arm-none-eabi/lib/armv7-m/libg.a(lib_a-memchr.o)
 .debug_info    0x0000000000004e7f       0xc3 /usr/lib/gcc/arm-none-eabi/5.2.0/../../../../arm-none-eabi/lib/armv7-m/libg.a(lib_a-memcpy.o)
 .debug_info    0x0000000000004f42      0x138 /usr/lib/gcc/arm-none-eabi/5.2.0/../../../../arm-none-eabi/lib/armv7-m/libg.a(lib_a-memmove.o)
 .debug_info    0x000000000000507a      0x8a8 /usr/lib/gcc/arm-none-eabi/5.2.0/../../../../arm-none-eabi/lib/armv7-m/libg.a(lib_a-mlock.o)
 .debug_info    0x0000000000005922      0xc7d /usr/lib/gcc/arm-none-eabi/5.2.0/../../../../arm-none-eabi/lib/armv7-m/libg.a(lib_a-reallocr.o)
 .debug_info    0x000000000000659f      0x8f5 /usr/lib/gcc/arm-none-eabi/5.2.0/../../../../arm-none-eabi/lib/armv7-m/libg.a(lib_a-sbrkr.o)
 .debug_info    0x0000000000006e94      0x92a /usr/lib/gcc/arm-none-eabi/5.2.0/../../../../arm-none-eabi/lib/armv7-m/libg.a(lib_a-wsetup.o)
 .debug_info    0x00000000000077be      0xa84 /usr/lib/gcc/arm-none-eabi/5.2.0/../../../../arm-none-eabi/lib/armv7-m/libg.a(lib_a-fflush.o)
 .debug_info    0x0000000000008242      0xd2e /usr/lib/gcc/arm-none-eabi/5.2.0/../../../../arm-none-eabi/lib/armv7-m/libg.a(lib_a-findfp.o)
 .debug_info    0x0000000000008f70      0xc01 /usr/lib/gcc/arm-none-eabi/5.2.0/../../../../arm-none-eabi/lib/armv7-m/libg.a(lib_a-freer.o)
 .debug_info    0x0000000000009b71      0x9a5 /usr/lib/gcc/arm-none-eabi/5.2.0/../../../../arm-none-eabi/lib/armv7-m/libg.a(lib_a-fwalk.o)
 .debug_info    0x000000000000a516      0xab9 /usr/lib/gcc/arm-none-eabi/5.2.0/../../../../arm-none-eabi/lib/armv7-m/libg.a(lib_a-makebuf.o)
 .debug_info    0x000000000000afcf      0x9fb /usr/lib/gcc/arm-none-eabi/5.2.0/../../../../arm-none-eabi/lib/armv7-m/libg.a(lib_a-reent.o)
 .debug_info    0x000000000000b9ca      0xb29 /usr/lib/gcc/arm-none-eabi/5.2.0/../../../../arm-none-eabi/lib/armv7-m/libg.a(lib_a-stdio.o)
 .debug_info    0x000000000000c4f3      0x933 /usr/lib/gcc/arm-none-eabi/5.2.0/../../../../arm-none-eabi/lib/armv7-m/libg.a(lib_a-writer.o)
 .debug_info    0x000000000000ce26      0x8eb /usr/lib/gcc/arm-none-eabi/5.2.0/../../../../arm-none-eabi/lib/armv7-m/libg.a(lib_a-closer.o)
 .debug_info    0x000000000000d711      0xa17 /usr/lib/gcc/arm-none-eabi/5.2.0/../../../../arm-none-eabi/lib/armv7-m/libg.a(lib_a-fclose.o)
 .debug_info    0x000000000000e128      0xa69 /usr/lib/gcc/arm-none-eabi/5.2.0/../../../../arm-none-eabi/lib/armv7-m/libg.a(lib_a-fstatr.o)
 .debug_info    0x000000000000eb91      0x8eb /usr/lib/gcc/arm-none-eabi/5.2.0/../../../../arm-none-eabi/lib/armv7-m/libg.a(lib_a-isattyr.o)
 .debug_info    0x000000000000f47c      0x916 /usr/lib/gcc/arm-none-eabi/5.2.0/../../../../arm-none-eabi/lib/armv7-m/libg.a(lib_a-lseekr.o)
 .debug_info    0x000000000000fd92      0x92c /usr/lib/gcc/arm-none-eabi/5.2.0/../../../../arm-none-eabi/lib/armv7-m/libg.a(lib_a-readr.o)

.debug_abbrev   0x0000000000000000     0x3a24
 *(.debug_abbrev)
 .debug_abbrev  0x0000000000000000       0x14 /usr/lib/gcc/arm-none-eabi/5.2.0/../../../../arm-none-eabi/lib/armv7-m/crt0.o
 .debug_abbrev  0x0000000000000014       0x45 ./main.o
 .debug_abbrev  0x0000000000000059       0xaa /usr/lib/gcc/arm-none-eabi/5.2.0/../../../../arm-none-eabi/lib/armv7-m/libg.a(lib_a-atexit.o)
 .debug_abbrev  0x0000000000000103      0x1d6 /usr/lib/gcc/arm-none-eabi/5.2.0/../../../../arm-none-eabi/lib/armv7-m/libg.a(lib_a-exit.o)
 .debug_abbrev  0x00000000000002d9       0xbd /usr/lib/gcc/arm-none-eabi/5.2.0/../../../../arm-none-eabi/lib/armv7-m/libg.a(lib_a-fini.o)
 .debug_abbrev  0x0000000000000396      0x180 /usr/lib/gcc/arm-none-eabi/5.2.0/../../../../arm-none-eabi/lib/armv7-m/libg.a(lib_a-impure.o)
 .debug_abbrev  0x0000000000000516       0xba /usr/lib/gcc/arm-none-eabi/5.2.0/../../../../arm-none-eabi/lib/armv7-m/libg.a(lib_a-init.o)
 .debug_abbrev  0x00000000000005d0       0x9f /usr/lib/gcc/arm-none-eabi/5.2.0/../../../../arm-none-eabi/lib/armv7-m/libg.a(lib_a-memset.o)
 .debug_abbrev  0x000000000000066f      0x22f /usr/lib/gcc/arm-none-eabi/5.2.0/../../../../arm-none-eabi/lib/armv7-m/libg.a(lib_a-puts.o)
 .debug_abbrev  0x000000000000089e       0x70 /usr/lib/gcc/arm-none-eabi/5.2.0/../../../../arm-none-eabi/lib/armv7-m/libg.a(lib_a-strlen.o)
 .debug_abbrev  0x000000000000090e      0x20f /usr/lib/gcc/arm-none-eabi/5.2.0/../../../../arm-none-eabi/lib/armv7-m/libg.a(lib_a-__atexit.o)
 .debug_abbrev  0x0000000000000b1d      0x21f /usr/lib/gcc/arm-none-eabi/5.2.0/../../../../arm-none-eabi/lib/armv7-m/libg.a(lib_a-__call_atexit.o)
 .debug_abbrev  0x0000000000000d3c      0x21c /usr/lib/gcc/arm-none-eabi/5.2.0/../../../../arm-none-eabi/lib/armv7-m/libg.a(lib_a-fvwrite.o)
 .debug_abbrev  0x0000000000000f58      0x29d /usr/lib/gcc/arm-none-eabi/5.2.0/../../../../arm-none-eabi/lib/armv7-m/libg.a(lib_a-mallocr.o)
 .debug_abbrev  0x00000000000011f5       0xba /usr/lib/gcc/arm-none-eabi/5.2.0/../../../../arm-none-eabi/lib/armv7-m/libg.a(lib_a-memchr.o)
 .debug_abbrev  0x00000000000012af       0x14 /usr/lib/gcc/arm-none-eabi/5.2.0/../../../../arm-none-eabi/lib/armv7-m/libg.a(lib_a-memcpy.o)
 .debug_abbrev  0x00000000000012c3       0xab /usr/lib/gcc/arm-none-eabi/5.2.0/../../../../arm-none-eabi/lib/armv7-m/libg.a(lib_a-memmove.o)
 .debug_abbrev  0x000000000000136e      0x1ac /usr/lib/gcc/arm-none-eabi/5.2.0/../../../../arm-none-eabi/lib/armv7-m/libg.a(lib_a-mlock.o)
 .debug_abbrev  0x000000000000151a      0x231 /usr/lib/gcc/arm-none-eabi/5.2.0/../../../../arm-none-eabi/lib/armv7-m/libg.a(lib_a-reallocr.o)
 .debug_abbrev  0x000000000000174b      0x1fb /usr/lib/gcc/arm-none-eabi/5.2.0/../../../../arm-none-eabi/lib/armv7-m/libg.a(lib_a-sbrkr.o)
 .debug_abbrev  0x0000000000001946      0x1f8 /usr/lib/gcc/arm-none-eabi/5.2.0/../../../../arm-none-eabi/lib/armv7-m/libg.a(lib_a-wsetup.o)
 .debug_abbrev  0x0000000000001b3e      0x281 /usr/lib/gcc/arm-none-eabi/5.2.0/../../../../arm-none-eabi/lib/armv7-m/libg.a(lib_a-fflush.o)
 .debug_abbrev  0x0000000000001dbf      0x350 /usr/lib/gcc/arm-none-eabi/5.2.0/../../../../arm-none-eabi/lib/armv7-m/libg.a(lib_a-findfp.o)
 .debug_abbrev  0x000000000000210f      0x264 /usr/lib/gcc/arm-none-eabi/5.2.0/../../../../arm-none-eabi/lib/armv7-m/libg.a(lib_a-freer.o)
 .debug_abbrev  0x0000000000002373      0x1c2 /usr/lib/gcc/arm-none-eabi/5.2.0/../../../../arm-none-eabi/lib/armv7-m/libg.a(lib_a-fwalk.o)
 .debug_abbrev  0x0000000000002535      0x1ef /usr/lib/gcc/arm-none-eabi/5.2.0/../../../../arm-none-eabi/lib/armv7-m/libg.a(lib_a-makebuf.o)
 .debug_abbrev  0x0000000000002724      0x25c /usr/lib/gcc/arm-none-eabi/5.2.0/../../../../arm-none-eabi/lib/armv7-m/libg.a(lib_a-reent.o)
 .debug_abbrev  0x0000000000002980      0x22a /usr/lib/gcc/arm-none-eabi/5.2.0/../../../../arm-none-eabi/lib/armv7-m/libg.a(lib_a-stdio.o)
 .debug_abbrev  0x0000000000002baa      0x1fb /usr/lib/gcc/arm-none-eabi/5.2.0/../../../../arm-none-eabi/lib/armv7-m/libg.a(lib_a-writer.o)
 .debug_abbrev  0x0000000000002da5      0x1f6 /usr/lib/gcc/arm-none-eabi/5.2.0/../../../../arm-none-eabi/lib/armv7-m/libg.a(lib_a-closer.o)
 .debug_abbrev  0x0000000000002f9b      0x293 /usr/lib/gcc/arm-none-eabi/5.2.0/../../../../arm-none-eabi/lib/armv7-m/libg.a(lib_a-fclose.o)
 .debug_abbrev  0x000000000000322e      0x205 /usr/lib/gcc/arm-none-eabi/5.2.0/../../../../arm-none-eabi/lib/armv7-m/libg.a(lib_a-fstatr.o)
 .debug_abbrev  0x0000000000003433      0x1f6 /usr/lib/gcc/arm-none-eabi/5.2.0/../../../../arm-none-eabi/lib/armv7-m/libg.a(lib_a-isattyr.o)
 .debug_abbrev  0x0000000000003629      0x205 /usr/lib/gcc/arm-none-eabi/5.2.0/../../../../arm-none-eabi/lib/armv7-m/libg.a(lib_a-lseekr.o)
 .debug_abbrev  0x000000000000382e      0x1f6 /usr/lib/gcc/arm-none-eabi/5.2.0/../../../../arm-none-eabi/lib/armv7-m/libg.a(lib_a-readr.o)

.debug_line     0x0000000000000000     0x32cc
 *(.debug_line .debug_line.* .debug_line_end)
 .debug_line    0x0000000000000000       0x7b /usr/lib/gcc/arm-none-eabi/5.2.0/../../../../arm-none-eabi/lib/armv7-m/crt0.o
 .debug_line    0x000000000000007b      0x19f ./main.o
 .debug_line    0x000000000000021a       0xaf /usr/lib/gcc/arm-none-eabi/5.2.0/../../../../arm-none-eabi/lib/armv7-m/libg.a(lib_a-atexit.o)
 .debug_line    0x00000000000002c9      0x153 /usr/lib/gcc/arm-none-eabi/5.2.0/../../../../arm-none-eabi/lib/armv7-m/libg.a(lib_a-exit.o)
 .debug_line    0x000000000000041c       0x9c /usr/lib/gcc/arm-none-eabi/5.2.0/../../../../arm-none-eabi/lib/armv7-m/libg.a(lib_a-fini.o)
 .debug_line    0x00000000000004b8       0xe0 /usr/lib/gcc/arm-none-eabi/5.2.0/../../../../arm-none-eabi/lib/armv7-m/libg.a(lib_a-impure.o)
 .debug_line    0x0000000000000598       0xb6 /usr/lib/gcc/arm-none-eabi/5.2.0/../../../../arm-none-eabi/lib/armv7-m/libg.a(lib_a-init.o)
 .debug_line    0x000000000000064e      0x108 /usr/lib/gcc/arm-none-eabi/5.2.0/../../../../arm-none-eabi/lib/armv7-m/libg.a(lib_a-memset.o)
 .debug_line    0x0000000000000756      0x183 /usr/lib/gcc/arm-none-eabi/5.2.0/../../../../arm-none-eabi/lib/armv7-m/libg.a(lib_a-puts.o)
 .debug_line    0x00000000000008d9       0xe1 /usr/lib/gcc/arm-none-eabi/5.2.0/../../../../arm-none-eabi/lib/armv7-m/libg.a(lib_a-strlen.o)
 .debug_line    0x00000000000009ba      0x17a /usr/lib/gcc/arm-none-eabi/5.2.0/../../../../arm-none-eabi/lib/armv7-m/libg.a(lib_a-__atexit.o)
 .debug_line    0x0000000000000b34      0x190 /usr/lib/gcc/arm-none-eabi/5.2.0/../../../../arm-none-eabi/lib/armv7-m/libg.a(lib_a-__call_atexit.o)
 .debug_line    0x0000000000000cc4      0x2a0 /usr/lib/gcc/arm-none-eabi/5.2.0/../../../../arm-none-eabi/lib/armv7-m/libg.a(lib_a-fvwrite.o)
 .debug_line    0x0000000000000f64      0x365 /usr/lib/gcc/arm-none-eabi/5.2.0/../../../../arm-none-eabi/lib/armv7-m/libg.a(lib_a-mallocr.o)
 .debug_line    0x00000000000012c9      0x106 /usr/lib/gcc/arm-none-eabi/5.2.0/../../../../arm-none-eabi/lib/armv7-m/libg.a(lib_a-memchr.o)
 .debug_line    0x00000000000013cf       0xbb /usr/lib/gcc/arm-none-eabi/5.2.0/../../../../arm-none-eabi/lib/armv7-m/libg.a(lib_a-memcpy.o)
 .debug_line    0x000000000000148a      0x117 /usr/lib/gcc/arm-none-eabi/5.2.0/../../../../arm-none-eabi/lib/armv7-m/libg.a(lib_a-memmove.o)
 .debug_line    0x00000000000015a1       0xef /usr/lib/gcc/arm-none-eabi/5.2.0/../../../../arm-none-eabi/lib/armv7-m/libg.a(lib_a-mlock.o)
 .debug_line    0x0000000000001690      0x2a0 /usr/lib/gcc/arm-none-eabi/5.2.0/../../../../arm-none-eabi/lib/armv7-m/libg.a(lib_a-reallocr.o)
 .debug_line    0x0000000000001930      0x13f /usr/lib/gcc/arm-none-eabi/5.2.0/../../../../arm-none-eabi/lib/armv7-m/libg.a(lib_a-sbrkr.o)
 .debug_line    0x0000000000001a6f      0x19c /usr/lib/gcc/arm-none-eabi/5.2.0/../../../../arm-none-eabi/lib/armv7-m/libg.a(lib_a-wsetup.o)
 .debug_line    0x0000000000001c0b      0x233 /usr/lib/gcc/arm-none-eabi/5.2.0/../../../../arm-none-eabi/lib/armv7-m/libg.a(lib_a-fflush.o)
 .debug_line    0x0000000000001e3e      0x2b1 /usr/lib/gcc/arm-none-eabi/5.2.0/../../../../arm-none-eabi/lib/armv7-m/libg.a(lib_a-findfp.o)
 .debug_line    0x00000000000020ef      0x24b /usr/lib/gcc/arm-none-eabi/5.2.0/../../../../arm-none-eabi/lib/armv7-m/libg.a(lib_a-freer.o)
 .debug_line    0x000000000000233a      0x181 /usr/lib/gcc/arm-none-eabi/5.2.0/../../../../arm-none-eabi/lib/armv7-m/libg.a(lib_a-fwalk.o)
 .debug_line    0x00000000000024bb      0x1c3 /usr/lib/gcc/arm-none-eabi/5.2.0/../../../../arm-none-eabi/lib/armv7-m/libg.a(lib_a-makebuf.o)
 .debug_line    0x000000000000267e      0x178 /usr/lib/gcc/arm-none-eabi/5.2.0/../../../../arm-none-eabi/lib/armv7-m/libg.a(lib_a-reent.o)
 .debug_line    0x00000000000027f6      0x1ae /usr/lib/gcc/arm-none-eabi/5.2.0/../../../../arm-none-eabi/lib/armv7-m/libg.a(lib_a-stdio.o)
 .debug_line    0x00000000000029a4      0x142 /usr/lib/gcc/arm-none-eabi/5.2.0/../../../../arm-none-eabi/lib/armv7-m/libg.a(lib_a-writer.o)
 .debug_line    0x0000000000002ae6      0x140 /usr/lib/gcc/arm-none-eabi/5.2.0/../../../../arm-none-eabi/lib/armv7-m/libg.a(lib_a-closer.o)
 .debug_line    0x0000000000002c26      0x18c /usr/lib/gcc/arm-none-eabi/5.2.0/../../../../arm-none-eabi/lib/armv7-m/libg.a(lib_a-fclose.o)
 .debug_line    0x0000000000002db2      0x156 /usr/lib/gcc/arm-none-eabi/5.2.0/../../../../arm-none-eabi/lib/armv7-m/libg.a(lib_a-fstatr.o)
 .debug_line    0x0000000000002f08      0x141 /usr/lib/gcc/arm-none-eabi/5.2.0/../../../../arm-none-eabi/lib/armv7-m/libg.a(lib_a-isattyr.o)
 .debug_line    0x0000000000003049      0x142 /usr/lib/gcc/arm-none-eabi/5.2.0/../../../../arm-none-eabi/lib/armv7-m/libg.a(lib_a-lseekr.o)
 .debug_line    0x000000000000318b      0x141 /usr/lib/gcc/arm-none-eabi/5.2.0/../../../../arm-none-eabi/lib/armv7-m/libg.a(lib_a-readr.o)

.debug_frame    0x0000000000000000      0x8ac
 *(.debug_frame)
 .debug_frame   0x0000000000000000       0x2c ./main.o
 .debug_frame   0x000000000000002c       0x20 /usr/lib/gcc/arm-none-eabi/5.2.0/../../../../arm-none-eabi/lib/armv7-m/libg.a(lib_a-atexit.o)
 .debug_frame   0x000000000000004c       0x28 /usr/lib/gcc/arm-none-eabi/5.2.0/../../../../arm-none-eabi/lib/armv7-m/libg.a(lib_a-exit.o)
 .debug_frame   0x0000000000000074       0x34 /usr/lib/gcc/arm-none-eabi/5.2.0/../../../../arm-none-eabi/lib/armv7-m/libg.a(lib_a-fini.o)
 .debug_frame   0x00000000000000a8       0x2c /usr/lib/gcc/arm-none-eabi/5.2.0/../../../../arm-none-eabi/lib/armv7-m/libg.a(lib_a-init.o)
 .debug_frame   0x00000000000000d4       0x34 /usr/lib/gcc/arm-none-eabi/5.2.0/../../../../arm-none-eabi/lib/armv7-m/libg.a(lib_a-memset.o)
 .debug_frame   0x0000000000000108       0x44 /usr/lib/gcc/arm-none-eabi/5.2.0/../../../../arm-none-eabi/lib/armv7-m/libg.a(lib_a-puts.o)
 .debug_frame   0x000000000000014c       0x20 /usr/lib/gcc/arm-none-eabi/5.2.0/../../../../arm-none-eabi/lib/armv7-m/libg.a(lib_a-strlen.o)
 .debug_frame   0x000000000000016c       0x34 /usr/lib/gcc/arm-none-eabi/5.2.0/../../../../arm-none-eabi/lib/armv7-m/libg.a(lib_a-__atexit.o)
 .debug_frame   0x00000000000001a0       0x40 /usr/lib/gcc/arm-none-eabi/5.2.0/../../../../arm-none-eabi/lib/armv7-m/libg.a(lib_a-__call_atexit.o)
 .debug_frame   0x00000000000001e0       0x68 /usr/lib/gcc/arm-none-eabi/5.2.0/../../../../arm-none-eabi/lib/armv7-m/libg.a(lib_a-fvwrite.o)
 .debug_frame   0x0000000000000248       0x54 /usr/lib/gcc/arm-none-eabi/5.2.0/../../../../arm-none-eabi/lib/armv7-m/libg.a(lib_a-mallocr.o)
 .debug_frame   0x000000000000029c       0x34 /usr/lib/gcc/arm-none-eabi/5.2.0/../../../../arm-none-eabi/lib/armv7-m/libg.a(lib_a-memchr.o)
 .debug_frame   0x00000000000002d0       0x30 /usr/lib/gcc/arm-none-eabi/5.2.0/../../../../arm-none-eabi/lib/armv7-m/libg.a(lib_a-memmove.o)
 .debug_frame   0x0000000000000300       0x30 /usr/lib/gcc/arm-none-eabi/5.2.0/../../../../arm-none-eabi/lib/armv7-m/libg.a(lib_a-mlock.o)
 .debug_frame   0x0000000000000330       0x58 /usr/lib/gcc/arm-none-eabi/5.2.0/../../../../arm-none-eabi/lib/armv7-m/libg.a(lib_a-reallocr.o)
 .debug_frame   0x0000000000000388       0x2c /usr/lib/gcc/arm-none-eabi/5.2.0/../../../../arm-none-eabi/lib/armv7-m/libg.a(lib_a-sbrkr.o)
 .debug_frame   0x00000000000003b4       0x2c /usr/lib/gcc/arm-none-eabi/5.2.0/../../../../arm-none-eabi/lib/armv7-m/libg.a(lib_a-wsetup.o)
 .debug_frame   0x00000000000003e0       0x6c /usr/lib/gcc/arm-none-eabi/5.2.0/../../../../arm-none-eabi/lib/armv7-m/libg.a(lib_a-fflush.o)
 .debug_frame   0x000000000000044c      0x124 /usr/lib/gcc/arm-none-eabi/5.2.0/../../../../arm-none-eabi/lib/armv7-m/libg.a(lib_a-findfp.o)
 .debug_frame   0x0000000000000570       0x74 /usr/lib/gcc/arm-none-eabi/5.2.0/../../../../arm-none-eabi/lib/armv7-m/libg.a(lib_a-freer.o)
 .debug_frame   0x00000000000005e4       0x54 /usr/lib/gcc/arm-none-eabi/5.2.0/../../../../arm-none-eabi/lib/armv7-m/libg.a(lib_a-fwalk.o)
 .debug_frame   0x0000000000000638       0x48 /usr/lib/gcc/arm-none-eabi/5.2.0/../../../../arm-none-eabi/lib/armv7-m/libg.a(lib_a-makebuf.o)
 .debug_frame   0x0000000000000680       0x58 /usr/lib/gcc/arm-none-eabi/5.2.0/../../../../arm-none-eabi/lib/armv7-m/libg.a(lib_a-reent.o)
 .debug_frame   0x00000000000006d8       0x88 /usr/lib/gcc/arm-none-eabi/5.2.0/../../../../arm-none-eabi/lib/armv7-m/libg.a(lib_a-stdio.o)
 .debug_frame   0x0000000000000760       0x2c /usr/lib/gcc/arm-none-eabi/5.2.0/../../../../arm-none-eabi/lib/armv7-m/libg.a(lib_a-writer.o)
 .debug_frame   0x000000000000078c       0x2c /usr/lib/gcc/arm-none-eabi/5.2.0/../../../../arm-none-eabi/lib/armv7-m/libg.a(lib_a-closer.o)
 .debug_frame   0x00000000000007b8       0x44 /usr/lib/gcc/arm-none-eabi/5.2.0/../../../../arm-none-eabi/lib/armv7-m/libg.a(lib_a-fclose.o)
 .debug_frame   0x00000000000007fc       0x2c /usr/lib/gcc/arm-none-eabi/5.2.0/../../../../arm-none-eabi/lib/armv7-m/libg.a(lib_a-fstatr.o)
 .debug_frame   0x0000000000000828       0x2c /usr/lib/gcc/arm-none-eabi/5.2.0/../../../../arm-none-eabi/lib/armv7-m/libg.a(lib_a-isattyr.o)
 .debug_frame   0x0000000000000854       0x2c /usr/lib/gcc/arm-none-eabi/5.2.0/../../../../arm-none-eabi/lib/armv7-m/libg.a(lib_a-lseekr.o)
 .debug_frame   0x0000000000000880       0x2c /usr/lib/gcc/arm-none-eabi/5.2.0/../../../../arm-none-eabi/lib/armv7-m/libg.a(lib_a-readr.o)

.debug_str      0x0000000000000000     0x6862
 *(.debug_str)
 .debug_str     0x0000000000000000     0x5554 ./main.o
                                       0x5664 (size before relaxing)
 .debug_str     0x0000000000005554      0x141 /usr/lib/gcc/arm-none-eabi/5.2.0/../../../../arm-none-eabi/lib/armv7-m/libg.a(lib_a-atexit.o)
                                        0x1e6 (size before relaxing)
 .debug_str     0x0000000000005695      0x3ae /usr/lib/gcc/arm-none-eabi/5.2.0/../../../../arm-none-eabi/lib/armv7-m/libg.a(lib_a-exit.o)
                                        0x583 (size before relaxing)
 .debug_str     0x0000000000005a43       0xbf /usr/lib/gcc/arm-none-eabi/5.2.0/../../../../arm-none-eabi/lib/armv7-m/libg.a(lib_a-fini.o)
                                        0x1de (size before relaxing)
 .debug_str     0x0000000000005b02       0x93 /usr/lib/gcc/arm-none-eabi/5.2.0/../../../../arm-none-eabi/lib/armv7-m/libg.a(lib_a-impure.o)
                                        0x57a (size before relaxing)
 .debug_str     0x0000000000005b95       0x90 /usr/lib/gcc/arm-none-eabi/5.2.0/../../../../arm-none-eabi/lib/armv7-m/libg.a(lib_a-init.o)
                                        0x208 (size before relaxing)
 .debug_str     0x0000000000005c25       0xa4 /usr/lib/gcc/arm-none-eabi/5.2.0/../../../../arm-none-eabi/lib/armv7-m/libg.a(lib_a-memset.o)
                                        0x1bd (size before relaxing)
 .debug_str     0x0000000000005cc9       0xe2 /usr/lib/gcc/arm-none-eabi/5.2.0/../../../../arm-none-eabi/lib/armv7-m/libg.a(lib_a-puts.o)
                                        0x5c9 (size before relaxing)
 .debug_str     0x0000000000005dab       0x96 /usr/lib/gcc/arm-none-eabi/5.2.0/../../../../arm-none-eabi/lib/armv7-m/libg.a(lib_a-strlen.o)
                                        0x1b6 (size before relaxing)
 .debug_str     0x0000000000005e41       0x30 /usr/lib/gcc/arm-none-eabi/5.2.0/../../../../arm-none-eabi/lib/armv7-m/libg.a(lib_a-__atexit.o)
                                        0x5bb (size before relaxing)
 .debug_str     0x0000000000005e71       0x56 /usr/lib/gcc/arm-none-eabi/5.2.0/../../../../arm-none-eabi/lib/armv7-m/libg.a(lib_a-__call_atexit.o)
                                        0x5a7 (size before relaxing)
 .debug_str     0x0000000000005ec7       0x95 /usr/lib/gcc/arm-none-eabi/5.2.0/../../../../arm-none-eabi/lib/armv7-m/libg.a(lib_a-fvwrite.o)
                                        0x60c (size before relaxing)
 .debug_str     0x0000000000005f5c      0x21d /usr/lib/gcc/arm-none-eabi/5.2.0/../../../../arm-none-eabi/lib/armv7-m/libg.a(lib_a-mallocr.o)
                                        0x77f (size before relaxing)
 .debug_str     0x0000000000006179       0x48 /usr/lib/gcc/arm-none-eabi/5.2.0/../../../../arm-none-eabi/lib/armv7-m/libg.a(lib_a-memchr.o)
                                        0x1c3 (size before relaxing)
 .debug_str     0x00000000000061c1       0x50 /usr/lib/gcc/arm-none-eabi/5.2.0/../../../../arm-none-eabi/lib/armv7-m/libg.a(lib_a-memmove.o)
                                        0x1dc (size before relaxing)
 .debug_str     0x0000000000006211       0x42 /usr/lib/gcc/arm-none-eabi/5.2.0/../../../../arm-none-eabi/lib/armv7-m/libg.a(lib_a-mlock.o)
                                        0x575 (size before relaxing)
 .debug_str     0x0000000000006253       0x4e /usr/lib/gcc/arm-none-eabi/5.2.0/../../../../arm-none-eabi/lib/armv7-m/libg.a(lib_a-reallocr.o)
                                        0x65b (size before relaxing)
 .debug_str     0x00000000000062a1       0x37 /usr/lib/gcc/arm-none-eabi/5.2.0/../../../../arm-none-eabi/lib/armv7-m/libg.a(lib_a-sbrkr.o)
                                        0x571 (size before relaxing)
 .debug_str     0x00000000000062d8       0x52 /usr/lib/gcc/arm-none-eabi/5.2.0/../../../../arm-none-eabi/lib/armv7-m/libg.a(lib_a-wsetup.o)
                                        0x599 (size before relaxing)
 .debug_str     0x000000000000632a       0x5d /usr/lib/gcc/arm-none-eabi/5.2.0/../../../../arm-none-eabi/lib/armv7-m/libg.a(lib_a-fflush.o)
                                        0x5da (size before relaxing)
 .debug_str     0x0000000000006387      0x106 /usr/lib/gcc/arm-none-eabi/5.2.0/../../../../arm-none-eabi/lib/armv7-m/libg.a(lib_a-findfp.o)
                                        0x690 (size before relaxing)
 .debug_str     0x000000000000648d       0x34 /usr/lib/gcc/arm-none-eabi/5.2.0/../../../../arm-none-eabi/lib/armv7-m/libg.a(lib_a-freer.o)
                                        0x6c9 (size before relaxing)
 .debug_str     0x00000000000064c1       0x3b /usr/lib/gcc/arm-none-eabi/5.2.0/../../../../arm-none-eabi/lib/armv7-m/libg.a(lib_a-fwalk.o)
                                        0x57f (size before relaxing)
 .debug_str     0x00000000000064fc      0x115 /usr/lib/gcc/arm-none-eabi/5.2.0/../../../../arm-none-eabi/lib/armv7-m/libg.a(lib_a-makebuf.o)
                                        0x67c (size before relaxing)
 .debug_str     0x0000000000006611       0x58 /usr/lib/gcc/arm-none-eabi/5.2.0/../../../../arm-none-eabi/lib/armv7-m/libg.a(lib_a-reent.o)
                                        0x599 (size before relaxing)
 .debug_str     0x0000000000006669       0x8c /usr/lib/gcc/arm-none-eabi/5.2.0/../../../../arm-none-eabi/lib/armv7-m/libg.a(lib_a-stdio.o)
                                        0x5ce (size before relaxing)
 .debug_str     0x00000000000066f5       0x2d /usr/lib/gcc/arm-none-eabi/5.2.0/../../../../arm-none-eabi/lib/armv7-m/libg.a(lib_a-writer.o)
                                        0x56e (size before relaxing)
 .debug_str     0x0000000000006722       0x2d /usr/lib/gcc/arm-none-eabi/5.2.0/../../../../arm-none-eabi/lib/armv7-m/libg.a(lib_a-closer.o)
                                        0x55e (size before relaxing)
 .debug_str     0x000000000000674f       0x43 /usr/lib/gcc/arm-none-eabi/5.2.0/../../../../arm-none-eabi/lib/armv7-m/libg.a(lib_a-fclose.o)
                                        0x5c7 (size before relaxing)
 .debug_str     0x0000000000006792       0x3a /usr/lib/gcc/arm-none-eabi/5.2.0/../../../../arm-none-eabi/lib/armv7-m/libg.a(lib_a-fstatr.o)
                                        0x651 (size before relaxing)
 .debug_str     0x00000000000067cc       0x36 /usr/lib/gcc/arm-none-eabi/5.2.0/../../../../arm-none-eabi/lib/armv7-m/libg.a(lib_a-isattyr.o)
                                        0x568 (size before relaxing)
 .debug_str     0x0000000000006802       0x34 /usr/lib/gcc/arm-none-eabi/5.2.0/../../../../arm-none-eabi/lib/armv7-m/libg.a(lib_a-lseekr.o)
                                        0x56c (size before relaxing)
 .debug_str     0x0000000000006836       0x2c /usr/lib/gcc/arm-none-eabi/5.2.0/../../../../arm-none-eabi/lib/armv7-m/libg.a(lib_a-readr.o)
                                        0x56c (size before relaxing)

.debug_loc      0x0000000000000000     0x474c
 *(.debug_loc)
 .debug_loc     0x0000000000000000       0x2c /usr/lib/gcc/arm-none-eabi/5.2.0/../../../../arm-none-eabi/lib/armv7-m/libg.a(lib_a-atexit.o)
 .debug_loc     0x000000000000002c       0x1e /usr/lib/gcc/arm-none-eabi/5.2.0/../../../../arm-none-eabi/lib/armv7-m/libg.a(lib_a-exit.o)
 .debug_loc     0x000000000000004a       0x5c /usr/lib/gcc/arm-none-eabi/5.2.0/../../../../arm-none-eabi/lib/armv7-m/libg.a(lib_a-fini.o)
 .debug_loc     0x00000000000000a6       0xae /usr/lib/gcc/arm-none-eabi/5.2.0/../../../../arm-none-eabi/lib/armv7-m/libg.a(lib_a-init.o)
 .debug_loc     0x0000000000000154      0x1ae /usr/lib/gcc/arm-none-eabi/5.2.0/../../../../arm-none-eabi/lib/armv7-m/libg.a(lib_a-memset.o)
 .debug_loc     0x0000000000000302       0xc2 /usr/lib/gcc/arm-none-eabi/5.2.0/../../../../arm-none-eabi/lib/armv7-m/libg.a(lib_a-puts.o)
 .debug_loc     0x00000000000003c4       0x21 /usr/lib/gcc/arm-none-eabi/5.2.0/../../../../arm-none-eabi/lib/armv7-m/libg.a(lib_a-strlen.o)
 .debug_loc     0x00000000000003e5      0x197 /usr/lib/gcc/arm-none-eabi/5.2.0/../../../../arm-none-eabi/lib/armv7-m/libg.a(lib_a-__atexit.o)
 .debug_loc     0x000000000000057c      0x17b /usr/lib/gcc/arm-none-eabi/5.2.0/../../../../arm-none-eabi/lib/armv7-m/libg.a(lib_a-__call_atexit.o)
 .debug_loc     0x00000000000006f7      0x66c /usr/lib/gcc/arm-none-eabi/5.2.0/../../../../arm-none-eabi/lib/armv7-m/libg.a(lib_a-fvwrite.o)
 .debug_loc     0x0000000000000d63      0xc56 /usr/lib/gcc/arm-none-eabi/5.2.0/../../../../arm-none-eabi/lib/armv7-m/libg.a(lib_a-mallocr.o)
 .debug_loc     0x00000000000019b9      0x15c /usr/lib/gcc/arm-none-eabi/5.2.0/../../../../arm-none-eabi/lib/armv7-m/libg.a(lib_a-memchr.o)
 .debug_loc     0x0000000000001b15      0x2aa /usr/lib/gcc/arm-none-eabi/5.2.0/../../../../arm-none-eabi/lib/armv7-m/libg.a(lib_a-memmove.o)
 .debug_loc     0x0000000000001dbf     0x1317 /usr/lib/gcc/arm-none-eabi/5.2.0/../../../../arm-none-eabi/lib/armv7-m/libg.a(lib_a-reallocr.o)
 .debug_loc     0x00000000000030d6       0x4d /usr/lib/gcc/arm-none-eabi/5.2.0/../../../../arm-none-eabi/lib/armv7-m/libg.a(lib_a-sbrkr.o)
 .debug_loc     0x0000000000003123       0x8c /usr/lib/gcc/arm-none-eabi/5.2.0/../../../../arm-none-eabi/lib/armv7-m/libg.a(lib_a-wsetup.o)
 .debug_loc     0x00000000000031af      0x29f /usr/lib/gcc/arm-none-eabi/5.2.0/../../../../arm-none-eabi/lib/armv7-m/libg.a(lib_a-fflush.o)
 .debug_loc     0x000000000000344e      0x271 /usr/lib/gcc/arm-none-eabi/5.2.0/../../../../arm-none-eabi/lib/armv7-m/libg.a(lib_a-findfp.o)
 .debug_loc     0x00000000000036bf      0x535 /usr/lib/gcc/arm-none-eabi/5.2.0/../../../../arm-none-eabi/lib/armv7-m/libg.a(lib_a-freer.o)
 .debug_loc     0x0000000000003bf4      0x1f1 /usr/lib/gcc/arm-none-eabi/5.2.0/../../../../arm-none-eabi/lib/armv7-m/libg.a(lib_a-fwalk.o)
 .debug_loc     0x0000000000003de5      0x10c /usr/lib/gcc/arm-none-eabi/5.2.0/../../../../arm-none-eabi/lib/armv7-m/libg.a(lib_a-makebuf.o)
 .debug_loc     0x0000000000003ef1      0x11d /usr/lib/gcc/arm-none-eabi/5.2.0/../../../../arm-none-eabi/lib/armv7-m/libg.a(lib_a-reent.o)
 .debug_loc     0x000000000000400e      0x2bf /usr/lib/gcc/arm-none-eabi/5.2.0/../../../../arm-none-eabi/lib/armv7-m/libg.a(lib_a-stdio.o)
 .debug_loc     0x00000000000042cd       0xb0 /usr/lib/gcc/arm-none-eabi/5.2.0/../../../../arm-none-eabi/lib/armv7-m/libg.a(lib_a-writer.o)
 .debug_loc     0x000000000000437d       0x4d /usr/lib/gcc/arm-none-eabi/5.2.0/../../../../arm-none-eabi/lib/armv7-m/libg.a(lib_a-closer.o)
 .debug_loc     0x00000000000043ca      0x151 /usr/lib/gcc/arm-none-eabi/5.2.0/../../../../arm-none-eabi/lib/armv7-m/libg.a(lib_a-fclose.o)
 .debug_loc     0x000000000000451b       0x84 /usr/lib/gcc/arm-none-eabi/5.2.0/../../../../arm-none-eabi/lib/armv7-m/libg.a(lib_a-fstatr.o)
 .debug_loc     0x000000000000459f       0x4d /usr/lib/gcc/arm-none-eabi/5.2.0/../../../../arm-none-eabi/lib/armv7-m/libg.a(lib_a-isattyr.o)
 .debug_loc     0x00000000000045ec       0xb0 /usr/lib/gcc/arm-none-eabi/5.2.0/../../../../arm-none-eabi/lib/armv7-m/libg.a(lib_a-lseekr.o)
 .debug_loc     0x000000000000469c       0xb0 /usr/lib/gcc/arm-none-eabi/5.2.0/../../../../arm-none-eabi/lib/armv7-m/libg.a(lib_a-readr.o)

.debug_macinfo
 *(.debug_macinfo)

.debug_weaknames
 *(.debug_weaknames)

.debug_funcnames
 *(.debug_funcnames)

.debug_typenames
 *(.debug_typenames)

.debug_varnames
 *(.debug_varnames)

.debug_pubtypes
 *(.debug_pubtypes)

.debug_ranges   0x0000000000000000      0x6b8
 *(.debug_ranges)
 .debug_ranges  0x0000000000000000       0x10 ./main.o
 .debug_ranges  0x0000000000000010       0x10 /usr/lib/gcc/arm-none-eabi/5.2.0/../../../../arm-none-eabi/lib/armv7-m/libg.a(lib_a-atexit.o)
 .debug_ranges  0x0000000000000020       0x10 /usr/lib/gcc/arm-none-eabi/5.2.0/../../../../arm-none-eabi/lib/armv7-m/libg.a(lib_a-exit.o)
 .debug_ranges  0x0000000000000030       0x10 /usr/lib/gcc/arm-none-eabi/5.2.0/../../../../arm-none-eabi/lib/armv7-m/libg.a(lib_a-fini.o)
 .debug_ranges  0x0000000000000040       0x10 /usr/lib/gcc/arm-none-eabi/5.2.0/../../../../arm-none-eabi/lib/armv7-m/libg.a(lib_a-init.o)
 .debug_ranges  0x0000000000000050       0x10 /usr/lib/gcc/arm-none-eabi/5.2.0/../../../../arm-none-eabi/lib/armv7-m/libg.a(lib_a-memset.o)
 .debug_ranges  0x0000000000000060       0x18 /usr/lib/gcc/arm-none-eabi/5.2.0/../../../../arm-none-eabi/lib/armv7-m/libg.a(lib_a-puts.o)
 .debug_ranges  0x0000000000000078       0x10 /usr/lib/gcc/arm-none-eabi/5.2.0/../../../../arm-none-eabi/lib/armv7-m/libg.a(lib_a-strlen.o)
 .debug_ranges  0x0000000000000088       0x10 /usr/lib/gcc/arm-none-eabi/5.2.0/../../../../arm-none-eabi/lib/armv7-m/libg.a(lib_a-__atexit.o)
 .debug_ranges  0x0000000000000098       0x30 /usr/lib/gcc/arm-none-eabi/5.2.0/../../../../arm-none-eabi/lib/armv7-m/libg.a(lib_a-__call_atexit.o)
 .debug_ranges  0x00000000000000c8       0x38 /usr/lib/gcc/arm-none-eabi/5.2.0/../../../../arm-none-eabi/lib/armv7-m/libg.a(lib_a-fvwrite.o)
 .debug_ranges  0x0000000000000100       0x50 /usr/lib/gcc/arm-none-eabi/5.2.0/../../../../arm-none-eabi/lib/armv7-m/libg.a(lib_a-mallocr.o)
 .debug_ranges  0x0000000000000150       0x10 /usr/lib/gcc/arm-none-eabi/5.2.0/../../../../arm-none-eabi/lib/armv7-m/libg.a(lib_a-memchr.o)
 .debug_ranges  0x0000000000000160       0x10 /usr/lib/gcc/arm-none-eabi/5.2.0/../../../../arm-none-eabi/lib/armv7-m/libg.a(lib_a-memmove.o)
 .debug_ranges  0x0000000000000170       0x10 /usr/lib/gcc/arm-none-eabi/5.2.0/../../../../arm-none-eabi/lib/armv7-m/libg.a(lib_a-mlock.o)
 .debug_ranges  0x0000000000000180      0x1a8 /usr/lib/gcc/arm-none-eabi/5.2.0/../../../../arm-none-eabi/lib/armv7-m/libg.a(lib_a-reallocr.o)
 .debug_ranges  0x0000000000000328       0x10 /usr/lib/gcc/arm-none-eabi/5.2.0/../../../../arm-none-eabi/lib/armv7-m/libg.a(lib_a-sbrkr.o)
 .debug_ranges  0x0000000000000338       0x38 /usr/lib/gcc/arm-none-eabi/5.2.0/../../../../arm-none-eabi/lib/armv7-m/libg.a(lib_a-wsetup.o)
 .debug_ranges  0x0000000000000370       0x80 /usr/lib/gcc/arm-none-eabi/5.2.0/../../../../arm-none-eabi/lib/armv7-m/libg.a(lib_a-fflush.o)
 .debug_ranges  0x00000000000003f0       0xc0 /usr/lib/gcc/arm-none-eabi/5.2.0/../../../../arm-none-eabi/lib/armv7-m/libg.a(lib_a-findfp.o)
 .debug_ranges  0x00000000000004b0       0x18 /usr/lib/gcc/arm-none-eabi/5.2.0/../../../../arm-none-eabi/lib/armv7-m/libg.a(lib_a-freer.o)
 .debug_ranges  0x00000000000004c8       0x18 /usr/lib/gcc/arm-none-eabi/5.2.0/../../../../arm-none-eabi/lib/armv7-m/libg.a(lib_a-fwalk.o)
 .debug_ranges  0x00000000000004e0       0x10 /usr/lib/gcc/arm-none-eabi/5.2.0/../../../../arm-none-eabi/lib/armv7-m/libg.a(lib_a-makebuf.o)
 .debug_ranges  0x00000000000004f0       0x18 /usr/lib/gcc/arm-none-eabi/5.2.0/../../../../arm-none-eabi/lib/armv7-m/libg.a(lib_a-reent.o)
 .debug_ranges  0x0000000000000508       0x30 /usr/lib/gcc/arm-none-eabi/5.2.0/../../../../arm-none-eabi/lib/armv7-m/libg.a(lib_a-stdio.o)
 .debug_ranges  0x0000000000000538       0x38 /usr/lib/gcc/arm-none-eabi/5.2.0/../../../../arm-none-eabi/lib/armv7-m/libg.a(lib_a-writer.o)
 .debug_ranges  0x0000000000000570       0x30 /usr/lib/gcc/arm-none-eabi/5.2.0/../../../../arm-none-eabi/lib/armv7-m/libg.a(lib_a-closer.o)
 .debug_ranges  0x00000000000005a0       0x48 /usr/lib/gcc/arm-none-eabi/5.2.0/../../../../arm-none-eabi/lib/armv7-m/libg.a(lib_a-fclose.o)
 .debug_ranges  0x00000000000005e8       0x30 /usr/lib/gcc/arm-none-eabi/5.2.0/../../../../arm-none-eabi/lib/armv7-m/libg.a(lib_a-fstatr.o)
 .debug_ranges  0x0000000000000618       0x30 /usr/lib/gcc/arm-none-eabi/5.2.0/../../../../arm-none-eabi/lib/armv7-m/libg.a(lib_a-isattyr.o)
 .debug_ranges  0x0000000000000648       0x38 /usr/lib/gcc/arm-none-eabi/5.2.0/../../../../arm-none-eabi/lib/armv7-m/libg.a(lib_a-lseekr.o)
 .debug_ranges  0x0000000000000680       0x38 /usr/lib/gcc/arm-none-eabi/5.2.0/../../../../arm-none-eabi/lib/armv7-m/libg.a(lib_a-readr.o)

.debug_macro    0x0000000000000000     0x1414
 *(.debug_macro)
 .debug_macro   0x0000000000000000      0x107 ./main.o
 .debug_macro   0x0000000000000107      0x862 ./main.o
 .debug_macro   0x0000000000000969       0x52 ./main.o
 .debug_macro   0x00000000000009bb       0x22 ./main.o
 .debug_macro   0x00000000000009dd       0x35 ./main.o
 .debug_macro   0x0000000000000a12       0x9c ./main.o
 .debug_macro   0x0000000000000aae       0x16 ./main.o
 .debug_macro   0x0000000000000ac4       0x4a ./main.o
 .debug_macro   0x0000000000000b0e       0x97 ./main.o
 .debug_macro   0x0000000000000ba5      0x27a ./main.o
 .debug_macro   0x0000000000000e1f       0xfd ./main.o
 .debug_macro   0x0000000000000f1c       0x10 ./main.o
 .debug_macro   0x0000000000000f2c       0x52 ./main.o
 .debug_macro   0x0000000000000f7e       0x16 ./main.o
 .debug_macro   0x0000000000000f94       0x43 ./main.o
 .debug_macro   0x0000000000000fd7      0x180 ./main.o
 .debug_macro   0x0000000000001157       0x10 ./main.o
 .debug_macro   0x0000000000001167       0x22 ./main.o
 .debug_macro   0x0000000000001189       0xbd ./main.o
 .debug_macro   0x0000000000001246       0x16 ./main.o
 .debug_macro   0x000000000000125c      0x196 ./main.o
 .debug_macro   0x00000000000013f2       0x22 ./main.o

.stack          0x0000000000080000        0x0
                0x0000000000080000                _stack = .
 *(.stack)

.ARM.attributes
                0x0000000000000000       0x29
 *(.ARM.attributes)
 .ARM.attributes
                0x0000000000000000       0x1d /usr/lib/gcc/arm-none-eabi/5.2.0/armv7-m/crti.o
 .ARM.attributes
                0x000000000000001d       0x2d /usr/lib/gcc/arm-none-eabi/5.2.0/armv7-m/crtbegin.o
 .ARM.attributes
                0x000000000000004a       0x1b /usr/lib/gcc/arm-none-eabi/5.2.0/../../../../arm-none-eabi/lib/armv7-m/crt0.o
 .ARM.attributes
                0x0000000000000065       0x33 ./main.o
 .ARM.attributes
                0x0000000000000098       0x2d /usr/lib/gcc/arm-none-eabi/5.2.0/../../../../arm-none-eabi/lib/armv7-m/libg.a(lib_a-atexit.o)
 .ARM.attributes
                0x00000000000000c5       0x2d /usr/lib/gcc/arm-none-eabi/5.2.0/../../../../arm-none-eabi/lib/armv7-m/libg.a(lib_a-exit.o)
 .ARM.attributes
                0x00000000000000f2       0x2d /usr/lib/gcc/arm-none-eabi/5.2.0/../../../../arm-none-eabi/lib/armv7-m/libg.a(lib_a-fini.o)
 .ARM.attributes
                0x000000000000011f       0x2d /usr/lib/gcc/arm-none-eabi/5.2.0/../../../../arm-none-eabi/lib/armv7-m/libg.a(lib_a-impure.o)
 .ARM.attributes
                0x000000000000014c       0x2d /usr/lib/gcc/arm-none-eabi/5.2.0/../../../../arm-none-eabi/lib/armv7-m/libg.a(lib_a-init.o)
 .ARM.attributes
                0x0000000000000179       0x2d /usr/lib/gcc/arm-none-eabi/5.2.0/../../../../arm-none-eabi/lib/armv7-m/libg.a(lib_a-memset.o)
 .ARM.attributes
                0x00000000000001a6       0x2d /usr/lib/gcc/arm-none-eabi/5.2.0/../../../../arm-none-eabi/lib/armv7-m/libg.a(lib_a-puts.o)
 .ARM.attributes
                0x00000000000001d3       0x2d /usr/lib/gcc/arm-none-eabi/5.2.0/../../../../arm-none-eabi/lib/armv7-m/libg.a(lib_a-strlen.o)
 .ARM.attributes
                0x0000000000000200       0x2d /usr/lib/gcc/arm-none-eabi/5.2.0/../../../../arm-none-eabi/lib/armv7-m/libg.a(lib_a-__atexit.o)
 .ARM.attributes
                0x000000000000022d       0x2d /usr/lib/gcc/arm-none-eabi/5.2.0/../../../../arm-none-eabi/lib/armv7-m/libg.a(lib_a-__call_atexit.o)
 .ARM.attributes
                0x000000000000025a       0x2d /usr/lib/gcc/arm-none-eabi/5.2.0/../../../../arm-none-eabi/lib/armv7-m/libg.a(lib_a-fvwrite.o)
 .ARM.attributes
                0x0000000000000287       0x2d /usr/lib/gcc/arm-none-eabi/5.2.0/../../../../arm-none-eabi/lib/armv7-m/libg.a(lib_a-mallocr.o)
 .ARM.attributes
                0x00000000000002b4       0x2d /usr/lib/gcc/arm-none-eabi/5.2.0/../../../../arm-none-eabi/lib/armv7-m/libg.a(lib_a-memchr.o)
 .ARM.attributes
                0x00000000000002e1       0x1b /usr/lib/gcc/arm-none-eabi/5.2.0/../../../../arm-none-eabi/lib/armv7-m/libg.a(lib_a-memcpy.o)
 .ARM.attributes
                0x00000000000002fc       0x2d /usr/lib/gcc/arm-none-eabi/5.2.0/../../../../arm-none-eabi/lib/armv7-m/libg.a(lib_a-memmove.o)
 .ARM.attributes
                0x0000000000000329       0x2d /usr/lib/gcc/arm-none-eabi/5.2.0/../../../../arm-none-eabi/lib/armv7-m/libg.a(lib_a-mlock.o)
 .ARM.attributes
                0x0000000000000356       0x2d /usr/lib/gcc/arm-none-eabi/5.2.0/../../../../arm-none-eabi/lib/armv7-m/libg.a(lib_a-reallocr.o)
 .ARM.attributes
                0x0000000000000383       0x2d /usr/lib/gcc/arm-none-eabi/5.2.0/../../../../arm-none-eabi/lib/armv7-m/libg.a(lib_a-sbrkr.o)
 .ARM.attributes
                0x00000000000003b0       0x2d /usr/lib/gcc/arm-none-eabi/5.2.0/../../../../arm-none-eabi/lib/armv7-m/libg.a(lib_a-wsetup.o)
 .ARM.attributes
                0x00000000000003dd       0x2d /usr/lib/gcc/arm-none-eabi/5.2.0/../../../../arm-none-eabi/lib/armv7-m/libg.a(lib_a-fflush.o)
 .ARM.attributes
                0x000000000000040a       0x2d /usr/lib/gcc/arm-none-eabi/5.2.0/../../../../arm-none-eabi/lib/armv7-m/libg.a(lib_a-findfp.o)
 .ARM.attributes
                0x0000000000000437       0x2d /usr/lib/gcc/arm-none-eabi/5.2.0/../../../../arm-none-eabi/lib/armv7-m/libg.a(lib_a-freer.o)
 .ARM.attributes
                0x0000000000000464       0x2d /usr/lib/gcc/arm-none-eabi/5.2.0/../../../../arm-none-eabi/lib/armv7-m/libg.a(lib_a-fwalk.o)
 .ARM.attributes
                0x0000000000000491       0x2d /usr/lib/gcc/arm-none-eabi/5.2.0/../../../../arm-none-eabi/lib/armv7-m/libg.a(lib_a-makebuf.o)
 .ARM.attributes
                0x00000000000004be       0x2d /usr/lib/gcc/arm-none-eabi/5.2.0/../../../../arm-none-eabi/lib/armv7-m/libg.a(lib_a-reent.o)
 .ARM.attributes
                0x00000000000004eb       0x2d /usr/lib/gcc/arm-none-eabi/5.2.0/../../../../arm-none-eabi/lib/armv7-m/libg.a(lib_a-stdio.o)
 .ARM.attributes
                0x0000000000000518       0x2d /usr/lib/gcc/arm-none-eabi/5.2.0/../../../../arm-none-eabi/lib/armv7-m/libg.a(lib_a-writer.o)
 .ARM.attributes
                0x0000000000000545       0x2d /usr/lib/gcc/arm-none-eabi/5.2.0/../../../../arm-none-eabi/lib/armv7-m/libg.a(lib_a-closer.o)
 .ARM.attributes
                0x0000000000000572       0x2d /usr/lib/gcc/arm-none-eabi/5.2.0/../../../../arm-none-eabi/lib/armv7-m/libg.a(lib_a-fclose.o)
 .ARM.attributes
                0x000000000000059f       0x2d /usr/lib/gcc/arm-none-eabi/5.2.0/../../../../arm-none-eabi/lib/armv7-m/libg.a(lib_a-fstatr.o)
 .ARM.attributes
                0x00000000000005cc       0x2d /usr/lib/gcc/arm-none-eabi/5.2.0/../../../../arm-none-eabi/lib/armv7-m/libg.a(lib_a-isattyr.o)
 .ARM.attributes
                0x00000000000005f9       0x2d /usr/lib/gcc/arm-none-eabi/5.2.0/../../../../arm-none-eabi/lib/armv7-m/libg.a(lib_a-lseekr.o)
 .ARM.attributes
                0x0000000000000626       0x2d /usr/lib/gcc/arm-none-eabi/5.2.0/../../../../arm-none-eabi/lib/armv7-m/libg.a(lib_a-readr.o)
 .ARM.attributes
                0x0000000000000653       0x2d /usr/lib/gcc/arm-none-eabi/5.2.0/armv7-m/crtend.o
 .ARM.attributes
                0x0000000000000680       0x1d /usr/lib/gcc/arm-none-eabi/5.2.0/armv7-m/crtn.o
 *(.gnu.attributes)

.note.gnu.arm.ident
 *(.note.gnu.arm.ident)

/DISCARD/
 *(.note.GNU-stack)
 *(.gnu_debuglink)
 *(.gnu.lto_*)
OUTPUT(tp.04.elf elf32-littlearm)
